Archive member included to satisfy reference by file (symbol)

c:/program files (x86)/atollic/truestudio for stm32 9.0.1/armtools/bin/../lib/gcc/arm-atollic-eabi/6.3.1/../../../../arm-atollic-eabi/lib/armv7e-m/fpu\libc_nano.a(lib_a-atoi.o)
                              Src\main.o (atoi)
c:/program files (x86)/atollic/truestudio for stm32 9.0.1/armtools/bin/../lib/gcc/arm-atollic-eabi/6.3.1/../../../../arm-atollic-eabi/lib/armv7e-m/fpu\libc_nano.a(lib_a-init.o)
                              startup\startup_stm32f411xe.o (__libc_init_array)
c:/program files (x86)/atollic/truestudio for stm32 9.0.1/armtools/bin/../lib/gcc/arm-atollic-eabi/6.3.1/../../../../arm-atollic-eabi/lib/armv7e-m/fpu\libc_nano.a(lib_a-malloc.o)
                              Middlewares\ST\STM32_USB_Device_Library\Class\CDC\Src\usbd_cdc.o (malloc)
c:/program files (x86)/atollic/truestudio for stm32 9.0.1/armtools/bin/../lib/gcc/arm-atollic-eabi/6.3.1/../../../../arm-atollic-eabi/lib/armv7e-m/fpu\libc_nano.a(lib_a-memcpy-stub.o)
                              Src\usbd_cdc_if.o (memcpy)
c:/program files (x86)/atollic/truestudio for stm32 9.0.1/armtools/bin/../lib/gcc/arm-atollic-eabi/6.3.1/../../../../arm-atollic-eabi/lib/armv7e-m/fpu\libc_nano.a(lib_a-nano-freer.o)
                              c:/program files (x86)/atollic/truestudio for stm32 9.0.1/armtools/bin/../lib/gcc/arm-atollic-eabi/6.3.1/../../../../arm-atollic-eabi/lib/armv7e-m/fpu\libc_nano.a(lib_a-malloc.o) (_free_r)
c:/program files (x86)/atollic/truestudio for stm32 9.0.1/armtools/bin/../lib/gcc/arm-atollic-eabi/6.3.1/../../../../arm-atollic-eabi/lib/armv7e-m/fpu\libc_nano.a(lib_a-nano-mallocr.o)
                              c:/program files (x86)/atollic/truestudio for stm32 9.0.1/armtools/bin/../lib/gcc/arm-atollic-eabi/6.3.1/../../../../arm-atollic-eabi/lib/armv7e-m/fpu\libc_nano.a(lib_a-malloc.o) (_malloc_r)
c:/program files (x86)/atollic/truestudio for stm32 9.0.1/armtools/bin/../lib/gcc/arm-atollic-eabi/6.3.1/../../../../arm-atollic-eabi/lib/armv7e-m/fpu\libc_nano.a(lib_a-sbrkr.o)
                              c:/program files (x86)/atollic/truestudio for stm32 9.0.1/armtools/bin/../lib/gcc/arm-atollic-eabi/6.3.1/../../../../arm-atollic-eabi/lib/armv7e-m/fpu\libc_nano.a(lib_a-nano-mallocr.o) (_sbrk_r)
c:/program files (x86)/atollic/truestudio for stm32 9.0.1/armtools/bin/../lib/gcc/arm-atollic-eabi/6.3.1/../../../../arm-atollic-eabi/lib/armv7e-m/fpu\libc_nano.a(lib_a-strlen.o)
                              Src\main.o (strlen)
c:/program files (x86)/atollic/truestudio for stm32 9.0.1/armtools/bin/../lib/gcc/arm-atollic-eabi/6.3.1/../../../../arm-atollic-eabi/lib/armv7e-m/fpu\libc_nano.a(lib_a-strtol.o)
                              c:/program files (x86)/atollic/truestudio for stm32 9.0.1/armtools/bin/../lib/gcc/arm-atollic-eabi/6.3.1/../../../../arm-atollic-eabi/lib/armv7e-m/fpu\libc_nano.a(lib_a-atoi.o) (_strtol_r)
c:/program files (x86)/atollic/truestudio for stm32 9.0.1/armtools/bin/../lib/gcc/arm-atollic-eabi/6.3.1/../../../../arm-atollic-eabi/lib/armv7e-m/fpu\libc_nano.a(lib_a-vsprintf.o)
                              Src\main.o (vsprintf)
c:/program files (x86)/atollic/truestudio for stm32 9.0.1/armtools/bin/../lib/gcc/arm-atollic-eabi/6.3.1/../../../../arm-atollic-eabi/lib/armv7e-m/fpu\libc_nano.a(lib_a-impure.o)
                              c:/program files (x86)/atollic/truestudio for stm32 9.0.1/armtools/bin/../lib/gcc/arm-atollic-eabi/6.3.1/../../../../arm-atollic-eabi/lib/armv7e-m/fpu\libc_nano.a(lib_a-malloc.o) (_impure_ptr)
c:/program files (x86)/atollic/truestudio for stm32 9.0.1/armtools/bin/../lib/gcc/arm-atollic-eabi/6.3.1/../../../../arm-atollic-eabi/lib/armv7e-m/fpu\libc_nano.a(lib_a-locale.o)
                              c:/program files (x86)/atollic/truestudio for stm32 9.0.1/armtools/bin/../lib/gcc/arm-atollic-eabi/6.3.1/../../../../arm-atollic-eabi/lib/armv7e-m/fpu\libc_nano.a(lib_a-strtol.o) (__locale_ctype_ptr_l)
c:/program files (x86)/atollic/truestudio for stm32 9.0.1/armtools/bin/../lib/gcc/arm-atollic-eabi/6.3.1/../../../../arm-atollic-eabi/lib/armv7e-m/fpu\libc_nano.a(lib_a-mbtowc_r.o)
                              c:/program files (x86)/atollic/truestudio for stm32 9.0.1/armtools/bin/../lib/gcc/arm-atollic-eabi/6.3.1/../../../../arm-atollic-eabi/lib/armv7e-m/fpu\libc_nano.a(lib_a-locale.o) (__ascii_mbtowc)
c:/program files (x86)/atollic/truestudio for stm32 9.0.1/armtools/bin/../lib/gcc/arm-atollic-eabi/6.3.1/../../../../arm-atollic-eabi/lib/armv7e-m/fpu\libc_nano.a(lib_a-mlock.o)
                              c:/program files (x86)/atollic/truestudio for stm32 9.0.1/armtools/bin/../lib/gcc/arm-atollic-eabi/6.3.1/../../../../arm-atollic-eabi/lib/armv7e-m/fpu\libc_nano.a(lib_a-nano-freer.o) (__malloc_lock)
c:/program files (x86)/atollic/truestudio for stm32 9.0.1/armtools/bin/../lib/gcc/arm-atollic-eabi/6.3.1/../../../../arm-atollic-eabi/lib/armv7e-m/fpu\libc_nano.a(lib_a-nano-svfprintf.o)
[...]
Memory Configuration

Name             Origin             Length             Attributes
RAM              0x20000000         0x00020000         xrw
FLASH            0x08000000         0x00080000         xr
*default*        0x00000000         0xffffffff

Linker script and memory map

LOAD c:/program files (x86)/atollic/truestudio for stm32 9.0.1/armtools/bin/../lib/gcc/arm-atollic-eabi/6.3.1/armv7e-m/fpu/crti.o
LOAD c:/program files (x86)/atollic/truestudio for stm32 9.0.1/armtools/bin/../lib/gcc/arm-atollic-eabi/6.3.1/armv7e-m/fpu/crtbegin.o
LOAD Drivers\BSP\Components\cs43l22\cs43l22.o
LOAD Drivers\BSP\Components\exc7200\exc7200.o
LOAD Drivers\BSP\Components\ft6x06\ft6x06.o
LOAD Drivers\BSP\Components\ili9325\ili9325.o
LOAD Drivers\BSP\Components\ili9341\ili9341.o
LOAD Drivers\BSP\Components\l3gd20\l3gd20.o
LOAD Drivers\BSP\Components\lis302dl\lis302dl.o
LOAD Drivers\BSP\Components\lis3dsh\lis3dsh.o
LOAD Drivers\BSP\Components\ls016b8uy\ls016b8uy.o
LOAD Drivers\BSP\Components\lsm303dlhc\lsm303dlhc.o
LOAD Drivers\BSP\Components\mfxstm32l152\mfxstm32l152.o
LOAD Drivers\BSP\Components\otm8009a\otm8009a.o
LOAD Drivers\BSP\Components\ov2640\ov2640.o
LOAD Drivers\BSP\Components\s5k5cag\s5k5cag.o
LOAD Drivers\BSP\Components\st7735\st7735.o
LOAD Drivers\BSP\Components\st7789h2\st7789h2.o
LOAD Drivers\BSP\Components\stmpe1600\stmpe1600.o
LOAD Drivers\BSP\Components\stmpe811\stmpe811.o
LOAD Drivers\BSP\Components\ts3510\ts3510.o
LOAD Drivers\BSP\Components\wm8994\wm8994.o
LOAD Drivers\BSP\STM32F411E-Discovery\stm32f411e_discovery.o
LOAD Drivers\BSP\STM32F411E-Discovery\stm32f411e_discovery_accelerometer.o
LOAD Drivers\BSP\STM32F411E-Discovery\stm32f411e_discovery_gyroscope.o
LOAD Drivers\STM32F4xx_HAL_Driver\Src\stm32f4xx_hal.o
LOAD Drivers\STM32F4xx_HAL_Driver\Src\stm32f4xx_hal_adc.o
LOAD Drivers\STM32F4xx_HAL_Driver\Src\stm32f4xx_hal_adc_ex.o
LOAD Drivers\STM32F4xx_HAL_Driver\Src\stm32f4xx_hal_cortex.o
LOAD Drivers\STM32F4xx_HAL_Driver\Src\stm32f4xx_hal_dma.o
LOAD Drivers\STM32F4xx_HAL_Driver\Src\stm32f4xx_hal_dma_ex.o
LOAD Drivers\STM32F4xx_HAL_Driver\Src\stm32f4xx_hal_flash.o
LOAD Drivers\STM32F4xx_HAL_Driver\Src\stm32f4xx_hal_flash_ex.o
LOAD Drivers\STM32F4xx_HAL_Driver\Src\stm32f4xx_hal_flash_ramfunc.o
LOAD Drivers\STM32F4xx_HAL_Driver\Src\stm32f4xx_hal_gpio.o
LOAD Drivers\STM32F4xx_HAL_Driver\Src\stm32f4xx_hal_i2c.o
LOAD Drivers\STM32F4xx_HAL_Driver\Src\stm32f4xx_hal_i2c_ex.o
LOAD Drivers\STM32F4xx_HAL_Driver\Src\stm32f4xx_hal_i2s.o
LOAD Drivers\STM32F4xx_HAL_Driver\Src\stm32f4xx_hal_i2s_ex.o
LOAD Drivers\STM32F4xx_HAL_Driver\Src\stm32f4xx_hal_pcd.o
LOAD Drivers\STM32F4xx_HAL_Driver\Src\stm32f4xx_hal_pcd_ex.o
LOAD Drivers\STM32F4xx_HAL_Driver\Src\stm32f4xx_hal_pwr.o
LOAD Drivers\STM32F4xx_HAL_Driver\Src\stm32f4xx_hal_pwr_ex.o
LOAD Drivers\STM32F4xx_HAL_Driver\Src\stm32f4xx_hal_rcc.o
LOAD Drivers\STM32F4xx_HAL_Driver\Src\stm32f4xx_hal_rcc_ex.o
LOAD Drivers\STM32F4xx_HAL_Driver\Src\stm32f4xx_hal_spi.o
LOAD Drivers\STM32F4xx_HAL_Driver\Src\stm32f4xx_hal_tim.o
LOAD Drivers\STM32F4xx_HAL_Driver\Src\stm32f4xx_hal_tim_ex.o
LOAD Drivers\STM32F4xx_HAL_Driver\Src\stm32f4xx_ll_usb.o
LOAD Middlewares\ST\STM32_USB_Device_Library\Class\CDC\Src\usbd_cdc.o
LOAD Middlewares\ST\STM32_USB_Device_Library\Core\Src\usbd_core.o
LOAD Middlewares\ST\STM32_USB_Device_Library\Core\Src\usbd_ctlreq.o
LOAD Middlewares\ST\STM32_USB_Device_Library\Core\Src\usbd_ioreq.o
LOAD Src\PID_v1.o
LOAD Src\adc.o
LOAD Src\gpio.o
LOAD Src\i2c.o
LOAD Src\i2s.o
LOAD Src\main.o
LOAD Src\spi.o
LOAD Src\stm32f4xx_hal_msp.o
LOAD Src\stm32f4xx_hal_timebase_TIM.o
LOAD Src\stm32f4xx_it.o
LOAD Src\system_stm32f4xx.o
LOAD Src\tim.o
LOAD Src\usb_device.o
LOAD Src\usbd_cdc_if.o
LOAD Src\usbd_conf.o
LOAD Src\usbd_desc.o
LOAD startup\startup_stm32f411xe.o
                0x00000080                malloc_getpagesize_P = 0x80
START GROUP
LOAD c:/program files (x86)/atollic/truestudio for stm32 9.0.1/armtools/bin/../lib/gcc/arm-atollic-eabi/6.3.1/../../../../arm-atollic-eabi/lib/armv7e-m/fpu\libc_nano.a
LOAD c:/program files (x86)/atollic/truestudio for stm32 9.0.1/armtools/bin/../lib/gcc/arm-atollic-eabi/6.3.1/../../../../arm-atollic-eabi/lib/armv7e-m/fpu\libm.a
END GROUP
START GROUP
LOAD c:/program files (x86)/atollic/truestudio for stm32 9.0.1/armtools/bin/../lib/gcc/arm-atollic-eabi/6.3.1/armv7e-m/fpu\libgcc.a
LOAD c:/program files (x86)/atollic/truestudio for stm32 9.0.1/armtools/bin/../lib/gcc/arm-atollic-eabi/6.3.1/../../../../arm-atollic-eabi/lib/armv7e-m/fpu\libc_nano.a
END GROUP
START GROUP
LOAD c:/program files (x86)/atollic/truestudio for stm32 9.0.1/armtools/bin/../lib/gcc/arm-atollic-eabi/6.3.1/armv7e-m/fpu\libgcc.a
LOAD c:/program files (x86)/atollic/truestudio for stm32 9.0.1/armtools/bin/../lib/gcc/arm-atollic-eabi/6.3.1/../../../../arm-atollic-eabi/lib/armv7e-m/fpu\libc_nano.a
LOAD c:/program files (x86)/atollic/truestudio for stm32 9.0.1/armtools/bin/../lib/gcc/arm-atollic-eabi/6.3.1/../../../../arm-atollic-eabi/lib/armv7e-m/fpu\libnosys.a
END GROUP
START GROUP
LOAD c:/program files (x86)/atollic/truestudio for stm32 9.0.1/armtools/bin/../lib/gcc/arm-atollic-eabi/6.3.1/armv7e-m/fpu\libgcc.a
LOAD c:/program files (x86)/atollic/truestudio for stm32 9.0.1/armtools/bin/../lib/gcc/arm-atollic-eabi/6.3.1/../../../../arm-atollic-eabi/lib/armv7e-m/fpu\libc_nano.a
LOAD c:/program files (x86)/atollic/truestudio for stm32 9.0.1/armtools/bin/../lib/gcc/arm-atollic-eabi/6.3.1/../../../../arm-atollic-eabi/lib/armv7e-m/fpu\libnosys.a
END GROUP
LOAD c:/program files (x86)/atollic/truestudio for stm32 9.0.1/armtools/bin/../lib/gcc/arm-atollic-eabi/6.3.1/armv7e-m/fpu/crtend.o
LOAD c:/program files (x86)/atollic/truestudio for stm32 9.0.1/armtools/bin/../lib/gcc/arm-atollic-eabi/6.3.1/armv7e-m/fpu/crtn.o
                0x20020000                _estack = 0x20020000
                0x00000200                _Min_Heap_Size = 0x200
                0x00000400                _Min_Stack_Size = 0x400

.isr_vector     0x08000000      0x198
                0x08000000                . = ALIGN (0x4)
 *(.isr_vector)
 .isr_vector    0x08000000      0x198 startup\startup_stm32f411xe.o
                0x08000000                g_pfnVectors
                0x08000198                . = ALIGN (0x4)

.text           0x080001a0     0x6b88
                0x080001a0                . = ALIGN (0x4)
 *(.text)
 .text          0x080001a0       0x40 c:/program files (x86)/atollic/truestudio for stm32 9.0.1/armtools/bin/../lib/gcc/arm-atollic-eabi/6.3.1/armv7e-m/fpu/crtbegin.o
 .text          0x080001e0       0x10 c:/program files (x86)/atollic/truestudio for stm32 9.0.1/armtools/bin/../lib/gcc/arm-atollic-eabi/6.3.1/../../../../arm-atollic-eabi/lib/armv7e-m/fpu\libc_nano.a(lib_a-strlen.o)
                0x080001e0                strlen
 .text          0x080001f0       0xa0 c:/program files (x86)/atollic/truestudio for stm32 9.0.1/armtools/bin/../lib/gcc/arm-atollic-eabi/6.3.1/../../../../arm-atollic-eabi/lib/armv7e-m/fpu\libc_nano.a(lib_a-memchr.o)
                0x080001f0                memchr
 .text          0x08000290      0x370 c:/program files (x86)/atollic/truestudio for stm32 9.0.1/armtools/bin/../lib/gcc/arm-atollic-eabi/6.3.1/armv7e-m/fpu\libgcc.a(_arm_addsubdf3.o)
                0x08000290                __aeabi_drsub
                0x08000298                __aeabi_dsub
                0x08000298                __subdf3
                0x0800029c                __aeabi_dadd
                0x0800029c                __adddf3
                0x08000514                __floatunsidf
                0x08000514                __aeabi_ui2d
                0x08000534                __floatsidf
                0x08000534                __aeabi_i2d
                0x08000558                __aeabi_f2d
                0x08000558                __extendsfdf2
                0x08000594                __floatundidf
                0x08000594                __aeabi_ul2d
                0x080005a4                __floatdidf
                0x080005a4                __aeabi_l2d
 .text          0x08000600      0x424 c:/program files (x86)/atollic/truestudio for stm32 9.0.1/armtools/bin/../lib/gcc/arm-atollic-eabi/6.3.1/armv7e-m/fpu\libgcc.a(_arm_muldivdf3.o)
                0x08000600                __aeabi_dmul
                0x08000600                __muldf3
                0x08000854                __divdf3
                0x08000854                __aeabi_ddiv
 .text          0x08000a24      0x110 c:/program files (x86)/atollic/truestudio for stm32 9.0.1/armtools/bin/../lib/gcc/arm-atollic-eabi/6.3.1/armv7e-m/fpu\libgcc.a(_arm_cmpdf2.o)
                0x08000a24                __gtdf2
                0x08000a24                __gedf2
                0x08000a2c                __ltdf2
                0x08000a2c                __ledf2
                0x08000a34                __nedf2
                0x08000a34                __eqdf2
                0x08000a34                __cmpdf2
                0x08000ab0                __aeabi_cdrcmple
                0x08000ac0                __aeabi_cdcmpeq
                0x08000ac0                __aeabi_cdcmple
                0x08000ad0                __aeabi_dcmpeq
                0x08000ae4                __aeabi_dcmplt
                0x08000af8                __aeabi_dcmple
                0x08000b0c                __aeabi_dcmpge
                0x08000b20                __aeabi_dcmpgt
 .text          0x08000b34       0x2c c:/program files (x86)/atollic/truestudio for stm32 9.0.1/armtools/bin/../lib/gcc/arm-atollic-eabi/6.3.1/armv7e-m/fpu\libgcc.a(_arm_unorddf2.o)
                0x08000b34                __unorddf2
                0x08000b34                __aeabi_dcmpun
 .text          0x08000b60       0x50 c:/program files (x86)/atollic/truestudio for stm32 9.0.1/armtools/bin/../lib/gcc/arm-atollic-eabi/6.3.1/armv7e-m/fpu\libgcc.a(_arm_fixdfsi.o)
                0x08000b60                __aeabi_d2iz
                0x08000b60                __fixdfsi
 .text          0x08000bb0       0x30 c:/program files (x86)/atollic/truestudio for stm32 9.0.1/armtools/bin/../lib/gcc/arm-atollic-eabi/6.3.1/armv7e-m/fpu\libgcc.a(_aeabi_uldivmod.o)
                0x08000bb0                __aeabi_uldivmod
 .text          0x08000be0      0x2dc c:/program files (x86)/atollic/truestudio for stm32 9.0.1/armtools/bin/../lib/gcc/arm-atollic-eabi/6.3.1/armv7e-m/fpu\libgcc.a(_udivmoddi4.o)
                0x08000be0                __udivmoddi4
 .text          0x08000ebc        0x4 c:/program files (x86)/atollic/truestudio for stm32 9.0.1/armtools/bin/../lib/gcc/arm-atollic-eabi/6.3.1/armv7e-m/fpu\libgcc.a(_dvmd_tls.o)
                0x08000ebc                __aeabi_idiv0
                0x08000ebc                __aeabi_ldiv0
 *(.text*)
 .text.LSM303DLHC_AccDeInit
                0x08000ec0        0x2 Drivers\BSP\Components\lsm303dlhc\lsm303dlhc.o
                0x08000ec0                LSM303DLHC_AccDeInit
 .text.LSM303DLHC_AccInit
                0x08000ec2       0x20 Drivers\BSP\Components\lsm303dlhc\lsm303dlhc.o
                0x08000ec2                LSM303DLHC_AccInit
 .text.LSM303DLHC_AccReadID
                0x08000ee2       0x12 Drivers\BSP\Components\lsm303dlhc\lsm303dlhc.o
                0x08000ee2                LSM303DLHC_AccReadID
 .text.LSM303DLHC_AccRebootCmd
                0x08000ef4       0x1c Drivers\BSP\Components\lsm303dlhc\lsm303dlhc.o
                0x08000ef4                LSM303DLHC_AccRebootCmd
 .text.LSM303DLHC_AccFilterConfig
                0x08000f10       0x1e Drivers\BSP\Components\lsm303dlhc\lsm303dlhc.o
                0x08000f10                LSM303DLHC_AccFilterConfig
 .text.LSM303DLHC_AccFilterCmd
                0x08000f2e       0x1e Drivers\BSP\Components\lsm303dlhc\lsm303dlhc.o
                0x08000f2e                LSM303DLHC_AccFilterCmd
 .text.LSM303DLHC_AccReadXYZ
                0x08000f4c       0xce Drivers\BSP\Components\lsm303dlhc\lsm303dlhc.o
                0x08000f4c                LSM303DLHC_AccReadXYZ
 .text.LSM303DLHC_AccFilterClickCmd
                0x0800101a       0x1e Drivers\BSP\Components\lsm303dlhc\lsm303dlhc.o
                0x0800101a                LSM303DLHC_AccFilterClickCmd
 .text.LSM303DLHC_AccIT1Enable
                0x08001038       0x1e Drivers\BSP\Components\lsm303dlhc\lsm303dlhc.o
                0x08001038                LSM303DLHC_AccIT1Enable
 .text.LSM303DLHC_AccClickITEnable
                0x08001056       0x46 Drivers\BSP\Components\lsm303dlhc\lsm303dlhc.o
                0x08001056                LSM303DLHC_AccClickITEnable
 .text.LSM303DLHC_AccZClickITConfig
                0x0800109c       0x1c Drivers\BSP\Components\lsm303dlhc\lsm303dlhc.o
                0x0800109c                LSM303DLHC_AccZClickITConfig
 .text.I2Cx_Init
                0x080010b8       0xc4 Drivers\BSP\STM32F411E-Discovery\stm32f411e_discovery.o
 .text.I2Cx_ReadData
                0x0800117c       0x40 Drivers\BSP\STM32F411E-Discovery\stm32f411e_discovery.o
 .text.I2Cx_WriteData
                0x080011bc       0x38 Drivers\BSP\STM32F411E-Discovery\stm32f411e_discovery.o
 .text.COMPASSACCELERO_IO_Init
                0x080011f4       0x44 Drivers\BSP\STM32F411E-Discovery\stm32f411e_discovery.o
                0x080011f4                COMPASSACCELERO_IO_Init
 .text.COMPASSACCELERO_IO_ITConfig
                0x08001238       0x54 Drivers\BSP\STM32F411E-Discovery\stm32f411e_discovery.o
                0x08001238                COMPASSACCELERO_IO_ITConfig
 .text.COMPASSACCELERO_IO_Write
                0x0800128c        0x4 Drivers\BSP\STM32F411E-Discovery\stm32f411e_discovery.o
                0x0800128c                COMPASSACCELERO_IO_Write
 .text.COMPASSACCELERO_IO_Read
                0x08001290        0x4 Drivers\BSP\STM32F411E-Discovery\stm32f411e_discovery.o
                0x08001290                COMPASSACCELERO_IO_Read
 .text.BSP_ACCELERO_Init
                0x08001294       0x30 Drivers\BSP\STM32F411E-Discovery\stm32f411e_discovery_accelerometer.o
                0x08001294                BSP_ACCELERO_Init
 .text.BSP_ACCELERO_GetXYZ
                0x080012c4       0x2c Drivers\BSP\STM32F411E-Discovery\stm32f411e_discovery_accelerometer.o
                0x080012c4                BSP_ACCELERO_GetXYZ
 .text.HAL_Init
                0x080012f0       0x34 Drivers\STM32F4xx_HAL_Driver\Src\stm32f4xx_hal.o
                0x080012f0                HAL_Init
 .text.HAL_IncTick
                0x08001324       0x18 Drivers\STM32F4xx_HAL_Driver\Src\stm32f4xx_hal.o
                0x08001324                HAL_IncTick
 .text.HAL_GetTick
                0x0800133c        0xc Drivers\STM32F4xx_HAL_Driver\Src\stm32f4xx_hal.o
                0x0800133c                HAL_GetTick
 .text.HAL_Delay
                0x08001348       0x28 Drivers\STM32F4xx_HAL_Driver\Src\stm32f4xx_hal.o
                0x08001348                HAL_Delay
 .text.HAL_ADC_Init
                0x08001370      0x148 Drivers\STM32F4xx_HAL_Driver\Src\stm32f4xx_hal_adc.o
                0x08001370                HAL_ADC_Init
 .text.HAL_ADC_Start
                0x080014b8       0xc0 Drivers\STM32F4xx_HAL_Driver\Src\stm32f4xx_hal_adc.o
                0x080014b8                HAL_ADC_Start
 .text.HAL_ADC_Stop
                0x08001578       0x3c Drivers\STM32F4xx_HAL_Driver\Src\stm32f4xx_hal_adc.o
                0x08001578                HAL_ADC_Stop
 .text.HAL_ADC_PollForConversion
                0x080015b4       0xa0 Drivers\STM32F4xx_HAL_Driver\Src\stm32f4xx_hal_adc.o
                0x080015b4                HAL_ADC_PollForConversion
 .text.HAL_ADC_GetValue
                0x08001654        0x6 Drivers\STM32F4xx_HAL_Driver\Src\stm32f4xx_hal_adc.o
                0x08001654                HAL_ADC_GetValue
 *fill*         0x0800165a        0x2 
 .text.HAL_ADC_ConfigChannel
                0x0800165c      0x130 Drivers\STM32F4xx_HAL_Driver\Src\stm32f4xx_hal_adc.o
                0x0800165c                HAL_ADC_ConfigChannel
 .text.HAL_NVIC_SetPriorityGrouping
                0x0800178c       0x24 Drivers\STM32F4xx_HAL_Driver\Src\stm32f4xx_hal_cortex.o
                0x0800178c                HAL_NVIC_SetPriorityGrouping
 .text.HAL_NVIC_SetPriority
                0x080017b0       0x68 Drivers\STM32F4xx_HAL_Driver\Src\stm32f4xx_hal_cortex.o
                0x080017b0                HAL_NVIC_SetPriority
 .text.HAL_NVIC_EnableIRQ
                0x08001818       0x18 Drivers\STM32F4xx_HAL_Driver\Src\stm32f4xx_hal_cortex.o
                0x08001818                HAL_NVIC_EnableIRQ
 .text.HAL_SYSTICK_Config
                0x08001830       0x2c Drivers\STM32F4xx_HAL_Driver\Src\stm32f4xx_hal_cortex.o
                0x08001830                HAL_SYSTICK_Config
 .text.HAL_SYSTICK_CLKSourceConfig
                0x0800185c       0x18 Drivers\STM32F4xx_HAL_Driver\Src\stm32f4xx_hal_cortex.o
                0x0800185c                HAL_SYSTICK_CLKSourceConfig
 .text.HAL_SYSTICK_Callback
                0x08001874        0x2 Drivers\STM32F4xx_HAL_Driver\Src\stm32f4xx_hal_cortex.o
                0x08001874                HAL_SYSTICK_Callback
 .text.HAL_SYSTICK_IRQHandler
                0x08001876        0x8 Drivers\STM32F4xx_HAL_Driver\Src\stm32f4xx_hal_cortex.o
                0x08001876                HAL_SYSTICK_IRQHandler
 *fill*         0x0800187e        0x2 
 .text.HAL_GPIO_Init
                0x08001880      0x1ac Drivers\STM32F4xx_HAL_Driver\Src\stm32f4xx_hal_gpio.o
                0x08001880                HAL_GPIO_Init
 .text.HAL_GPIO_DeInit
                0x08001a2c       0xec Drivers\STM32F4xx_HAL_Driver\Src\stm32f4xx_hal_gpio.o
                0x08001a2c                HAL_GPIO_DeInit
 .text.HAL_GPIO_WritePin
                0x08001b18        0xa Drivers\STM32F4xx_HAL_Driver\Src\stm32f4xx_hal_gpio.o
                0x08001b18                HAL_GPIO_WritePin
 .text.I2C_IsAcknowledgeFailed
                0x08001b22       0x2a Drivers\STM32F4xx_HAL_Driver\Src\stm32f4xx_hal_i2c.o
 .text.I2C_WaitOnMasterAddressFlagUntilTimeout
                0x08001b4c       0x80 Drivers\STM32F4xx_HAL_Driver\Src\stm32f4xx_hal_i2c.o
 .text.I2C_WaitOnFlagUntilTimeout
                0x08001bcc       0x5c Drivers\STM32F4xx_HAL_Driver\Src\stm32f4xx_hal_i2c.o
 .text.I2C_WaitOnTXEFlagUntilTimeout
                0x08001c28       0x4c Drivers\STM32F4xx_HAL_Driver\Src\stm32f4xx_hal_i2c.o
 .text.I2C_RequestMemoryWrite
                0x08001c74       0xa4 Drivers\STM32F4xx_HAL_Driver\Src\stm32f4xx_hal_i2c.o
 .text.I2C_RequestMemoryRead
                0x08001d18       0xf4 Drivers\STM32F4xx_HAL_Driver\Src\stm32f4xx_hal_i2c.o
 .text.I2C_WaitOnRXNEFlagUntilTimeout
                0x08001e0c       0x5a Drivers\STM32F4xx_HAL_Driver\Src\stm32f4xx_hal_i2c.o
 .text.I2C_WaitOnBTFFlagUntilTimeout
                0x08001e66       0x4c Drivers\STM32F4xx_HAL_Driver\Src\stm32f4xx_hal_i2c.o
 *fill*         0x08001eb2        0x2 
 .text.HAL_I2C_Init
                0x08001eb4       0xdc Drivers\STM32F4xx_HAL_Driver\Src\stm32f4xx_hal_i2c.o
                0x08001eb4                HAL_I2C_Init
 .text.HAL_I2C_DeInit
                0x08001f90       0x32 Drivers\STM32F4xx_HAL_Driver\Src\stm32f4xx_hal_i2c.o
                0x08001f90                HAL_I2C_DeInit
 *fill*         0x08001fc2        0x2 
 .text.HAL_I2C_Mem_Write
                0x08001fc4      0x12c Drivers\STM32F4xx_HAL_Driver\Src\stm32f4xx_hal_i2c.o
                0x08001fc4                HAL_I2C_Mem_Write
 .text.HAL_I2C_Mem_Read
                0x080020f0      0x220 Drivers\STM32F4xx_HAL_Driver\Src\stm32f4xx_hal_i2c.o
                0x080020f0                HAL_I2C_Mem_Read
 .text.HAL_I2C_GetState
                0x08002310        0x6 Drivers\STM32F4xx_HAL_Driver\Src\stm32f4xx_hal_i2c.o
                0x08002310                HAL_I2C_GetState
 .text.HAL_I2S_TxCpltCallback
                0x08002316        0x2 Drivers\STM32F4xx_HAL_Driver\Src\stm32f4xx_hal_i2s.o
                0x08002316                HAL_I2S_TxCpltCallback
 .text.HAL_I2S_RxCpltCallback
                0x08002318        0x2 Drivers\STM32F4xx_HAL_Driver\Src\stm32f4xx_hal_i2s.o
                0x08002318                HAL_I2S_RxCpltCallback
 .text.HAL_I2S_ErrorCallback
                0x0800231a        0x2 Drivers\STM32F4xx_HAL_Driver\Src\stm32f4xx_hal_i2s.o
                0x0800231a                HAL_I2S_ErrorCallback
 .text.HAL_I2S_Init
                0x0800231c      0x120 Drivers\STM32F4xx_HAL_Driver\Src\stm32f4xx_hal_i2s.o
                0x0800231c                HAL_I2S_Init
 .text.I2S_IRQHandler
                0x0800243c      0x10a Drivers\STM32F4xx_HAL_Driver\Src\stm32f4xx_hal_i2s.o
 .text.HAL_I2SEx_TxRxCpltCallback
                0x08002546        0x2 Drivers\STM32F4xx_HAL_Driver\Src\stm32f4xx_hal_i2s_ex.o
                0x08002546                HAL_I2SEx_TxRxCpltCallback
 .text.HAL_I2SEx_FullDuplex_IRQHandler
                0x08002548      0x258 Drivers\STM32F4xx_HAL_Driver\Src\stm32f4xx_hal_i2s_ex.o
                0x08002548                HAL_I2SEx_FullDuplex_IRQHandler
 .text.HAL_PCD_Init
                0x080027a0       0xd8 Drivers\STM32F4xx_HAL_Driver\Src\stm32f4xx_hal_pcd.o
                0x080027a0                HAL_PCD_Init
 .text.HAL_PCD_Start
                0x08002878       0x2a Drivers\STM32F4xx_HAL_Driver\Src\stm32f4xx_hal_pcd.o
                0x08002878                HAL_PCD_Start
 *fill*         0x080028a2        0x2 
 .text.HAL_PCD_IRQHandler
                0x080028a4      0x558 Drivers\STM32F4xx_HAL_Driver\Src\stm32f4xx_hal_pcd.o
                0x080028a4                HAL_PCD_IRQHandler
 .text.HAL_PCD_SetAddress
                0x08002dfc       0x24 Drivers\STM32F4xx_HAL_Driver\Src\stm32f4xx_hal_pcd.o
                0x08002dfc                HAL_PCD_SetAddress
 .text.HAL_PCD_EP_Open
                0x08002e20       0x5c Drivers\STM32F4xx_HAL_Driver\Src\stm32f4xx_hal_pcd.o
                0x08002e20                HAL_PCD_EP_Open
 .text.HAL_PCD_EP_Close
                0x08002e7c       0x46 Drivers\STM32F4xx_HAL_Driver\Src\stm32f4xx_hal_pcd.o
                0x08002e7c                HAL_PCD_EP_Close
 .text.HAL_PCD_EP_Receive
                0x08002ec2       0x48 Drivers\STM32F4xx_HAL_Driver\Src\stm32f4xx_hal_pcd.o
                0x08002ec2                HAL_PCD_EP_Receive
 .text.HAL_PCD_EP_GetRxCount
                0x08002f0a       0x10 Drivers\STM32F4xx_HAL_Driver\Src\stm32f4xx_hal_pcd.o
                0x08002f0a                HAL_PCD_EP_GetRxCount
 .text.HAL_PCD_EP_Transmit
                0x08002f1a       0x40 Drivers\STM32F4xx_HAL_Driver\Src\stm32f4xx_hal_pcd.o
                0x08002f1a                HAL_PCD_EP_Transmit
 .text.HAL_PCD_EP_SetStall
                0x08002f5a       0x58 Drivers\STM32F4xx_HAL_Driver\Src\stm32f4xx_hal_pcd.o
                0x08002f5a                HAL_PCD_EP_SetStall
 .text.HAL_PCD_EP_ClrStall
                0x08002fb2       0x4a Drivers\STM32F4xx_HAL_Driver\Src\stm32f4xx_hal_pcd.o
                0x08002fb2                HAL_PCD_EP_ClrStall
 .text.HAL_PCDEx_SetTxFiFo
                0x08002ffc       0x42 Drivers\STM32F4xx_HAL_Driver\Src\stm32f4xx_hal_pcd_ex.o
                0x08002ffc                HAL_PCDEx_SetTxFiFo
 .text.HAL_PCDEx_SetRxFiFo
                0x0800303e        0x8 Drivers\STM32F4xx_HAL_Driver\Src\stm32f4xx_hal_pcd_ex.o
                0x0800303e                HAL_PCDEx_SetRxFiFo
 *fill*         0x08003046        0x2 
 .text.HAL_RCC_OscConfig
                0x08003048      0x304 Drivers\STM32F4xx_HAL_Driver\Src\stm32f4xx_hal_rcc.o
                0x08003048                HAL_RCC_OscConfig
 .text.HAL_RCC_GetSysClockFreq
                0x0800334c       0x5c Drivers\STM32F4xx_HAL_Driver\Src\stm32f4xx_hal_rcc.o
                0x0800334c                HAL_RCC_GetSysClockFreq
 .text.HAL_RCC_ClockConfig
                0x080033a8      0x134 Drivers\STM32F4xx_HAL_Driver\Src\stm32f4xx_hal_rcc.o
                0x080033a8                HAL_RCC_ClockConfig
 .text.HAL_RCC_GetHCLKFreq
                0x080034dc        0xc Drivers\STM32F4xx_HAL_Driver\Src\stm32f4xx_hal_rcc.o
                0x080034dc                HAL_RCC_GetHCLKFreq
 .text.HAL_RCC_GetPCLK1Freq
                0x080034e8       0x20 Drivers\STM32F4xx_HAL_Driver\Src\stm32f4xx_hal_rcc.o
                0x080034e8                HAL_RCC_GetPCLK1Freq
 .text.HAL_RCC_GetPCLK2Freq
                0x08003508       0x20 Drivers\STM32F4xx_HAL_Driver\Src\stm32f4xx_hal_rcc.o
                0x08003508                HAL_RCC_GetPCLK2Freq
 .text.HAL_RCC_GetClockConfig
                0x08003528       0x3c Drivers\STM32F4xx_HAL_Driver\Src\stm32f4xx_hal_rcc.o
                0x08003528                HAL_RCC_GetClockConfig
 .text.HAL_RCCEx_PeriphCLKConfig
                0x08003564      0x140 Drivers\STM32F4xx_HAL_Driver\Src\stm32f4xx_hal_rcc_ex.o
                0x08003564                HAL_RCCEx_PeriphCLKConfig
 .text.HAL_RCCEx_GetPeriphCLKFreq
                0x080036a4       0x5c Drivers\STM32F4xx_HAL_Driver\Src\stm32f4xx_hal_rcc_ex.o
                0x080036a4                HAL_RCCEx_GetPeriphCLKFreq
 .text.HAL_SPI_Init
                0x08003700       0x7a Drivers\STM32F4xx_HAL_Driver\Src\stm32f4xx_hal_spi.o
                0x08003700                HAL_SPI_Init
 *fill*         0x0800377a        0x2 
 .text.TIM_OC1_SetConfig
                0x0800377c       0x50 Drivers\STM32F4xx_HAL_Driver\Src\stm32f4xx_hal_tim.o
 .text.TIM_OC3_SetConfig
                0x080037cc       0x54 Drivers\STM32F4xx_HAL_Driver\Src\stm32f4xx_hal_tim.o
 .text.TIM_OC4_SetConfig
                0x08003820       0x44 Drivers\STM32F4xx_HAL_Driver\Src\stm32f4xx_hal_tim.o
 .text.HAL_TIM_Base_Start_IT
                0x08003864       0x16 Drivers\STM32F4xx_HAL_Driver\Src\stm32f4xx_hal_tim.o
                0x08003864                HAL_TIM_Base_Start_IT
 .text.HAL_TIM_PWM_MspInit
                0x0800387a        0x2 Drivers\STM32F4xx_HAL_Driver\Src\stm32f4xx_hal_tim.o
                0x0800387a                HAL_TIM_PWM_MspInit
 .text.HAL_TIM_ConfigClockSource
                0x0800387c      0x172 Drivers\STM32F4xx_HAL_Driver\Src\stm32f4xx_hal_tim.o
                0x0800387c                HAL_TIM_ConfigClockSource
 .text.HAL_TIM_OC_DelayElapsedCallback
                0x080039ee        0x2 Drivers\STM32F4xx_HAL_Driver\Src\stm32f4xx_hal_tim.o
                0x080039ee                HAL_TIM_OC_DelayElapsedCallback
 .text.HAL_TIM_IC_CaptureCallback
                0x080039f0        0x2 Drivers\STM32F4xx_HAL_Driver\Src\stm32f4xx_hal_tim.o
                0x080039f0                HAL_TIM_IC_CaptureCallback
 .text.HAL_TIM_PWM_PulseFinishedCallback
                0x080039f2        0x2 Drivers\STM32F4xx_HAL_Driver\Src\stm32f4xx_hal_tim.o
                0x080039f2                HAL_TIM_PWM_PulseFinishedCallback
 .text.HAL_TIM_TriggerCallback
                0x080039f4        0x2 Drivers\STM32F4xx_HAL_Driver\Src\stm32f4xx_hal_tim.o
                0x080039f4                HAL_TIM_TriggerCallback
 .text.HAL_TIM_IRQHandler
                0x080039f6      0x144 Drivers\STM32F4xx_HAL_Driver\Src\stm32f4xx_hal_tim.o
                0x080039f6                HAL_TIM_IRQHandler
 *fill*         0x08003b3a        0x2 
 .text.TIM_Base_SetConfig
                0x08003b3c       0x98 Drivers\STM32F4xx_HAL_Driver\Src\stm32f4xx_hal_tim.o
                0x08003b3c                TIM_Base_SetConfig
 .text.HAL_TIM_Base_Init
                0x08003bd4       0x34 Drivers\STM32F4xx_HAL_Driver\Src\stm32f4xx_hal_tim.o
                0x08003bd4                HAL_TIM_Base_Init
 .text.HAL_TIM_PWM_Init
                0x08003c08       0x34 Drivers\STM32F4xx_HAL_Driver\Src\stm32f4xx_hal_tim.o
                0x08003c08                HAL_TIM_PWM_Init
 .text.TIM_OC2_SetConfig
                0x08003c3c       0x58 Drivers\STM32F4xx_HAL_Driver\Src\stm32f4xx_hal_tim.o
                0x08003c3c                TIM_OC2_SetConfig
 .text.HAL_TIM_PWM_ConfigChannel
                0x08003c94       0xc4 Drivers\STM32F4xx_HAL_Driver\Src\stm32f4xx_hal_tim.o
                0x08003c94                HAL_TIM_PWM_ConfigChannel
 .text.TIM_CCxChannelCmd
                0x08003d58       0x18 Drivers\STM32F4xx_HAL_Driver\Src\stm32f4xx_hal_tim.o
                0x08003d58                TIM_CCxChannelCmd
 .text.HAL_TIM_PWM_Start
                0x08003d70       0x2c Drivers\STM32F4xx_HAL_Driver\Src\stm32f4xx_hal_tim.o
                0x08003d70                HAL_TIM_PWM_Start
 .text.HAL_TIMEx_MasterConfigSynchronization
                0x08003d9c       0x44 Drivers\STM32F4xx_HAL_Driver\Src\stm32f4xx_hal_tim_ex.o
                0x08003d9c                HAL_TIMEx_MasterConfigSynchronization
 .text.HAL_TIMEx_CommutationCallback
                0x08003de0        0x2 Drivers\STM32F4xx_HAL_Driver\Src\stm32f4xx_hal_tim_ex.o
                0x08003de0                HAL_TIMEx_CommutationCallback
 .text.HAL_TIMEx_BreakCallback
                0x08003de2        0x2 Drivers\STM32F4xx_HAL_Driver\Src\stm32f4xx_hal_tim_ex.o
                0x08003de2                HAL_TIMEx_BreakCallback
 .text.USB_CoreInit
                0x08003de4       0x74 Drivers\STM32F4xx_HAL_Driver\Src\stm32f4xx_ll_usb.o
                0x08003de4                USB_CoreInit
 .text.USB_EnableGlobalInt
                0x08003e58        0xc Drivers\STM32F4xx_HAL_Driver\Src\stm32f4xx_ll_usb.o
                0x08003e58                USB_EnableGlobalInt
 .text.USB_DisableGlobalInt
                0x08003e64        0xc Drivers\STM32F4xx_HAL_Driver\Src\stm32f4xx_ll_usb.o
                0x08003e64                USB_DisableGlobalInt
 .text.USB_SetCurrentMode
                0x08003e70       0x2e Drivers\STM32F4xx_HAL_Driver\Src\stm32f4xx_ll_usb.o
                0x08003e70                USB_SetCurrentMode
 *fill*         0x08003e9e        0x2 
 .text.USB_DevInit
                0x08003ea0      0x138 Drivers\STM32F4xx_HAL_Driver\Src\stm32f4xx_ll_usb.o
                0x08003ea0                USB_DevInit
 .text.USB_FlushTxFifo
                0x08003fd8       0x24 Drivers\STM32F4xx_HAL_Driver\Src\stm32f4xx_ll_usb.o
                0x08003fd8                USB_FlushTxFifo
 .text.USB_FlushRxFifo
                0x08003ffc       0x20 Drivers\STM32F4xx_HAL_Driver\Src\stm32f4xx_ll_usb.o
                0x08003ffc                USB_FlushRxFifo
 .text.USB_SetDevSpeed
                0x0800401c        0xe Drivers\STM32F4xx_HAL_Driver\Src\stm32f4xx_ll_usb.o
                0x0800401c                USB_SetDevSpeed
 .text.USB_GetDevSpeed
                0x0800402a       0x36 Drivers\STM32F4xx_HAL_Driver\Src\stm32f4xx_ll_usb.o
                0x0800402a                USB_GetDevSpeed
 .text.USB_ActivateEndpoint
                0x08004060       0x7e Drivers\STM32F4xx_HAL_Driver\Src\stm32f4xx_ll_usb.o
                0x08004060                USB_ActivateEndpoint
 .text.USB_DeactivateEndpoint
                0x080040de        0x4 Drivers\STM32F4xx_HAL_Driver\Src\stm32f4xx_ll_usb.o
                0x080040de                USB_DeactivateEndpoint
 *fill*         0x080040e2        0x2 
 .text.USB_DeactivateDedicatedEndpoint
                0x080040e4       0xb0 Drivers\STM32F4xx_HAL_Driver\Src\stm32f4xx_ll_usb.o
                0x080040e4                USB_DeactivateDedicatedEndpoint
 .text.USB_EPStartXfer
                0x08004194      0x18c Drivers\STM32F4xx_HAL_Driver\Src\stm32f4xx_ll_usb.o
                0x08004194                USB_EPStartXfer
 .text.USB_EP0StartXfer
                0x08004320       0xda Drivers\STM32F4xx_HAL_Driver\Src\stm32f4xx_ll_usb.o
                0x08004320                USB_EP0StartXfer
 .text.USB_WritePacket
                0x080043fa       0x28 Drivers\STM32F4xx_HAL_Driver\Src\stm32f4xx_ll_usb.o
                0x080043fa                USB_WritePacket
 .text.USB_ReadPacket
                0x08004422       0x1c Drivers\STM32F4xx_HAL_Driver\Src\stm32f4xx_ll_usb.o
                0x08004422                USB_ReadPacket
 .text.USB_EPSetStall
                0x0800443e       0x3e Drivers\STM32F4xx_HAL_Driver\Src\stm32f4xx_ll_usb.o
                0x0800443e                USB_EPSetStall
 .text.USB_EPClearStall
                0x0800447c       0x32 Drivers\STM32F4xx_HAL_Driver\Src\stm32f4xx_ll_usb.o
                0x0800447c                USB_EPClearStall
 .text.USB_SetDevAddress
                0x080044ae       0x20 Drivers\STM32F4xx_HAL_Driver\Src\stm32f4xx_ll_usb.o
                0x080044ae                USB_SetDevAddress
 .text.USB_DevConnect
                0x080044ce       0x18 Drivers\STM32F4xx_HAL_Driver\Src\stm32f4xx_ll_usb.o
                0x080044ce                USB_DevConnect
 .text.USB_DevDisconnect
                0x080044e6       0x18 Drivers\STM32F4xx_HAL_Driver\Src\stm32f4xx_ll_usb.o
                0x080044e6                USB_DevDisconnect
 .text.USB_ReadInterrupts
                0x080044fe        0x8 Drivers\STM32F4xx_HAL_Driver\Src\stm32f4xx_ll_usb.o
                0x080044fe                USB_ReadInterrupts
 .text.USB_ReadDevAllOutEpInterrupt
                0x08004506       0x10 Drivers\STM32F4xx_HAL_Driver\Src\stm32f4xx_ll_usb.o
                0x08004506                USB_ReadDevAllOutEpInterrupt
 .text.USB_ReadDevAllInEpInterrupt
                0x08004516       0x10 Drivers\STM32F4xx_HAL_Driver\Src\stm32f4xx_ll_usb.o
                0x08004516                USB_ReadDevAllInEpInterrupt
 .text.USB_ReadDevOutEPInterrupt
                0x08004526       0x14 Drivers\STM32F4xx_HAL_Driver\Src\stm32f4xx_ll_usb.o
                0x08004526                USB_ReadDevOutEPInterrupt
 .text.USB_ReadDevInEPInterrupt
                0x0800453a       0x20 Drivers\STM32F4xx_HAL_Driver\Src\stm32f4xx_ll_usb.o
                0x0800453a                USB_ReadDevInEPInterrupt
 .text.USB_GetMode
                0x0800455a        0x8 Drivers\STM32F4xx_HAL_Driver\Src\stm32f4xx_ll_usb.o
                0x0800455a                USB_GetMode
 .text.USB_ActivateSetup
                0x08004562       0x36 Drivers\STM32F4xx_HAL_Driver\Src\stm32f4xx_ll_usb.o
                0x08004562                USB_ActivateSetup
 .text.USB_EP0_OutStart
                0x08004598       0x46 Drivers\STM32F4xx_HAL_Driver\Src\stm32f4xx_ll_usb.o
                0x08004598                USB_EP0_OutStart
 *fill*         0x080045de        0x2 
 .text.USB_CoreReset
                0x080045e0       0x30 Drivers\STM32F4xx_HAL_Driver\Src\stm32f4xx_ll_usb.o
 .text.USBD_CDC_DataIn
                0x08004610       0x12 Middlewares\ST\STM32_USB_Device_Library\Class\CDC\Src\usbd_cdc.o
 .text.USBD_CDC_EP0_RxReady
                0x08004622       0x28 Middlewares\ST\STM32_USB_Device_Library\Class\CDC\Src\usbd_cdc.o
 *fill*         0x0800464a        0x2 
 .text.USBD_CDC_GetFSCfgDesc
                0x0800464c        0xc Middlewares\ST\STM32_USB_Device_Library\Class\CDC\Src\usbd_cdc.o
 .text.USBD_CDC_GetHSCfgDesc
                0x08004658        0xc Middlewares\ST\STM32_USB_Device_Library\Class\CDC\Src\usbd_cdc.o
 .text.USBD_CDC_GetOtherSpeedCfgDesc
                0x08004664        0xc Middlewares\ST\STM32_USB_Device_Library\Class\CDC\Src\usbd_cdc.o
 .text.USBD_CDC_GetDeviceQualifierDescriptor
                0x08004670        0xc Middlewares\ST\STM32_USB_Device_Library\Class\CDC\Src\usbd_cdc.o
                0x08004670                USBD_CDC_GetDeviceQualifierDescriptor
 .text.USBD_CDC_DataOut
                0x0800467c       0x2e Middlewares\ST\STM32_USB_Device_Library\Class\CDC\Src\usbd_cdc.o
 *fill*         0x080046aa        0x2 
 .text.USBD_CDC_Setup
                0x080046ac       0x68 Middlewares\ST\STM32_USB_Device_Library\Class\CDC\Src\usbd_cdc.o
 .text.USBD_CDC_DeInit
                0x08004714       0x3a Middlewares\ST\STM32_USB_Device_Library\Class\CDC\Src\usbd_cdc.o
 .text.USBD_CDC_Init
                0x0800474e       0x8c Middlewares\ST\STM32_USB_Device_Library\Class\CDC\Src\usbd_cdc.o
 .text.USBD_CDC_RegisterInterface
                0x080047da        0xe Middlewares\ST\STM32_USB_Device_Library\Class\CDC\Src\usbd_cdc.o
                0x080047da                USBD_CDC_RegisterInterface
 .text.USBD_CDC_SetTxBuffer
                0x080047e8       0x10 Middlewares\ST\STM32_USB_Device_Library\Class\CDC\Src\usbd_cdc.o
                0x080047e8                USBD_CDC_SetTxBuffer
 .text.USBD_CDC_SetRxBuffer
                0x080047f8        0xc Middlewares\ST\STM32_USB_Device_Library\Class\CDC\Src\usbd_cdc.o
                0x080047f8                USBD_CDC_SetRxBuffer
 .text.USBD_CDC_TransmitPacket
                0x08004804       0x2e Middlewares\ST\STM32_USB_Device_Library\Class\CDC\Src\usbd_cdc.o
                0x08004804                USBD_CDC_TransmitPacket
 .text.USBD_CDC_ReceivePacket
                0x08004832       0x26 Middlewares\ST\STM32_USB_Device_Library\Class\CDC\Src\usbd_cdc.o
                0x08004832                USBD_CDC_ReceivePacket
 .text.USBD_Init
                0x08004858       0x2a Middlewares\ST\STM32_USB_Device_Library\Core\Src\usbd_core.o
                0x08004858                USBD_Init
 .text.USBD_RegisterClass
                0x08004882        0xe Middlewares\ST\STM32_USB_Device_Library\Core\Src\usbd_core.o
                0x08004882                USBD_RegisterClass
 .text.USBD_Start
                0x08004890        0xa Middlewares\ST\STM32_USB_Device_Library\Core\Src\usbd_core.o
                0x08004890                USBD_Start
 .text.USBD_SetClassConfig
                0x0800489a       0x16 Middlewares\ST\STM32_USB_Device_Library\Core\Src\usbd_core.o
                0x0800489a                USBD_SetClassConfig
 .text.USBD_ClrClassConfig
                0x080048b0        0xe Middlewares\ST\STM32_USB_Device_Library\Core\Src\usbd_core.o
                0x080048b0                USBD_ClrClassConfig
 .text.USBD_LL_SetupStage
                0x080048be       0x5a Middlewares\ST\STM32_USB_Device_Library\Core\Src\usbd_core.o
                0x080048be                USBD_LL_SetupStage
 .text.USBD_LL_DataOutStage
                0x08004918       0x64 Middlewares\ST\STM32_USB_Device_Library\Core\Src\usbd_core.o
                0x08004918                USBD_LL_DataOutStage
 .text.USBD_LL_DataInStage
                0x0800497c       0x9e Middlewares\ST\STM32_USB_Device_Library\Core\Src\usbd_core.o
                0x0800497c                USBD_LL_DataInStage
 .text.USBD_LL_Reset
                0x08004a1a       0x3e Middlewares\ST\STM32_USB_Device_Library\Core\Src\usbd_core.o
                0x08004a1a                USBD_LL_Reset
 .text.USBD_LL_SetSpeed
                0x08004a58        0x6 Middlewares\ST\STM32_USB_Device_Library\Core\Src\usbd_core.o
                0x08004a58                USBD_LL_SetSpeed
 .text.USBD_LL_Suspend
                0x08004a5e       0x12 Middlewares\ST\STM32_USB_Device_Library\Core\Src\usbd_core.o
                0x08004a5e                USBD_LL_Suspend
 .text.USBD_LL_Resume
                0x08004a70        0xc Middlewares\ST\STM32_USB_Device_Library\Core\Src\usbd_core.o
                0x08004a70                USBD_LL_Resume
 .text.USBD_LL_SOF
                0x08004a7c       0x18 Middlewares\ST\STM32_USB_Device_Library\Core\Src\usbd_core.o
                0x08004a7c                USBD_LL_SOF
 .text.USBD_LL_IsoINIncomplete
                0x08004a94        0x4 Middlewares\ST\STM32_USB_Device_Library\Core\Src\usbd_core.o
                0x08004a94                USBD_LL_IsoINIncomplete
 .text.USBD_LL_IsoOUTIncomplete
                0x08004a98        0x4 Middlewares\ST\STM32_USB_Device_Library\Core\Src\usbd_core.o
                0x08004a98                USBD_LL_IsoOUTIncomplete
 .text.USBD_LL_DevConnected
                0x08004a9c        0x4 Middlewares\ST\STM32_USB_Device_Library\Core\Src\usbd_core.o
                0x08004a9c                USBD_LL_DevConnected
 .text.USBD_LL_DevDisconnected
                0x08004aa0       0x16 Middlewares\ST\STM32_USB_Device_Library\Core\Src\usbd_core.o
                0x08004aa0                USBD_LL_DevDisconnected
 .text.USBD_CtlError.constprop.0
                0x08004ab6       0x16 Middlewares\ST\STM32_USB_Device_Library\Core\Src\usbd_ctlreq.o
 .text.USBD_StdDevReq
                0x08004acc      0x1f4 Middlewares\ST\STM32_USB_Device_Library\Core\Src\usbd_ctlreq.o
                0x08004acc                USBD_StdDevReq
 .text.USBD_StdItfReq
                0x08004cc0       0x30 Middlewares\ST\STM32_USB_Device_Library\Core\Src\usbd_ctlreq.o
                0x08004cc0                USBD_StdItfReq
 .text.USBD_StdEPReq
                0x08004cf0       0xc6 Middlewares\ST\STM32_USB_Device_Library\Core\Src\usbd_ctlreq.o
                0x08004cf0                USBD_StdEPReq
 .text.USBD_ParseSetupRequest
                0x08004db6       0x28 Middlewares\ST\STM32_USB_Device_Library\Core\Src\usbd_ctlreq.o
                0x08004db6                USBD_ParseSetupRequest
 .text.USBD_GetString
                0x08004dde       0x38 Middlewares\ST\STM32_USB_Device_Library\Core\Src\usbd_ctlreq.o
                0x08004dde                USBD_GetString
 .text.USBD_CtlSendData
                0x08004e16       0x1a Middlewares\ST\STM32_USB_Device_Library\Core\Src\usbd_ioreq.o
                0x08004e16                USBD_CtlSendData
 .text.USBD_CtlContinueSendData
                0x08004e30       0x10 Middlewares\ST\STM32_USB_Device_Library\Core\Src\usbd_ioreq.o
                0x08004e30                USBD_CtlContinueSendData
 .text.USBD_CtlPrepareRx
                0x08004e40       0x1e Middlewares\ST\STM32_USB_Device_Library\Core\Src\usbd_ioreq.o
                0x08004e40                USBD_CtlPrepareRx
 .text.USBD_CtlContinueRx
                0x08004e5e       0x10 Middlewares\ST\STM32_USB_Device_Library\Core\Src\usbd_ioreq.o
                0x08004e5e                USBD_CtlContinueRx
 .text.USBD_CtlSendStatus
                0x08004e6e       0x16 Middlewares\ST\STM32_USB_Device_Library\Core\Src\usbd_ioreq.o
                0x08004e6e                USBD_CtlSendStatus
 .text.USBD_CtlReceiveStatus
                0x08004e84       0x16 Middlewares\ST\STM32_USB_Device_Library\Core\Src\usbd_ioreq.o
                0x08004e84                USBD_CtlReceiveStatus
 *fill*         0x08004e9a        0x2 
 .text.MX_ADC1_Init
                0x08004e9c       0x68 Src\adc.o
                0x08004e9c                MX_ADC1_Init
 .text.HAL_ADC_MspInit
                0x08004f04       0x44 Src\adc.o
                0x08004f04                HAL_ADC_MspInit
 .text.MX_GPIO_Init
                0x08004f48      0x15c Src\gpio.o
                0x08004f48                MX_GPIO_Init
 .text.MX_I2C1_Init
                0x080050a4       0x48 Src\i2c.o
                0x080050a4                MX_I2C1_Init
 .text.HAL_I2C_MspInit
                0x080050ec       0x54 Src\i2c.o
                0x080050ec                HAL_I2C_MspInit
 .text.HAL_I2C_MspDeInit
                0x08005140       0x2c Src\i2c.o
                0x08005140                HAL_I2C_MspDeInit
 .text.MX_I2S2_Init
                0x0800516c       0x48 Src\i2s.o
                0x0800516c                MX_I2S2_Init
 .text.MX_I2S3_Init
                0x080051b4       0x44 Src\i2s.o
                0x080051b4                MX_I2S3_Init
 .text.HAL_I2S_MspInit
                0x080051f8       0xd0 Src\i2s.o
                0x080051f8                HAL_I2S_MspInit
 .text.peripheralPrintf
                0x080052c8       0x32 Src\main.o
                0x080052c8                peripheralPrintf
 *fill*         0x080052fa        0x2 
 .text.ReadACC  0x080052fc      0x124 Src\main.o
                0x080052fc                ReadACC
 .text.ReadLM35
                0x08005420       0x38 Src\main.o
                0x08005420                ReadLM35
 .text.PID      0x08005458       0xd0 Src\main.o
                0x08005458                PID
 .text.SystemClock_Config
                0x08005528       0xc0 Src\main.o
                0x08005528                SystemClock_Config
 .text.startup.main
                0x080055e8      0x110 Src\main.o
                0x080055e8                main
 .text.HAL_TIM_PeriodElapsedCallback
                0x080056f8       0x14 Src\main.o
                0x080056f8                HAL_TIM_PeriodElapsedCallback
 .text._Error_Handler
                0x0800570c        0x2 Src\main.o
                0x0800570c                _Error_Handler
 *fill*         0x0800570e        0x2 
 .text.MX_SPI1_Init
                0x08005710       0x4c Src\spi.o
                0x08005710                MX_SPI1_Init
 .text.HAL_SPI_MspInit
                0x0800575c       0x4c Src\spi.o
                0x0800575c                HAL_SPI_MspInit
 .text.HAL_MspInit
                0x080057a8       0x90 Src\stm32f4xx_hal_msp.o
                0x080057a8                HAL_MspInit
 .text.HAL_InitTick
                0x08005838       0x78 Src\stm32f4xx_hal_timebase_TIM.o
                0x08005838                HAL_InitTick
 .text.NMI_Handler
                0x080058b0        0x2 Src\stm32f4xx_it.o
                0x080058b0                NMI_Handler
 .text.HardFault_Handler
                0x080058b2        0x2 Src\stm32f4xx_it.o
                0x080058b2                HardFault_Handler
 .text.MemManage_Handler
                0x080058b4        0x2 Src\stm32f4xx_it.o
                0x080058b4                MemManage_Handler
 .text.BusFault_Handler
                0x080058b6        0x2 Src\stm32f4xx_it.o
                0x080058b6                BusFault_Handler
 .text.UsageFault_Handler
                0x080058b8        0x2 Src\stm32f4xx_it.o
                0x080058b8                UsageFault_Handler
 .text.SVC_Handler
                0x080058ba        0x2 Src\stm32f4xx_it.o
                0x080058ba                SVC_Handler
 .text.DebugMon_Handler
                0x080058bc        0x2 Src\stm32f4xx_it.o
                0x080058bc                DebugMon_Handler
 .text.PendSV_Handler
                0x080058be        0x2 Src\stm32f4xx_it.o
                0x080058be                PendSV_Handler
 .text.SysTick_Handler
                0x080058c0        0x4 Src\stm32f4xx_it.o
                0x080058c0                SysTick_Handler
 .text.TIM1_UP_TIM10_IRQHandler
                0x080058c4        0xc Src\stm32f4xx_it.o
                0x080058c4                TIM1_UP_TIM10_IRQHandler
 .text.OTG_FS_IRQHandler
                0x080058d0        0xc Src\stm32f4xx_it.o
                0x080058d0                OTG_FS_IRQHandler
 .text.SystemInit
                0x080058dc       0x4c Src\system_stm32f4xx.o
                0x080058dc                SystemInit
 .text.HAL_TIM_Base_MspInit
                0x08005928       0x30 Src\tim.o
                0x08005928                HAL_TIM_Base_MspInit
 .text.HAL_TIM_MspPostInit
                0x08005958       0x48 Src\tim.o
                0x08005958                HAL_TIM_MspPostInit
 .text.MX_TIM3_Init
                0x080059a0       0xb4 Src\tim.o
                0x080059a0                MX_TIM3_Init
 .text.MX_USB_DEVICE_Init
                0x08005a54       0x38 Src\usb_device.o
                0x08005a54                MX_USB_DEVICE_Init
 .text.CDC_DeInit_FS
                0x08005a8c        0x4 Src\usbd_cdc_if.o
 .text.CDC_Receive_FS
                0x08005a90       0xb0 Src\usbd_cdc_if.o
 .text.CDC_Init_FS
                0x08005b40       0x28 Src\usbd_cdc_if.o
 .text.CDC_Control_FS
                0x08005b68       0x48 Src\usbd_cdc_if.o
 .text.USB_Transmit
                0x08005bb0       0x5c Src\usbd_cdc_if.o
                0x08005bb0                USB_Transmit
 .text.USB_TransmitBuffer
                0x08005c0c       0x70 Src\usbd_cdc_if.o
                0x08005c0c                USB_TransmitBuffer
 .text.USB_ReceiveString
                0x08005c7c       0x9c Src\usbd_cdc_if.o
                0x08005c7c                USB_ReceiveString
 .text.HAL_PCD_MspInit
                0x08005d18       0x78 Src\usbd_conf.o
                0x08005d18                HAL_PCD_MspInit
 .text.HAL_PCD_SetupStageCallback
                0x08005d90        0xc Src\usbd_conf.o
                0x08005d90                HAL_PCD_SetupStageCallback
 .text.HAL_PCD_DataOutStageCallback
                0x08005d9c       0x12 Src\usbd_conf.o
                0x08005d9c                HAL_PCD_DataOutStageCallback
 .text.HAL_PCD_DataInStageCallback
                0x08005dae       0x10 Src\usbd_conf.o
                0x08005dae                HAL_PCD_DataInStageCallback
 .text.HAL_PCD_SOFCallback
                0x08005dbe        0x8 Src\usbd_conf.o
                0x08005dbe                HAL_PCD_SOFCallback
 .text.HAL_PCD_ResetCallback
                0x08005dc6       0x20 Src\usbd_conf.o
                0x08005dc6                HAL_PCD_ResetCallback
 *fill*         0x08005de6        0x2 
 .text.HAL_PCD_SuspendCallback
                0x08005de8       0x30 Src\usbd_conf.o
                0x08005de8                HAL_PCD_SuspendCallback
 .text.HAL_PCD_ResumeCallback
                0x08005e18        0x8 Src\usbd_conf.o
                0x08005e18                HAL_PCD_ResumeCallback
 .text.HAL_PCD_ISOOUTIncompleteCallback
                0x08005e20        0x8 Src\usbd_conf.o
                0x08005e20                HAL_PCD_ISOOUTIncompleteCallback
 .text.HAL_PCD_ISOINIncompleteCallback
                0x08005e28        0x8 Src\usbd_conf.o
                0x08005e28                HAL_PCD_ISOINIncompleteCallback
 .text.HAL_PCD_ConnectCallback
                0x08005e30        0x8 Src\usbd_conf.o
                0x08005e30                HAL_PCD_ConnectCallback
 .text.HAL_PCD_DisconnectCallback
                0x08005e38        0x8 Src\usbd_conf.o
                0x08005e38                HAL_PCD_DisconnectCallback
 .text.USBD_LL_Init
                0x08005e40       0x6c Src\usbd_conf.o
                0x08005e40                USBD_LL_Init
 .text.USBD_LL_Start
                0x08005eac       0x1c Src\usbd_conf.o
                0x08005eac                USBD_LL_Start
 .text.USBD_LL_OpenEP
                0x08005ec8       0x20 Src\usbd_conf.o
                0x08005ec8                USBD_LL_OpenEP
 .text.USBD_LL_CloseEP
                0x08005ee8       0x1c Src\usbd_conf.o
                0x08005ee8                USBD_LL_CloseEP
 .text.USBD_LL_StallEP
                0x08005f04       0x1c Src\usbd_conf.o
                0x08005f04                USBD_LL_StallEP
 .text.USBD_LL_ClearStallEP
                0x08005f20       0x1c Src\usbd_conf.o
                0x08005f20                USBD_LL_ClearStallEP
 .text.USBD_LL_IsStallEP
                0x08005f3c       0x26 Src\usbd_conf.o
                0x08005f3c                USBD_LL_IsStallEP
 *fill*         0x08005f62        0x2 
 .text.USBD_LL_SetUSBAddress
                0x08005f64       0x1c Src\usbd_conf.o
                0x08005f64                USBD_LL_SetUSBAddress
 .text.USBD_LL_Transmit
                0x08005f80       0x1c Src\usbd_conf.o
                0x08005f80                USBD_LL_Transmit
 .text.USBD_LL_PrepareReceive
                0x08005f9c       0x1c Src\usbd_conf.o
                0x08005f9c                USBD_LL_PrepareReceive
 .text.USBD_LL_GetRxDataSize
                0x08005fb8        0xc Src\usbd_conf.o
                0x08005fb8                USBD_LL_GetRxDataSize
 .text.USBD_FS_DeviceDescriptor
                0x08005fc4        0xc Src\usbd_desc.o
                0x08005fc4                USBD_FS_DeviceDescriptor
 .text.USBD_FS_LangIDStrDescriptor
                0x08005fd0        0xc Src\usbd_desc.o
                0x08005fd0                USBD_FS_LangIDStrDescriptor
 .text.USBD_FS_ManufacturerStrDescriptor
                0x08005fdc       0x1c Src\usbd_desc.o
                0x08005fdc                USBD_FS_ManufacturerStrDescriptor
 .text.USBD_FS_ProductStrDescriptor
                0x08005ff8       0x1c Src\usbd_desc.o
                0x08005ff8                USBD_FS_ProductStrDescriptor
 .text.USBD_FS_SerialStrDescriptor
                0x08006014       0x1c Src\usbd_desc.o
                0x08006014                USBD_FS_SerialStrDescriptor
 .text.USBD_FS_ConfigStrDescriptor
                0x08006030       0x1c Src\usbd_desc.o
                0x08006030                USBD_FS_ConfigStrDescriptor
 .text.USBD_FS_InterfaceStrDescriptor
                0x0800604c       0x1c Src\usbd_desc.o
                0x0800604c                USBD_FS_InterfaceStrDescriptor
 .text.Reset_Handler
                0x08006068       0x50 startup\startup_stm32f411xe.o
                0x08006068                Reset_Handler
 .text.Default_Handler
                0x080060b8        0x2 startup\startup_stm32f411xe.o
                0x080060b8                RTC_Alarm_IRQHandler
                0x080060b8                EXTI2_IRQHandler
                0x080060b8                SPI4_IRQHandler
                0x080060b8                TIM1_CC_IRQHandler
                0x080060b8                DMA2_Stream5_IRQHandler
                0x080060b8                DMA1_Stream5_IRQHandler
                0x080060b8                PVD_IRQHandler
                0x080060b8                SDIO_IRQHandler
                0x080060b8                TAMP_STAMP_IRQHandler
                0x080060b8                EXTI3_IRQHandler
                0x080060b8                I2C3_ER_IRQHandler
                0x080060b8                EXTI0_IRQHandler
                0x080060b8                I2C2_EV_IRQHandler
                0x080060b8                DMA1_Stream2_IRQHandler
                0x080060b8                FPU_IRQHandler
                0x080060b8                DMA2_Stream2_IRQHandler
                0x080060b8                SPI1_IRQHandler
                0x080060b8                TIM1_BRK_TIM9_IRQHandler
                0x080060b8                DMA2_Stream3_IRQHandler
                0x080060b8                USART6_IRQHandler
                0x080060b8                DMA2_Stream0_IRQHandler
                0x080060b8                TIM4_IRQHandler
                0x080060b8                I2C1_EV_IRQHandler
                0x080060b8                DMA1_Stream6_IRQHandler
                0x080060b8                DMA1_Stream1_IRQHandler
                0x080060b8                TIM3_IRQHandler
                0x080060b8                RCC_IRQHandler
                0x080060b8                Default_Handler
                0x080060b8                EXTI15_10_IRQHandler
                0x080060b8                ADC_IRQHandler
                0x080060b8                DMA1_Stream7_IRQHandler
                0x080060b8                SPI5_IRQHandler
                0x080060b8                TIM5_IRQHandler
                0x080060b8                DMA2_Stream7_IRQHandler
                0x080060b8                I2C3_EV_IRQHandler
                0x080060b8                EXTI9_5_IRQHandler
                0x080060b8                RTC_WKUP_IRQHandler
                0x080060b8                SPI2_IRQHandler
                0x080060b8                DMA1_Stream0_IRQHandler
                0x080060b8                EXTI4_IRQHandler
                0x080060b8                WWDG_IRQHandler
                0x080060b8                TIM2_IRQHandler
                0x080060b8                OTG_FS_WKUP_IRQHandler
                0x080060b8                TIM1_TRG_COM_TIM11_IRQHandler
                0x080060b8                EXTI1_IRQHandler
                0x080060b8                USART2_IRQHandler
                0x080060b8                I2C2_ER_IRQHandler
                0x080060b8                DMA2_Stream1_IRQHandler
                0x080060b8                FLASH_IRQHandler
                0x080060b8                DMA2_Stream4_IRQHandler
                0x080060b8                USART1_IRQHandler
                0x080060b8                SPI3_IRQHandler
                0x080060b8                DMA1_Stream4_IRQHandler
                0x080060b8                I2C1_ER_IRQHandler
                0x080060b8                DMA2_Stream6_IRQHandler
                0x080060b8                DMA1_Stream3_IRQHandler
 .text.atoi     0x080060ba        0x8 c:/program files (x86)/atollic/truestudio for stm32 9.0.1/armtools/bin/../lib/gcc/arm-atollic-eabi/6.3.1/../../../../arm-atollic-eabi/lib/armv7e-m/fpu\libc_nano.a(lib_a-atoi.o)
                0x080060ba                atoi
 *fill*         0x080060c2        0x2 
 .text.__libc_init_array
                0x080060c4       0x48 c:/program files (x86)/atollic/truestudio for stm32 9.0.1/armtools/bin/../lib/gcc/arm-atollic-eabi/6.3.1/../../../../arm-atollic-eabi/lib/armv7e-m/fpu\libc_nano.a(lib_a-init.o)
                0x080060c4                __libc_init_array
 .text.malloc   0x0800610c       0x10 c:/program files (x86)/atollic/truestudio for stm32 9.0.1/armtools/bin/../lib/gcc/arm-atollic-eabi/6.3.1/../../../../arm-atollic-eabi/lib/armv7e-m/fpu\libc_nano.a(lib_a-malloc.o)
                0x0800610c                malloc
 .text.free     0x0800611c       0x10 c:/program files (x86)/atollic/truestudio for stm32 9.0.1/armtools/bin/../lib/gcc/arm-atollic-eabi/6.3.1/../../../../arm-atollic-eabi/lib/armv7e-m/fpu\libc_nano.a(lib_a-malloc.o)
                0x0800611c                free
 .text.memcpy   0x0800612c       0x16 c:/program files (x86)/atollic/truestudio for stm32 9.0.1/armtools/bin/../lib/gcc/arm-atollic-eabi/6.3.1/../../../../arm-atollic-eabi/lib/armv7e-m/fpu\libc_nano.a(lib_a-memcpy-stub.o)
                0x0800612c                memcpy
 *fill*         0x08006142        0x2 
 .text._free_r  0x08006144       0x9c c:/program files (x86)/atollic/truestudio for stm32 9.0.1/armtools/bin/../lib/gcc/arm-atollic-eabi/6.3.1/../../../../arm-atollic-eabi/lib/armv7e-m/fpu\libc_nano.a(lib_a-nano-freer.o)
                0x08006144                _free_r
 .text._malloc_r
                0x080061e0       0xbc c:/program files (x86)/atollic/truestudio for stm32 9.0.1/armtools/bin/../lib/gcc/arm-atollic-eabi/6.3.1/../../../../arm-atollic-eabi/lib/armv7e-m/fpu\libc_nano.a(lib_a-nano-mallocr.o)
                0x080061e0                _malloc_r
 .text._sbrk_r  0x0800629c       0x20 c:/program files (x86)/atollic/truestudio for stm32 9.0.1/armtools/bin/../lib/gcc/arm-atollic-eabi/6.3.1/../../../../arm-atollic-eabi/lib/armv7e-m/fpu\libc_nano.a(lib_a-sbrkr.o)
                0x0800629c                _sbrk_r
 .text._strtol_l.isra.0
                0x080062bc      0x100 c:/program files (x86)/atollic/truestudio for stm32 9.0.1/armtools/bin/../lib/gcc/arm-atollic-eabi/6.3.1/../../../../arm-atollic-eabi/lib/armv7e-m/fpu\libc_nano.a(lib_a-strtol.o)
 .text.strtol   0x080063bc       0x2c c:/program files (x86)/atollic/truestudio for stm32 9.0.1/armtools/bin/../lib/gcc/arm-atollic-eabi/6.3.1/../../../../arm-atollic-eabi/lib/armv7e-m/fpu\libc_nano.a(lib_a-strtol.o)
                0x080063bc                strtol
 .text._vsprintf_r
                0x080063e8       0x30 c:/program files (x86)/atollic/truestudio for stm32 9.0.1/armtools/bin/../lib/gcc/arm-atollic-eabi/6.3.1/../../../../arm-atollic-eabi/lib/armv7e-m/fpu\libc_nano.a(lib_a-vsprintf.o)
                0x080063e8                _vsprintf_r
                0x080063e8                _vsiprintf_r
 .text.vsprintf
                0x08006418       0x14 c:/program files (x86)/atollic/truestudio for stm32 9.0.1/armtools/bin/../lib/gcc/arm-atollic-eabi/6.3.1/../../../../arm-atollic-eabi/lib/armv7e-m/fpu\libc_nano.a(lib_a-vsprintf.o)
                0x08006418                vsiprintf
                0x08006418                vsprintf
 .text.__locale_ctype_ptr_l
                0x0800642c        0x6 c:/program files (x86)/atollic/truestudio for stm32 9.0.1/armtools/bin/../lib/gcc/arm-atollic-eabi/6.3.1/../../../../arm-atollic-eabi/lib/armv7e-m/fpu\libc_nano.a(lib_a-locale.o)
                0x0800642c                __locale_ctype_ptr_l
 .text.__ascii_mbtowc
                0x08006432       0x24 c:/program files (x86)/atollic/truestudio for stm32 9.0.1/armtools/bin/../lib/gcc/arm-atollic-eabi/6.3.1/../../../../arm-atollic-eabi/lib/armv7e-m/fpu\libc_nano.a(lib_a-mbtowc_r.o)
                0x08006432                __ascii_mbtowc
 .text.__malloc_lock
                0x08006456        0x2 c:/program files (x86)/atollic/truestudio for stm32 9.0.1/armtools/bin/../lib/gcc/arm-atollic-eabi/6.3.1/../../../../arm-atollic-eabi/lib/armv7e-m/fpu\libc_nano.a(lib_a-mlock.o)
                0x08006456                __malloc_lock
 .text.__malloc_unlock
                0x08006458        0x2 c:/program files (x86)/atollic/truestudio for stm32 9.0.1/armtools/bin/../lib/gcc/arm-atollic-eabi/6.3.1/../../../../arm-atollic-eabi/lib/armv7e-m/fpu\libc_nano.a(lib_a-mlock.o)
                0x08006458                __malloc_unlock
 .text.__ssputs_r
                0x0800645a       0xb6 c:/program files (x86)/atollic/truestudio for stm32 9.0.1/armtools/bin/../lib/gcc/arm-atollic-eabi/6.3.1/../../../../arm-atollic-eabi/lib/armv7e-m/fpu\libc_nano.a(lib_a-nano-svfprintf.o)
                0x0800645a                __ssputs_r
 .text._svfprintf_r
                0x08006510      0x1e8 c:/program files (x86)/atollic/truestudio for stm32 9.0.1/armtools/bin/../lib/gcc/arm-atollic-eabi/6.3.1/../../../../arm-atollic-eabi/lib/armv7e-m/fpu\libc_nano.a(lib_a-nano-svfprintf.o)
                0x08006510                _svfiprintf_r
                0x08006510                _svfprintf_r
 .text._printf_common
                0x080066f8       0xec c:/program files (x86)/atollic/truestudio for stm32 9.0.1/armtools/bin/../lib/gcc/arm-atollic-eabi/6.3.1/../../../../arm-atollic-eabi/lib/armv7e-m/fpu\libc_nano.a(lib_a-nano-vfprintf_i.o)
                0x080066f8                _printf_common
 .text._printf_i
                0x080067e4      0x240 c:/program files (x86)/atollic/truestudio for stm32 9.0.1/armtools/bin/../lib/gcc/arm-atollic-eabi/6.3.1/../../../../arm-atollic-eabi/lib/armv7e-m/fpu\libc_nano.a(lib_a-nano-vfprintf_i.o)
                0x080067e4                _printf_i
 .text.__ascii_wctomb
                0x08006a24       0x1a c:/program files (x86)/atollic/truestudio for stm32 9.0.1/armtools/bin/../lib/gcc/arm-atollic-eabi/6.3.1/../../../../arm-atollic-eabi/lib/armv7e-m/fpu\libc_nano.a(lib_a-wctomb_r.o)
                0x08006a24                __ascii_wctomb
 .text.memmove  0x08006a3e       0x34 c:/program files (x86)/atollic/truestudio for stm32 9.0.1/armtools/bin/../lib/gcc/arm-atollic-eabi/6.3.1/../../../../arm-atollic-eabi/lib/armv7e-m/fpu\libc_nano.a(lib_a-memmove.o)
                0x08006a3e                memmove
 .text._realloc_r
                0x08006a72       0x4c c:/program files (x86)/atollic/truestudio for stm32 9.0.1/armtools/bin/../lib/gcc/arm-atollic-eabi/6.3.1/../../../../arm-atollic-eabi/lib/armv7e-m/fpu\libc_nano.a(lib_a-nano-reallocr.o)
                0x08006a72                _realloc_r
 .text._malloc_usable_size_r
                0x08006abe       0x12 c:/program files (x86)/atollic/truestudio for stm32 9.0.1/armtools/bin/../lib/gcc/arm-atollic-eabi/6.3.1/../../../../arm-atollic-eabi/lib/armv7e-m/fpu\libc_nano.a(lib_a-nano-msizer.o)
                0x08006abe                _malloc_usable_size_r
 .text.sqrt     0x08006ad0       0xb4 c:/program files (x86)/atollic/truestudio for stm32 9.0.1/armtools/bin/../lib/gcc/arm-atollic-eabi/6.3.1/../../../../arm-atollic-eabi/lib/armv7e-m/fpu\libm.a(lib_a-w_sqrt.o)
                0x08006ad0                sqrt
 .text.__ieee754_sqrt
                0x08006b84      0x160 c:/program files (x86)/atollic/truestudio for stm32 9.0.1/armtools/bin/../lib/gcc/arm-atollic-eabi/6.3.1/../../../../arm-atollic-eabi/lib/armv7e-m/fpu\libm.a(lib_a-e_sqrt.o)
                0x08006b84                __ieee754_sqrt
 .text.matherr  0x08006ce4        0x4 c:/program files (x86)/atollic/truestudio for stm32 9.0.1/armtools/bin/../lib/gcc/arm-atollic-eabi/6.3.1/../../../../arm-atollic-eabi/lib/armv7e-m/fpu\libm.a(lib_a-s_matherr.o)
                0x08006ce4                matherr
 .text.__errno  0x08006ce8        0xc c:/program files (x86)/atollic/truestudio for stm32 9.0.1/armtools/bin/../lib/gcc/arm-atollic-eabi/6.3.1/../../../../arm-atollic-eabi/lib/armv7e-m/fpu\libc_nano.a(lib_a-errno.o)
                0x08006ce8                __errno
 .text._sbrk    0x08006cf4       0x1c c:/program files (x86)/atollic/truestudio for stm32 9.0.1/armtools/bin/../lib/gcc/arm-atollic-eabi/6.3.1/../../../../arm-atollic-eabi/lib/armv7e-m/fpu\libnosys.a(sbrk.o)
                0x08006cf4                _sbrk
 *(.glue_7)
 .glue_7        0x08006d10        0x0 linker stubs
 *(.glue_7t)
 .glue_7t       0x08006d10        0x0 linker stubs
 *(.eh_frame)
 .eh_frame      0x08006d10        0x0 c:/program files (x86)/atollic/truestudio for stm32 9.0.1/armtools/bin/../lib/gcc/arm-atollic-eabi/6.3.1/armv7e-m/fpu/crtbegin.o
 *(.init)
 .init          0x08006d10        0x4 c:/program files (x86)/atollic/truestudio for stm32 9.0.1/armtools/bin/../lib/gcc/arm-atollic-eabi/6.3.1/armv7e-m/fpu/crti.o
                0x08006d10                _init
 .init          0x08006d14        0x8 c:/program files (x86)/atollic/truestudio for stm32 9.0.1/armtools/bin/../lib/gcc/arm-atollic-eabi/6.3.1/armv7e-m/fpu/crtn.o
 *(.fini)
 .fini          0x08006d1c        0x4 c:/program files (x86)/atollic/truestudio for stm32 9.0.1/armtools/bin/../lib/gcc/arm-atollic-eabi/6.3.1/armv7e-m/fpu/crti.o
                0x08006d1c                _fini
 .fini          0x08006d20        0x8 c:/program files (x86)/atollic/truestudio for stm32 9.0.1/armtools/bin/../lib/gcc/arm-atollic-eabi/6.3.1/armv7e-m/fpu/crtn.o
                0x08006d28                . = ALIGN (0x4)
                0x08006d28                _etext = .

.vfp11_veneer   0x08006d28        0x0
 .vfp11_veneer  0x08006d28        0x0 linker stubs

.v4_bx          0x08006d28        0x0
 .v4_bx         0x08006d28        0x0 linker stubs

.iplt           0x08006d28        0x0
 .iplt          0x08006d28        0x0 c:/program files (x86)/atollic/truestudio for stm32 9.0.1/armtools/bin/../lib/gcc/arm-atollic-eabi/6.3.1/armv7e-m/fpu/crtbegin.o

.rodata         0x08006d28      0x21c
                0x08006d28                . = ALIGN (0x4)
 *(.rodata)
 *(.rodata*)
 .rodata.MX_ADC1_Init.str1.1
                0x08006d28        0xd Src\adc.o
 .rodata.MX_I2C1_Init.str1.1
                0x08006d35        0xd Src\i2c.o
 .rodata.MX_I2S2_Init.str1.1
                0x08006d42        0xd Src\i2s.o
 .rodata.main.str1.1
                0x08006d4f       0x18 Src\main.o
 .rodata.MX_SPI1_Init.str1.1
                0x08006d67        0xd Src\spi.o
 .rodata.AHBPrescTable
                0x08006d74       0x10 Src\system_stm32f4xx.o
                0x08006d74                AHBPrescTable
 .rodata.APBPrescTable
                0x08006d84        0x8 Src\system_stm32f4xx.o
                0x08006d84                APBPrescTable
 .rodata.MX_TIM3_Init.str1.1
                0x08006d8c        0xd Src\tim.o
 .rodata.CSWTCH.39
                0x08006d99        0x4 Src\usbd_conf.o
 .rodata.USBD_LL_Init.str1.1
                0x08006d9d       0x13 Src\usbd_conf.o
 .rodata.USBD_FS_ConfigStrDescriptor.str1.1
                0x08006db0        0xb Src\usbd_desc.o
 .rodata.USBD_FS_InterfaceStrDescriptor.str1.1
                0x08006dbb        0xe Src\usbd_desc.o
 .rodata.USBD_FS_ManufacturerStrDescriptor.str1.1
                0x08006dc9       0x13 Src\usbd_desc.o
 .rodata.USBD_FS_ProductStrDescriptor.str1.1
                0x08006ddc       0x16 Src\usbd_desc.o
 .rodata.USBD_FS_SerialStrDescriptor.str1.1
                0x08006df2        0xd Src\usbd_desc.o
 .rodata._setlocale_r.str1.1
                0x08006dff        0x8 c:/program files (x86)/atollic/truestudio for stm32 9.0.1/armtools/bin/../lib/gcc/arm-atollic-eabi/6.3.1/../../../../arm-atollic-eabi/lib/armv7e-m/fpu\libc_nano.a(lib_a-locale.o)
                                  0x9 (size before relaxing)
 .rodata.str1.1
                0x08006e07        0x2 c:/program files (x86)/atollic/truestudio for stm32 9.0.1/armtools/bin/../lib/gcc/arm-atollic-eabi/6.3.1/../../../../arm-atollic-eabi/lib/armv7e-m/fpu\libc_nano.a(lib_a-locale.o)
 .rodata._svfprintf_r.str1.1
                0x08006e09       0x11 c:/program files (x86)/atollic/truestudio for stm32 9.0.1/armtools/bin/../lib/gcc/arm-atollic-eabi/6.3.1/../../../../arm-atollic-eabi/lib/armv7e-m/fpu\libc_nano.a(lib_a-nano-svfprintf.o)
 .rodata._printf_i.str1.1
                0x08006e1a       0x22 c:/program files (x86)/atollic/truestudio for stm32 9.0.1/armtools/bin/../lib/gcc/arm-atollic-eabi/6.3.1/../../../../arm-atollic-eabi/lib/armv7e-m/fpu\libc_nano.a(lib_a-nano-vfprintf_i.o)
 .rodata._ctype_
                0x08006e3c      0x101 c:/program files (x86)/atollic/truestudio for stm32 9.0.1/armtools/bin/../lib/gcc/arm-atollic-eabi/6.3.1/../../../../arm-atollic-eabi/lib/armv7e-m/fpu\libc_nano.a(lib_a-ctype_.o)
                0x08006e3c                _ctype_
 .rodata.sqrt.str1.1
                0x08006f3d        0x5 c:/program files (x86)/atollic/truestudio for stm32 9.0.1/armtools/bin/../lib/gcc/arm-atollic-eabi/6.3.1/../../../../arm-atollic-eabi/lib/armv7e-m/fpu\libm.a(lib_a-w_sqrt.o)
                0x08006f44                . = ALIGN (0x4)
 *fill*         0x08006f42        0x2 

.ARM.extab
 *(.ARM.extab* .gnu.linkonce.armextab.*)

.ARM            0x08006f44        0x8
                0x08006f44                __exidx_start = .
 *(.ARM.exidx*)
 .ARM.exidx     0x08006f44        0x8 c:/program files (x86)/atollic/truestudio for stm32 9.0.1/armtools/bin/../lib/gcc/arm-atollic-eabi/6.3.1/armv7e-m/fpu\libgcc.a(_udivmoddi4.o)
                0x08006f4c                __exidx_end = .

.rel.dyn        0x08006f4c        0x0
 .rel.iplt      0x08006f4c        0x0 c:/program files (x86)/atollic/truestudio for stm32 9.0.1/armtools/bin/../lib/gcc/arm-atollic-eabi/6.3.1/armv7e-m/fpu/crtbegin.o

.preinit_array  0x08006f4c        0x0
                0x08006f4c                PROVIDE (__preinit_array_start, .)
 *(.preinit_array*)
                0x08006f4c                PROVIDE (__preinit_array_end, .)

.init_array     0x08006f4c        0x4
                0x08006f4c                PROVIDE (__init_array_start, .)
 *(SORT(.init_array.*))
 *(.init_array*)
 .init_array    0x08006f4c        0x4 c:/program files (x86)/atollic/truestudio for stm32 9.0.1/armtools/bin/../lib/gcc/arm-atollic-eabi/6.3.1/armv7e-m/fpu/crtbegin.o
                0x08006f50                PROVIDE (__init_array_end, .)

.fini_array     0x08006f50        0x4
                [!provide]                PROVIDE (__fini_array_start, .)
 *(SORT(.fini_array.*))
 *(.fini_array*)
 .fini_array    0x08006f50        0x4 c:/program files (x86)/atollic/truestudio for stm32 9.0.1/armtools/bin/../lib/gcc/arm-atollic-eabi/6.3.1/armv7e-m/fpu/crtbegin.o
                [!provide]                PROVIDE (__fini_array_end, .)
                0x08006f54                _sidata = LOADADDR (.data)

.data           0x20000000      0x370 load address 0x08006f54
                0x20000000                . = ALIGN (0x4)
                0x20000000                _sdata = .
 *(.data)
 *(.data*)
 .data.Lsm303dlhcDrv
                0x20000000       0x34 Drivers\BSP\Components\lsm303dlhc\lsm303dlhc.o
                0x20000000                Lsm303dlhcDrv
 .data.I2cxTimeout
                0x20000034        0x4 Drivers\BSP\STM32F411E-Discovery\stm32f411e_discovery.o
                0x20000034                I2cxTimeout
 .data.uwTickFreq
                0x20000038        0x1 Drivers\STM32F4xx_HAL_Driver\Src\stm32f4xx_hal.o
                0x20000038                uwTickFreq
 *fill*         0x20000039        0x3 
 .data.USBD_CDC
                0x2000003c       0x38 Middlewares\ST\STM32_USB_Device_Library\Class\CDC\Src\usbd_cdc.o
                0x2000003c                USBD_CDC
 .data.USBD_CDC_CfgFSDesc
                0x20000074       0x43 Middlewares\ST\STM32_USB_Device_Library\Class\CDC\Src\usbd_cdc.o
                0x20000074                USBD_CDC_CfgFSDesc
 *fill*         0x200000b7        0x1 
 .data.USBD_CDC_CfgHSDesc
                0x200000b8       0x43 Middlewares\ST\STM32_USB_Device_Library\Class\CDC\Src\usbd_cdc.o
                0x200000b8                USBD_CDC_CfgHSDesc
 *fill*         0x200000fb        0x1 
 .data.USBD_CDC_DeviceQualifierDesc
                0x200000fc        0xa Middlewares\ST\STM32_USB_Device_Library\Class\CDC\Src\usbd_cdc.o
 *fill*         0x20000106        0x2 
 .data.USBD_CDC_OtherSpeedCfgDesc
                0x20000108       0x43 Middlewares\ST\STM32_USB_Device_Library\Class\CDC\Src\usbd_cdc.o
                0x20000108                USBD_CDC_OtherSpeedCfgDesc
 *fill*         0x2000014b        0x1 
 .data.SystemCoreClock
                0x2000014c        0x4 Src\system_stm32f4xx.o
                0x2000014c                SystemCoreClock
 .data.LineCoding
                0x20000150        0x8 Src\usbd_cdc_if.o
                0x20000150                LineCoding
 .data.USBD_Interface_fops_FS
                0x20000158       0x10 Src\usbd_cdc_if.o
                0x20000158                USBD_Interface_fops_FS
 .data.FS_Desc  0x20000168       0x1c Src\usbd_desc.o
                0x20000168                FS_Desc
 .data.USBD_FS_DeviceDesc
                0x20000184       0x12 Src\usbd_desc.o
                0x20000184                USBD_FS_DeviceDesc
 *fill*         0x20000196        0x2 
 .data.USBD_LangIDDesc
                0x20000198        0x4 Src\usbd_desc.o
                0x20000198                USBD_LangIDDesc
 .data._impure_ptr
                0x2000019c        0x4 c:/program files (x86)/atollic/truestudio for stm32 9.0.1/armtools/bin/../lib/gcc/arm-atollic-eabi/6.3.1/../../../../arm-atollic-eabi/lib/armv7e-m/fpu\libc_nano.a(lib_a-impure.o)
                0x2000019c                _impure_ptr
 .data.impure_data
                0x200001a0       0x60 c:/program files (x86)/atollic/truestudio for stm32 9.0.1/armtools/bin/../lib/gcc/arm-atollic-eabi/6.3.1/../../../../arm-atollic-eabi/lib/armv7e-m/fpu\libc_nano.a(lib_a-impure.o)
 .data.__global_locale
                0x20000200      0x16c c:/program files (x86)/atollic/truestudio for stm32 9.0.1/armtools/bin/../lib/gcc/arm-atollic-eabi/6.3.1/../../../../arm-atollic-eabi/lib/armv7e-m/fpu\libc_nano.a(lib_a-locale.o)
                0x20000200                __global_locale
 .data.__fdlib_version
                0x2000036c        0x1 c:/program files (x86)/atollic/truestudio for stm32 9.0.1/armtools/bin/../lib/gcc/arm-atollic-eabi/6.3.1/../../../../arm-atollic-eabi/lib/armv7e-m/fpu\libm.a(lib_a-s_lib_ver.o)
                0x2000036c                __fdlib_version
                0x20000370                . = ALIGN (0x4)
 *fill*         0x2000036d        0x3 
                0x20000370                _edata = .

.igot.plt       0x20000370        0x0 load address 0x080072c4
 .igot.plt      0x20000370        0x0 c:/program files (x86)/atollic/truestudio for stm32 9.0.1/armtools/bin/../lib/gcc/arm-atollic-eabi/6.3.1/armv7e-m/fpu/crtbegin.o
                0x20000370                . = ALIGN (0x4)

.bss            0x20000370      0xc44 load address 0x080072c4
                0x20000370                _sbss = .
                0x20000370                __bss_start__ = _sbss
 *(.bss)
 .bss           0x20000370       0x1c c:/program files (x86)/atollic/truestudio for stm32 9.0.1/armtools/bin/../lib/gcc/arm-atollic-eabi/6.3.1/armv7e-m/fpu/crtbegin.o
 *(.bss*)
 .bss.I2cHandle
                0x2000038c       0x54 Drivers\BSP\STM32F411E-Discovery\stm32f411e_discovery.o
 .bss.AccelerometerDrv
                0x200003e0        0x4 Drivers\BSP\STM32F411E-Discovery\stm32f411e_discovery_accelerometer.o
 .bss.ifalt.10262
                0x200003e4        0x1 Middlewares\ST\STM32_USB_Device_Library\Class\CDC\Src\usbd_cdc.o
 .bss.cfgidx.10267
                0x200003e5        0x1 Middlewares\ST\STM32_USB_Device_Library\Core\Src\usbd_ctlreq.o
 .bss.derivativo
                0x200003e6        0x1 Src\main.o
                0x200003e6                derivativo
 .bss.getValueADC
                0x200003e7        0x1 Src\main.o
                0x200003e7                getValueADC
 .bss.integral  0x200003e8        0x1 Src\main.o
                0x200003e8                integral
 .bss.last_erro
                0x200003e9        0x1 Src\main.o
                0x200003e9                last_erro
 .bss.proporcional
                0x200003ea        0x1 Src\main.o
                0x200003ea                proporcional
 *fill*         0x200003eb        0x1 
 .bss.bytes_sent
                0x200003ec        0x4 Src\usbd_cdc_if.o
                0x200003ec                bytes_sent
 .bss.bytes_written
                0x200003f0        0x4 Src\usbd_cdc_if.o
                0x200003f0                bytes_written
 .bss.last_string_start_pos
                0x200003f4        0x4 Src\usbd_cdc_if.o
                0x200003f4                last_string_start_pos
 .bss.usb_bytes_received
                0x200003f8        0x4 Src\usbd_cdc_if.o
                0x200003f8                usb_bytes_received
 .bss.usb_bytes_scanned
                0x200003fc        0x4 Src\usbd_cdc_if.o
                0x200003fc                usb_bytes_scanned
 .bss.usb_commandlinebuffer_pos
                0x20000400        0x2 Src\usbd_cdc_if.o
                0x20000400                usb_commandlinebuffer_pos
 .bss.usb_rxbuffer_overflow
                0x20000402        0x1 Src\usbd_cdc_if.o
                0x20000402                usb_rxbuffer_overflow
 *fill*         0x20000403        0x1 
 .bss.__malloc_free_list
                0x20000404        0x4 c:/program files (x86)/atollic/truestudio for stm32 9.0.1/armtools/bin/../lib/gcc/arm-atollic-eabi/6.3.1/../../../../arm-atollic-eabi/lib/armv7e-m/fpu\libc_nano.a(lib_a-nano-mallocr.o)
                0x20000404                __malloc_free_list
 .bss.__malloc_sbrk_start
                0x20000408        0x4 c:/program files (x86)/atollic/truestudio for stm32 9.0.1/armtools/bin/../lib/gcc/arm-atollic-eabi/6.3.1/../../../../arm-atollic-eabi/lib/armv7e-m/fpu\libc_nano.a(lib_a-nano-mallocr.o)
                0x20000408                __malloc_sbrk_start
 .bss.heap_end.5239
                0x2000040c        0x4 c:/program files (x86)/atollic/truestudio for stm32 9.0.1/armtools/bin/../lib/gcc/arm-atollic-eabi/6.3.1/../../../../arm-atollic-eabi/lib/armv7e-m/fpu\libnosys.a(sbrk.o)
 *(COMMON)
 COMMON         0x20000410        0x4 Drivers\STM32F4xx_HAL_Driver\Src\stm32f4xx_hal.o
                0x20000410                uwTick
 COMMON         0x20000414       0x48 Src\adc.o
                0x20000414                hadc1
 COMMON         0x2000045c       0x54 Src\i2c.o
                0x2000045c                hi2c1
 COMMON         0x200004b0       0x90 Src\i2s.o
                0x200004b0                hi2s2
                0x200004f8                hi2s3
 COMMON         0x20000540       0x71 Src\main.o
                0x20000540                samplesACC_Z
                0x20000554                kd
                0x20000558                Setpoint
                0x20000560                myPID
                0x20000568                Output
                0x20000570                myPIDOutput
                0x20000574                ki
                0x20000576                data
                0x2000057c                samplesACC_X
                0x20000590                samplesACC_Y
                0x200005a8                Input
                0x200005b0                kp
 *fill*         0x200005b1        0x3 
 COMMON         0x200005b4       0x58 Src\spi.o
                0x200005b4                hspi1
 COMMON         0x2000060c       0x3c Src\stm32f4xx_hal_timebase_TIM.o
                0x2000060c                htim10
 COMMON         0x20000648       0x3c Src\tim.o
                0x20000648                htim3
 COMMON         0x20000684      0x224 Src\usb_device.o
                0x20000684                hUsbDeviceFS
 COMMON         0x200008a8      0x117 Src\usbd_cdc_if.o
                0x200008a8                usb_commandlinebuffer
                0x200008ac                received_data_size
                0x200008b0                UserRxBufferFS
                0x200008b4                received_data
                0x200008b8                UserTxBufferFS
                0x200009b7                auxRXbuffer
                0x200009bb                rxbuffer
 *fill*         0x200009bf        0x1 
 COMMON         0x200009c0      0x3f0 Src\usbd_conf.o
                0x200009c0                hpcd_USB_OTG_FS
 COMMON         0x20000db0      0x200 Src\usbd_desc.o
                0x20000db0                USBD_StrDesc
 COMMON         0x20000fb0        0x4 c:/program files (x86)/atollic/truestudio for stm32 9.0.1/armtools/bin/../lib/gcc/arm-atollic-eabi/6.3.1/../../../../arm-atollic-eabi/lib/armv7e-m/fpu\libc_nano.a(lib_a-reent.o)
                0x20000fb0                errno
                0x20000fb4                . = ALIGN (0x4)
                0x20000fb4                _ebss = .
                0x20000fb4                __bss_end__ = _ebss

._user_heap_stack
                0x20000fb4      0x600 load address 0x080072c4
                0x20000fb4                . = ALIGN (0x4)
                0x20000fb4                PROVIDE (end, .)
                [!provide]                PROVIDE (_end, .)
                0x200011b4                . = (. + _Min_Heap_Size)
 *fill*         0x20000fb4      0x200 
                0x200015b4                . = (. + _Min_Stack_Size)
 *fill*         0x200011b4      0x400 
                0x200015b4                . = ALIGN (0x4)

/DISCARD/
 libc.a(*)
 libm.a(*)
 libgcc.a(*)

.ARM.attributes
                0x00000000       0x30
 *(.ARM.attributes)
 .ARM.attributes
                0x00000000       0x22 c:/program files (x86)/atollic/truestudio for stm32 9.0.1/armtools/bin/../lib/gcc/arm-atollic-eabi/6.3.1/armv7e-m/fpu/crti.o
 .ARM.attributes
                0x00000022       0x34 c:/program files (x86)/atollic/truestudio for stm32 9.0.1/armtools/bin/../lib/gcc/arm-atollic-eabi/6.3.1/armv7e-m/fpu/crtbegin.o
 .ARM.attributes
                0x00000056       0x39 Drivers\BSP\Components\lsm303dlhc\lsm303dlhc.o
 .ARM.attributes
                0x0000008f       0x39 Drivers\BSP\STM32F411E-Discovery\stm32f411e_discovery.o
 .ARM.attributes
                0x000000c8       0x39 Drivers\BSP\STM32F411E-Discovery\stm32f411e_discovery_accelerometer.o
 .ARM.attributes
                0x00000101       0x39 Drivers\STM32F4xx_HAL_Driver\Src\stm32f4xx_hal.o
 .ARM.attributes
                0x0000013a       0x39 Drivers\STM32F4xx_HAL_Driver\Src\stm32f4xx_hal_adc.o
 .ARM.attributes
                0x00000173       0x39 Drivers\STM32F4xx_HAL_Driver\Src\stm32f4xx_hal_cortex.o
 .ARM.attributes
                0x000001ac       0x39 Drivers\STM32F4xx_HAL_Driver\Src\stm32f4xx_hal_gpio.o
 .ARM.attributes
                0x000001e5       0x39 Drivers\STM32F4xx_HAL_Driver\Src\stm32f4xx_hal_i2c.o
 .ARM.attributes
                0x0000021e       0x39 Drivers\STM32F4xx_HAL_Driver\Src\stm32f4xx_hal_i2s.o
 .ARM.attributes
                0x00000257       0x39 Drivers\STM32F4xx_HAL_Driver\Src\stm32f4xx_hal_i2s_ex.o
 .ARM.attributes
                0x00000290       0x39 Drivers\STM32F4xx_HAL_Driver\Src\stm32f4xx_hal_pcd.o
 .ARM.attributes
                0x000002c9       0x39 Drivers\STM32F4xx_HAL_Driver\Src\stm32f4xx_hal_pcd_ex.o
 .ARM.attributes
                0x00000302       0x39 Drivers\STM32F4xx_HAL_Driver\Src\stm32f4xx_hal_rcc.o
 .ARM.attributes
                0x0000033b       0x39 Drivers\STM32F4xx_HAL_Driver\Src\stm32f4xx_hal_rcc_ex.o
 .ARM.attributes
                0x00000374       0x39 Drivers\STM32F4xx_HAL_Driver\Src\stm32f4xx_hal_spi.o
 .ARM.attributes
                0x000003ad       0x39 Drivers\STM32F4xx_HAL_Driver\Src\stm32f4xx_hal_tim.o
 .ARM.attributes
                0x000003e6       0x39 Drivers\STM32F4xx_HAL_Driver\Src\stm32f4xx_hal_tim_ex.o
 .ARM.attributes
                0x0000041f       0x39 Drivers\STM32F4xx_HAL_Driver\Src\stm32f4xx_ll_usb.o
 .ARM.attributes
                0x00000458       0x39 Middlewares\ST\STM32_USB_Device_Library\Class\CDC\Src\usbd_cdc.o
 .ARM.attributes
                0x00000491       0x39 Middlewares\ST\STM32_USB_Device_Library\Core\Src\usbd_core.o
 .ARM.attributes
                0x000004ca       0x39 Middlewares\ST\STM32_USB_Device_Library\Core\Src\usbd_ctlreq.o
 .ARM.attributes
                0x00000503       0x39 Middlewares\ST\STM32_USB_Device_Library\Core\Src\usbd_ioreq.o
 .ARM.attributes
                0x0000053c       0x39 Src\adc.o
 .ARM.attributes
                0x00000575       0x39 Src\gpio.o
 .ARM.attributes
                0x000005ae       0x39 Src\i2c.o
 .ARM.attributes
                0x000005e7       0x39 Src\i2s.o
 .ARM.attributes
                0x00000620       0x39 Src\main.o
 .ARM.attributes
                0x00000659       0x39 Src\spi.o
 .ARM.attributes
                0x00000692       0x39 Src\stm32f4xx_hal_msp.o
 .ARM.attributes
                0x000006cb       0x39 Src\stm32f4xx_hal_timebase_TIM.o
 .ARM.attributes
                0x00000704       0x39 Src\stm32f4xx_it.o
 .ARM.attributes
                0x0000073d       0x39 Src\system_stm32f4xx.o
 .ARM.attributes
                0x00000776       0x39 Src\tim.o
 .ARM.attributes
                0x000007af       0x39 Src\usb_device.o
 .ARM.attributes
                0x000007e8       0x39 Src\usbd_cdc_if.o
 .ARM.attributes
                0x00000821       0x39 Src\usbd_conf.o
 .ARM.attributes
                0x0000085a       0x39 Src\usbd_desc.o
 .ARM.attributes
                0x00000893       0x21 startup\startup_stm32f411xe.o
 .ARM.attributes
                0x000008b4       0x34 c:/program files (x86)/atollic/truestudio for stm32 9.0.1/armtools/bin/../lib/gcc/arm-atollic-eabi/6.3.1/../../../../arm-atollic-eabi/lib/armv7e-m/fpu\libc_nano.a(lib_a-atoi.o)
 .ARM.attributes
                0x000008e8       0x34 c:/program files (x86)/atollic/truestudio for stm32 9.0.1/armtools/bin/../lib/gcc/arm-atollic-eabi/6.3.1/../../../../arm-atollic-eabi/lib/armv7e-m/fpu\libc_nano.a(lib_a-init.o)
 .ARM.attributes
                0x0000091c       0x34 c:/program files (x86)/atollic/truestudio for stm32 9.0.1/armtools/bin/../lib/gcc/arm-atollic-eabi/6.3.1/../../../../arm-atollic-eabi/lib/armv7e-m/fpu\libc_nano.a(lib_a-malloc.o)
 .ARM.attributes
                0x00000950       0x34 c:/program files (x86)/atollic/truestudio for stm32 9.0.1/armtools/bin/../lib/gcc/arm-atollic-eabi/6.3.1/../../../../arm-atollic-eabi/lib/armv7e-m/fpu\libc_nano.a(lib_a-memcpy-stub.o)
 .ARM.attributes
                0x00000984       0x34 c:/program files (x86)/atollic/truestudio for stm32 9.0.1/armtools/bin/../lib/gcc/arm-atollic-eabi/6.3.1/../../../../arm-atollic-eabi/lib/armv7e-m/fpu\libc_nano.a(lib_a-nano-freer.o)
 .ARM.attributes
                0x000009b8       0x34 c:/program files (x86)/atollic/truestudio for stm32 9.0.1/armtools/bin/../lib/gcc/arm-atollic-eabi/6.3.1/../../../../arm-atollic-eabi/lib/armv7e-m/fpu\libc_nano.a(lib_a-nano-mallocr.o)
 .ARM.attributes
                0x000009ec       0x34 c:/program files (x86)/atollic/truestudio for stm32 9.0.1/armtools/bin/../lib/gcc/arm-atollic-eabi/6.3.1/../../../../arm-atollic-eabi/lib/armv7e-m/fpu\libc_nano.a(lib_a-sbrkr.o)
 .ARM.attributes
                0x00000a20       0x1b c:/program files (x86)/atollic/truestudio for stm32 9.0.1/armtools/bin/../lib/gcc/arm-atollic-eabi/6.3.1/../../../../arm-atollic-eabi/lib/armv7e-m/fpu\libc_nano.a(lib_a-strlen.o)
 .ARM.attributes
                0x00000a3b       0x34 c:/program files (x86)/atollic/truestudio for stm32 9.0.1/armtools/bin/../lib/gcc/arm-atollic-eabi/6.3.1/../../../../arm-atollic-eabi/lib/armv7e-m/fpu\libc_nano.a(lib_a-strtol.o)
 .ARM.attributes
                0x00000a6f       0x34 c:/program files (x86)/atollic/truestudio for stm32 9.0.1/armtools/bin/../lib/gcc/arm-atollic-eabi/6.3.1/../../../../arm-atollic-eabi/lib/armv7e-m/fpu\libc_nano.a(lib_a-vsprintf.o)
 .ARM.attributes
                0x00000aa3       0x34 c:/program files (x86)/atollic/truestudio for stm32 9.0.1/armtools/bin/../lib/gcc/arm-atollic-eabi/6.3.1/../../../../arm-atollic-eabi/lib/armv7e-m/fpu\libc_nano.a(lib_a-impure.o)
 .ARM.attributes
                0x00000ad7       0x34 c:/program files (x86)/atollic/truestudio for stm32 9.0.1/armtools/bin/../lib/gcc/arm-atollic-eabi/6.3.1/../../../../arm-atollic-eabi/lib/armv7e-m/fpu\libc_nano.a(lib_a-locale.o)
 .ARM.attributes
                0x00000b0b       0x34 c:/program files (x86)/atollic/truestudio for stm32 9.0.1/armtools/bin/../lib/gcc/arm-atollic-eabi/6.3.1/../../../../arm-atollic-eabi/lib/armv7e-m/fpu\libc_nano.a(lib_a-mbtowc_r.o)
 .ARM.attributes
                0x00000b3f       0x34 c:/program files (x86)/atollic/truestudio for stm32 9.0.1/armtools/bin/../lib/gcc/arm-atollic-eabi/6.3.1/../../../../arm-atollic-eabi/lib/armv7e-m/fpu\libc_nano.a(lib_a-mlock.o)
 .ARM.attributes
                0x00000b73       0x34 c:/program files (x86)/atollic/truestudio for stm32 9.0.1/armtools/bin/../lib/gcc/arm-atollic-eabi/6.3.1/../../../../arm-atollic-eabi/lib/armv7e-m/fpu\libc_nano.a(lib_a-nano-svfprintf.o)
 .ARM.attributes
                0x00000ba7       0x34 c:/program files (x86)/atollic/truestudio for stm32 9.0.1/armtools/bin/../lib/gcc/arm-atollic-eabi/6.3.1/../../../../arm-atollic-eabi/lib/armv7e-m/fpu\libc_nano.a(lib_a-nano-vfprintf_i.o)
 .ARM.attributes
                0x00000bdb       0x34 c:/program files (x86)/atollic/truestudio for stm32 9.0.1/armtools/bin/../lib/gcc/arm-atollic-eabi/6.3.1/../../../../arm-atollic-eabi/lib/armv7e-m/fpu\libc_nano.a(lib_a-reent.o)
 .ARM.attributes
                0x00000c0f       0x34 c:/program files (x86)/atollic/truestudio for stm32 9.0.1/armtools/bin/../lib/gcc/arm-atollic-eabi/6.3.1/../../../../arm-atollic-eabi/lib/armv7e-m/fpu\libc_nano.a(lib_a-wctomb_r.o)
 .ARM.attributes
                0x00000c43       0x34 c:/program files (x86)/atollic/truestudio for stm32 9.0.1/armtools/bin/../lib/gcc/arm-atollic-eabi/6.3.1/../../../../arm-atollic-eabi/lib/armv7e-m/fpu\libc_nano.a(lib_a-ctype_.o)
 .ARM.attributes
                0x00000c77       0x20 c:/program files (x86)/atollic/truestudio for stm32 9.0.1/armtools/bin/../lib/gcc/arm-atollic-eabi/6.3.1/../../../../arm-atollic-eabi/lib/armv7e-m/fpu\libc_nano.a(lib_a-memchr.o)
 .ARM.attributes
                0x00000c97       0x34 c:/program files (x86)/atollic/truestudio for stm32 9.0.1/armtools/bin/../lib/gcc/arm-atollic-eabi/6.3.1/../../../../arm-atollic-eabi/lib/armv7e-m/fpu\libc_nano.a(lib_a-memmove.o)
 .ARM.attributes
                0x00000ccb       0x34 c:/program files (x86)/atollic/truestudio for stm32 9.0.1/armtools/bin/../lib/gcc/arm-atollic-eabi/6.3.1/../../../../arm-atollic-eabi/lib/armv7e-m/fpu\libc_nano.a(lib_a-nano-reallocr.o)
 .ARM.attributes
                0x00000cff       0x34 c:/program files (x86)/atollic/truestudio for stm32 9.0.1/armtools/bin/../lib/gcc/arm-atollic-eabi/6.3.1/../../../../arm-atollic-eabi/lib/armv7e-m/fpu\libc_nano.a(lib_a-nano-msizer.o)
 .ARM.attributes
                0x00000d33       0x34 c:/program files (x86)/atollic/truestudio for stm32 9.0.1/armtools/bin/../lib/gcc/arm-atollic-eabi/6.3.1/../../../../arm-atollic-eabi/lib/armv7e-m/fpu\libm.a(lib_a-w_sqrt.o)
 .ARM.attributes
                0x00000d67       0x34 c:/program files (x86)/atollic/truestudio for stm32 9.0.1/armtools/bin/../lib/gcc/arm-atollic-eabi/6.3.1/../../../../arm-atollic-eabi/lib/armv7e-m/fpu\libm.a(lib_a-e_sqrt.o)
 .ARM.attributes
                0x00000d9b       0x34 c:/program files (x86)/atollic/truestudio for stm32 9.0.1/armtools/bin/../lib/gcc/arm-atollic-eabi/6.3.1/../../../../arm-atollic-eabi/lib/armv7e-m/fpu\libm.a(lib_a-s_lib_ver.o)
 .ARM.attributes
                0x00000dcf       0x34 c:/program files (x86)/atollic/truestudio for stm32 9.0.1/armtools/bin/../lib/gcc/arm-atollic-eabi/6.3.1/../../../../arm-atollic-eabi/lib/armv7e-m/fpu\libm.a(lib_a-s_matherr.o)
 .ARM.attributes
                0x00000e03       0x34 c:/program files (x86)/atollic/truestudio for stm32 9.0.1/armtools/bin/../lib/gcc/arm-atollic-eabi/6.3.1/../../../../arm-atollic-eabi/lib/armv7e-m/fpu\libc_nano.a(lib_a-errno.o)
 .ARM.attributes
                0x00000e37       0x22 c:/program files (x86)/atollic/truestudio for stm32 9.0.1/armtools/bin/../lib/gcc/arm-atollic-eabi/6.3.1/armv7e-m/fpu\libgcc.a(_arm_addsubdf3.o)
 .ARM.attributes
                0x00000e59       0x22 c:/program files (x86)/atollic/truestudio for stm32 9.0.1/armtools/bin/../lib/gcc/arm-atollic-eabi/6.3.1/armv7e-m/fpu\libgcc.a(_arm_muldivdf3.o)
 .ARM.attributes
                0x00000e7b       0x22 c:/program files (x86)/atollic/truestudio for stm32 9.0.1/armtools/bin/../lib/gcc/arm-atollic-eabi/6.3.1/armv7e-m/fpu\libgcc.a(_arm_cmpdf2.o)
 .ARM.attributes
                0x00000e9d       0x22 c:/program files (x86)/atollic/truestudio for stm32 9.0.1/armtools/bin/../lib/gcc/arm-atollic-eabi/6.3.1/armv7e-m/fpu\libgcc.a(_arm_unorddf2.o)
 .ARM.attributes
                0x00000ebf       0x22 c:/program files (x86)/atollic/truestudio for stm32 9.0.1/armtools/bin/../lib/gcc/arm-atollic-eabi/6.3.1/armv7e-m/fpu\libgcc.a(_arm_fixdfsi.o)
 .ARM.attributes
                0x00000ee1       0x22 c:/program files (x86)/atollic/truestudio for stm32 9.0.1/armtools/bin/../lib/gcc/arm-atollic-eabi/6.3.1/armv7e-m/fpu\libgcc.a(_aeabi_uldivmod.o)
 .ARM.attributes
                0x00000f03       0x34 c:/program files (x86)/atollic/truestudio for stm32 9.0.1/armtools/bin/../lib/gcc/arm-atollic-eabi/6.3.1/armv7e-m/fpu\libgcc.a(_udivmoddi4.o)
 .ARM.attributes
                0x00000f37       0x22 c:/program files (x86)/atollic/truestudio for stm32 9.0.1/armtools/bin/../lib/gcc/arm-atollic-eabi/6.3.1/armv7e-m/fpu\libgcc.a(_dvmd_tls.o)
 .ARM.attributes
                0x00000f59       0x34 c:/program files (x86)/atollic/truestudio for stm32 9.0.1/armtools/bin/../lib/gcc/arm-atollic-eabi/6.3.1/../../../../arm-atollic-eabi/lib/armv7e-m/fpu\libnosys.a(sbrk.o)
 .ARM.attributes
                0x00000f8d       0x22 c:/program files (x86)/atollic/truestudio for stm32 9.0.1/armtools/bin/../lib/gcc/arm-atollic-eabi/6.3.1/armv7e-m/fpu/crtn.o
OUTPUT(tp_vermetal.elf elf32-littlearm)

.debug_info     0x00000000    0x34d40
 .debug_info    0x00000000      0xaf3 Drivers\BSP\Components\lsm303dlhc\lsm303dlhc.o
 .debug_info    0x00000af3     0x22ff Drivers\BSP\STM32F411E-Discovery\stm32f411e_discovery.o
 .debug_info    0x00002df2      0xc47 Drivers\BSP\STM32F411E-Discovery\stm32f411e_discovery_accelerometer.o
 .debug_info    0x00003a39     0x1180 Drivers\STM32F4xx_HAL_Driver\Src\stm32f4xx_hal.o