PID_v1.c:35:6:PID_Compute	0	static
PID_v1.c:77:6:PID_SetTunings	0	static
PID_v1.c:101:6:PID_SetSampleTime	0	static
PID_v1.c:118:6:PID_SetOutputLimits	0	static
PID_v1.c:159:6:PID_Initialize	0	static
PID_v1.c:145:6:PID_SetMode	8	static
PID_v1.c:175:6:PID_SetControllerDirection	0	static
PID_v1.c:8:6:PID_init	8	static
PID_v1.c:189:11:PID_GetKp	0	static
PID_v1.c:192:11:PID_GetKi	0	static
PID_v1.c:195:11:PID_GetKd	0	static
PID_v1.c:198:13:PID_GetMode	0	static
PID_v1.c:201:18:PID_GetDirection	0	static
