Archive member included to satisfy reference by file (symbol)

c:/program files (x86)/atollic/truestudio for stm32 9.0.1/armtools/bin/../lib/gcc/arm-atollic-eabi/6.3.1/../../../../arm-atollic-eabi/lib/armv7e-m/fpu\libc_nano.a(lib_a-atoi.o)
                              Src\freertos.o (atoi)
c:/program files (x86)/atollic/truestudio for stm32 9.0.1/armtools/bin/../lib/gcc/arm-atollic-eabi/6.3.1/../../../../arm-atollic-eabi/lib/armv7e-m/fpu\libc_nano.a(lib_a-init.o)
                              startup\startup_stm32f411xe.o (__libc_init_array)
c:/program files (x86)/atollic/truestudio for stm32 9.0.1/armtools/bin/../lib/gcc/arm-atollic-eabi/6.3.1/../../../../arm-atollic-eabi/lib/armv7e-m/fpu\libc_nano.a(lib_a-malloc.o)
                              Middlewares\ST\STM32_USB_Device_Library\Class\CDC\Src\usbd_cdc.o (malloc)
c:/program files (x86)/atollic/truestudio for stm32 9.0.1/armtools/bin/../lib/gcc/arm-atollic-eabi/6.3.1/../../../../arm-atollic-eabi/lib/armv7e-m/fpu\libc_nano.a(lib_a-memcpy-stub.o)
                              Middlewares\Third_Party\FreeRTOS\Source\queue.o (memcpy)
c:/program files (x86)/atollic/truestudio for stm32 9.0.1/armtools/bin/../lib/gcc/arm-atollic-eabi/6.3.1/../../../../arm-atollic-eabi/lib/armv7e-m/fpu\libc_nano.a(lib_a-nano-freer.o)
                              c:/program files (x86)/atollic/truestudio for stm32 9.0.1/armtools/bin/../lib/gcc/arm-atollic-eabi/6.3.1/../../../../arm-atollic-eabi/lib/armv7e-m/fpu\libc_nano.a(lib_a-malloc.o) (_free_r)
c:/program files (x86)/atollic/truestudio for stm32 9.0.1/armtools/bin/../lib/gcc/arm-atollic-eabi/6.3.1/../../../../arm-atollic-eabi/lib/armv7e-m/fpu\libc_nano.a(lib_a-nano-mallocr.o)
                              c:/program files (x86)/atollic/truestudio for stm32 9.0.1/armtools/bin/../lib/gcc/arm-atollic-eabi/6.3.1/../../../../arm-atollic-eabi/lib/armv7e-m/fpu\libc_nano.a(lib_a-malloc.o) (_malloc_r)
c:/program files (x86)/atollic/truestudio for stm32 9.0.1/armtools/bin/../lib/gcc/arm-atollic-eabi/6.3.1/../../../../arm-atollic-eabi/lib/armv7e-m/fpu\libc_nano.a(lib_a-sbrkr.o)
                              c:/program files (x86)/atollic/truestudio for stm32 9.0.1/armtools/bin/../lib/gcc/arm-atollic-eabi/6.3.1/../../../../arm-atollic-eabi/lib/armv7e-m/fpu\libc_nano.a(lib_a-nano-mallocr.o) (_sbrk_r)
c:/program files (x86)/atollic/truestudio for stm32 9.0.1/armtools/bin/../lib/gcc/arm-atollic-eabi/6.3.1/../../../../arm-atollic-eabi/lib/armv7e-m/fpu\libc_nano.a(lib_a-strlen.o)
                              Src\freertos.o (strlen)
c:/program files (x86)/atollic/truestudio for stm32 9.0.1/armtools/bin/../lib/gcc/arm-atollic-eabi/6.3.1/../../../../arm-atollic-eabi/lib/armv7e-m/fpu\libc_nano.a(lib_a-strtol.o)
                              c:/program files (x86)/atollic/truestudio for stm32 9.0.1/armtools/bin/../lib/gcc/arm-atollic-eabi/6.3.1/../../../../arm-atollic-eabi/lib/armv7e-m/fpu\libc_nano.a(lib_a-atoi.o) (_strtol_r)
c:/program files (x86)/atollic/truestudio for stm32 9.0.1/armtools/bin/../lib/gcc/arm-atollic-eabi/6.3.1/../../../../arm-atollic-eabi/lib/armv7e-m/fpu\libc_nano.a(lib_a-vsprintf.o)
                              Src\freertos.o (vsprintf)
c:/program files (x86)/atollic/truestudio for stm32 9.0.1/armtools/bin/../lib/gcc/arm-atollic-eabi/6.3.1/../../../../arm-atollic-eabi/lib/armv7e-m/fpu\libc_nano.a(lib_a-impure.o)
                              c:/program files (x86)/atollic/truestudio for stm32 9.0.1/armtools/bin/../lib/gcc/arm-atollic-eabi/6.3.1/../../../../arm-atollic-eabi/lib/armv7e-m/fpu\libc_nano.a(lib_a-malloc.o) (_impure_ptr)
c:/program files (x86)/atollic/truestudio for stm32 9.0.1/armtools/bin/../lib/gcc/arm-atollic-eabi/6.3.1/../../../../arm-atollic-eabi/lib/armv7e-m/fpu\libc_nano.a(lib_a-locale.o)
                              c:/program files (x86)/atollic/truestudio for stm32 9.0.1/armtools/bin/../lib/gcc/arm-atollic-eabi/6.3.1/../../../../arm-atollic-eabi/lib/armv7e-m/fpu\libc_nano.a(lib_a-strtol.o) (__locale_ctype_ptr_l)
c:/program files (x86)/atollic/truestudio for stm32 9.0.1/armtools/bin/../lib/gcc/arm-atollic-eabi/6.3.1/../../../../arm-atollic-eabi/lib/armv7e-m/fpu\libc_nano.a(lib_a-mbtowc_r.o)
                              c:/program files (x86)/atollic/truestudio for stm32 9.0.1/armtools/bin/../lib/gcc/arm-atollic-eabi/6.3.1/../../../../arm-atollic-eabi/lib/armv7e-m/fpu\libc_nano.a(lib_a-locale.o) (__ascii_mbtowc)
c:/program files (x86)/atollic/truestudio for stm32 9.0.1/armtools/bin/../lib/gcc/arm-atollic-eabi/6.3.1/../../../../arm-atollic-eabi/lib/armv7e-m/fpu\libc_nano.a(lib_a-mlock.o)
                              c:/program files (x86)/atollic/truestudio for stm32 9.0.1/armtools/bin/../lib/gcc/arm-atollic-eabi/6.3.1/../../../../arm-atollic-eabi/lib/armv7e-m/fpu\libc_nano.a(lib_a-nano-freer.o) (__malloc_lock)
c:/program files (x86)/atollic/truestudio for stm32 9.0.1/armtools/bin/../lib/gcc/arm-atollic-eabi/6.3.1/../../../../arm-atollic-eabi/lib/armv7e-m/fpu\libc_nano.a(lib_a-nano-svfprintf.o)
[...]
Memory Configuration

Name             Origin             Length             Attributes
RAM              0x20000000         0x00020000         xrw
FLASH            0x08000000         0x00080000         xr
*default*        0x00000000         0xffffffff

Linker script and memory map

LOAD c:/program files (x86)/atollic/truestudio for stm32 9.0.1/armtools/bin/../lib/gcc/arm-atollic-eabi/6.3.1/armv7e-m/fpu/crti.o
LOAD c:/program files (x86)/atollic/truestudio for stm32 9.0.1/armtools/bin/../lib/gcc/arm-atollic-eabi/6.3.1/armv7e-m/fpu/crtbegin.o
LOAD Drivers\BSP\Components\cs43l22\cs43l22.o
LOAD Drivers\BSP\Components\exc7200\exc7200.o
LOAD Drivers\BSP\Components\ft6x06\ft6x06.o
LOAD Drivers\BSP\Components\ili9325\ili9325.o
LOAD Drivers\BSP\Components\ili9341\ili9341.o
LOAD Drivers\BSP\Components\l3gd20\l3gd20.o
LOAD Drivers\BSP\Components\lis302dl\lis302dl.o
LOAD Drivers\BSP\Components\lis3dsh\lis3dsh.o
LOAD Drivers\BSP\Components\ls016b8uy\ls016b8uy.o
LOAD Drivers\BSP\Components\lsm303dlhc\lsm303dlhc.o
LOAD Drivers\BSP\Components\mfxstm32l152\mfxstm32l152.o
LOAD Drivers\BSP\Components\otm8009a\otm8009a.o
LOAD Drivers\BSP\Components\ov2640\ov2640.o
LOAD Drivers\BSP\Components\s5k5cag\s5k5cag.o
LOAD Drivers\BSP\Components\st7735\st7735.o
LOAD Drivers\BSP\Components\st7789h2\st7789h2.o
LOAD Drivers\BSP\Components\stmpe1600\stmpe1600.o
LOAD Drivers\BSP\Components\stmpe811\stmpe811.o
LOAD Drivers\BSP\Components\ts3510\ts3510.o
LOAD Drivers\BSP\Components\wm8994\wm8994.o
LOAD Drivers\BSP\STM32F411E-Discovery\stm32f411e_discovery.o
LOAD Drivers\BSP\STM32F411E-Discovery\stm32f411e_discovery_accelerometer.o
LOAD Drivers\BSP\STM32F411E-Discovery\stm32f411e_discovery_audio.o
LOAD Drivers\BSP\STM32F411E-Discovery\stm32f411e_discovery_gyroscope.o
LOAD Drivers\STM32F4xx_HAL_Driver\Src\stm32f4xx_hal.o
LOAD Drivers\STM32F4xx_HAL_Driver\Src\stm32f4xx_hal_adc.o
LOAD Drivers\STM32F4xx_HAL_Driver\Src\stm32f4xx_hal_adc_ex.o
LOAD Drivers\STM32F4xx_HAL_Driver\Src\stm32f4xx_hal_cortex.o
LOAD Drivers\STM32F4xx_HAL_Driver\Src\stm32f4xx_hal_dma.o
LOAD Drivers\STM32F4xx_HAL_Driver\Src\stm32f4xx_hal_dma_ex.o
LOAD Drivers\STM32F4xx_HAL_Driver\Src\stm32f4xx_hal_flash.o
LOAD Drivers\STM32F4xx_HAL_Driver\Src\stm32f4xx_hal_flash_ex.o
LOAD Drivers\STM32F4xx_HAL_Driver\Src\stm32f4xx_hal_flash_ramfunc.o
LOAD Drivers\STM32F4xx_HAL_Driver\Src\stm32f4xx_hal_gpio.o
LOAD Drivers\STM32F4xx_HAL_Driver\Src\stm32f4xx_hal_i2c.o
LOAD Drivers\STM32F4xx_HAL_Driver\Src\stm32f4xx_hal_i2c_ex.o
LOAD Drivers\STM32F4xx_HAL_Driver\Src\stm32f4xx_hal_i2s.o
LOAD Drivers\STM32F4xx_HAL_Driver\Src\stm32f4xx_hal_i2s_ex.o
LOAD Drivers\STM32F4xx_HAL_Driver\Src\stm32f4xx_hal_pcd.o
LOAD Drivers\STM32F4xx_HAL_Driver\Src\stm32f4xx_hal_pcd_ex.o
LOAD Drivers\STM32F4xx_HAL_Driver\Src\stm32f4xx_hal_pwr.o
LOAD Drivers\STM32F4xx_HAL_Driver\Src\stm32f4xx_hal_pwr_ex.o
LOAD Drivers\STM32F4xx_HAL_Driver\Src\stm32f4xx_hal_rcc.o
LOAD Drivers\STM32F4xx_HAL_Driver\Src\stm32f4xx_hal_rcc_ex.o
LOAD Drivers\STM32F4xx_HAL_Driver\Src\stm32f4xx_hal_spi.o
LOAD Drivers\STM32F4xx_HAL_Driver\Src\stm32f4xx_hal_tim.o
LOAD Drivers\STM32F4xx_HAL_Driver\Src\stm32f4xx_hal_tim_ex.o
LOAD Drivers\STM32F4xx_HAL_Driver\Src\stm32f4xx_ll_usb.o
LOAD Middlewares\ST\STM32_USB_Device_Library\Class\CDC\Src\usbd_cdc.o
LOAD Middlewares\ST\STM32_USB_Device_Library\Core\Src\usbd_core.o
LOAD Middlewares\ST\STM32_USB_Device_Library\Core\Src\usbd_ctlreq.o
LOAD Middlewares\ST\STM32_USB_Device_Library\Core\Src\usbd_ioreq.o
LOAD Middlewares\Third_Party\FreeRTOS\Source\CMSIS_RTOS\cmsis_os.o
LOAD Middlewares\Third_Party\FreeRTOS\Source\croutine.o
LOAD Middlewares\Third_Party\FreeRTOS\Source\event_groups.o
LOAD Middlewares\Third_Party\FreeRTOS\Source\list.o
LOAD Middlewares\Third_Party\FreeRTOS\Source\portable\GCC\ARM_CM4F\port.o
LOAD Middlewares\Third_Party\FreeRTOS\Source\portable\MemMang\heap_4.o
LOAD Middlewares\Third_Party\FreeRTOS\Source\queue.o
LOAD Middlewares\Third_Party\FreeRTOS\Source\tasks.o
LOAD Middlewares\Third_Party\FreeRTOS\Source\timers.o
LOAD Src\PID_v1.o
LOAD Src\adc.o
LOAD Src\freertos.o
LOAD Src\gpio.o
LOAD Src\i2c.o
LOAD Src\i2s.o
LOAD Src\main.o
LOAD Src\spi.o
LOAD Src\stm32f4xx_hal_msp.o
LOAD Src\stm32f4xx_hal_timebase_TIM.o
LOAD Src\stm32f4xx_it.o
LOAD Src\system_stm32f4xx.o
LOAD Src\tim.o
LOAD Src\usb_device.o
LOAD Src\usbd_cdc_if.o
LOAD Src\usbd_conf.o
LOAD Src\usbd_desc.o
LOAD startup\startup_stm32f411xe.o
                0x00000080                malloc_getpagesize_P = 0x80
START GROUP
LOAD c:/program files (x86)/atollic/truestudio for stm32 9.0.1/armtools/bin/../lib/gcc/arm-atollic-eabi/6.3.1/../../../../arm-atollic-eabi/lib/armv7e-m/fpu\libc_nano.a
LOAD c:/program files (x86)/atollic/truestudio for stm32 9.0.1/armtools/bin/../lib/gcc/arm-atollic-eabi/6.3.1/../../../../arm-atollic-eabi/lib/armv7e-m/fpu\libm.a
END GROUP
START GROUP
LOAD c:/program files (x86)/atollic/truestudio for stm32 9.0.1/armtools/bin/../lib/gcc/arm-atollic-eabi/6.3.1/armv7e-m/fpu\libgcc.a
LOAD c:/program files (x86)/atollic/truestudio for stm32 9.0.1/armtools/bin/../lib/gcc/arm-atollic-eabi/6.3.1/../../../../arm-atollic-eabi/lib/armv7e-m/fpu\libc_nano.a
END GROUP
START GROUP
LOAD c:/program files (x86)/atollic/truestudio for stm32 9.0.1/armtools/bin/../lib/gcc/arm-atollic-eabi/6.3.1/armv7e-m/fpu\libgcc.a
LOAD c:/program files (x86)/atollic/truestudio for stm32 9.0.1/armtools/bin/../lib/gcc/arm-atollic-eabi/6.3.1/../../../../arm-atollic-eabi/lib/armv7e-m/fpu\libc_nano.a
LOAD c:/program files (x86)/atollic/truestudio for stm32 9.0.1/armtools/bin/../lib/gcc/arm-atollic-eabi/6.3.1/../../../../arm-atollic-eabi/lib/armv7e-m/fpu\libnosys.a
END GROUP
START GROUP
LOAD c:/program files (x86)/atollic/truestudio for stm32 9.0.1/armtools/bin/../lib/gcc/arm-atollic-eabi/6.3.1/armv7e-m/fpu\libgcc.a
LOAD c:/program files (x86)/atollic/truestudio for stm32 9.0.1/armtools/bin/../lib/gcc/arm-atollic-eabi/6.3.1/../../../../arm-atollic-eabi/lib/armv7e-m/fpu\libc_nano.a
LOAD c:/program files (x86)/atollic/truestudio for stm32 9.0.1/armtools/bin/../lib/gcc/arm-atollic-eabi/6.3.1/../../../../arm-atollic-eabi/lib/armv7e-m/fpu\libnosys.a
END GROUP
LOAD c:/program files (x86)/atollic/truestudio for stm32 9.0.1/armtools/bin/../lib/gcc/arm-atollic-eabi/6.3.1/armv7e-m/fpu/crtend.o
LOAD c:/program files (x86)/atollic/truestudio for stm32 9.0.1/armtools/bin/../lib/gcc/arm-atollic-eabi/6.3.1/armv7e-m/fpu/crtn.o
                0x20020000                _estack = 0x20020000
                0x00000200                _Min_Heap_Size = 0x200
                0x00000400                _Min_Stack_Size = 0x400

.isr_vector     0x08000000      0x198
                0x08000000                . = ALIGN (0x4)
 *(.isr_vector)
 .isr_vector    0x08000000      0x198 startup\startup_stm32f411xe.o
                0x08000000                g_pfnVectors
                0x08000198                . = ALIGN (0x4)

.text           0x080001a0     0x8298
                0x080001a0                . = ALIGN (0x4)
 *(.text)
 .text          0x080001a0       0x40 c:/program files (x86)/atollic/truestudio for stm32 9.0.1/armtools/bin/../lib/gcc/arm-atollic-eabi/6.3.1/armv7e-m/fpu/crtbegin.o
 .text          0x080001e0       0x10 c:/program files (x86)/atollic/truestudio for stm32 9.0.1/armtools/bin/../lib/gcc/arm-atollic-eabi/6.3.1/../../../../arm-atollic-eabi/lib/armv7e-m/fpu\libc_nano.a(lib_a-strlen.o)
                0x080001e0                strlen
 .text          0x080001f0       0xa0 c:/program files (x86)/atollic/truestudio for stm32 9.0.1/armtools/bin/../lib/gcc/arm-atollic-eabi/6.3.1/../../../../arm-atollic-eabi/lib/armv7e-m/fpu\libc_nano.a(lib_a-memchr.o)
                0x080001f0                memchr
 .text          0x08000290      0x370 c:/program files (x86)/atollic/truestudio for stm32 9.0.1/armtools/bin/../lib/gcc/arm-atollic-eabi/6.3.1/armv7e-m/fpu\libgcc.a(_arm_addsubdf3.o)
                0x08000290                __aeabi_drsub
                0x08000298                __aeabi_dsub
                0x08000298                __subdf3
                0x0800029c                __aeabi_dadd
                0x0800029c                __adddf3
                0x08000514                __floatunsidf
                0x08000514                __aeabi_ui2d
                0x08000534                __floatsidf
                0x08000534                __aeabi_i2d
                0x08000558                __aeabi_f2d
                0x08000558                __extendsfdf2
                0x08000594                __floatundidf
                0x08000594                __aeabi_ul2d
                0x080005a4                __floatdidf
                0x080005a4                __aeabi_l2d
 .text          0x08000600      0x424 c:/program files (x86)/atollic/truestudio for stm32 9.0.1/armtools/bin/../lib/gcc/arm-atollic-eabi/6.3.1/armv7e-m/fpu\libgcc.a(_arm_muldivdf3.o)
                0x08000600                __aeabi_dmul
                0x08000600                __muldf3
                0x08000854                __divdf3
                0x08000854                __aeabi_ddiv
 .text          0x08000a24      0x110 c:/program files (x86)/atollic/truestudio for stm32 9.0.1/armtools/bin/../lib/gcc/arm-atollic-eabi/6.3.1/armv7e-m/fpu\libgcc.a(_arm_cmpdf2.o)
                0x08000a24                __gtdf2
                0x08000a24                __gedf2
                0x08000a2c                __ltdf2
                0x08000a2c                __ledf2
                0x08000a34                __nedf2
                0x08000a34                __eqdf2
                0x08000a34                __cmpdf2
                0x08000ab0                __aeabi_cdrcmple
                0x08000ac0                __aeabi_cdcmpeq
                0x08000ac0                __aeabi_cdcmple
                0x08000ad0                __aeabi_dcmpeq
                0x08000ae4                __aeabi_dcmplt
                0x08000af8                __aeabi_dcmple
                0x08000b0c                __aeabi_dcmpge
                0x08000b20                __aeabi_dcmpgt
 .text          0x08000b34       0x2c c:/program files (x86)/atollic/truestudio for stm32 9.0.1/armtools/bin/../lib/gcc/arm-atollic-eabi/6.3.1/armv7e-m/fpu\libgcc.a(_arm_unorddf2.o)
                0x08000b34                __unorddf2
                0x08000b34                __aeabi_dcmpun
 .text          0x08000b60       0x50 c:/program files (x86)/atollic/truestudio for stm32 9.0.1/armtools/bin/../lib/gcc/arm-atollic-eabi/6.3.1/armv7e-m/fpu\libgcc.a(_arm_fixdfsi.o)
                0x08000b60                __aeabi_d2iz
                0x08000b60                __fixdfsi
 .text          0x08000bb0       0x30 c:/program files (x86)/atollic/truestudio for stm32 9.0.1/armtools/bin/../lib/gcc/arm-atollic-eabi/6.3.1/armv7e-m/fpu\libgcc.a(_aeabi_uldivmod.o)
                0x08000bb0                __aeabi_uldivmod
 .text          0x08000be0      0x2dc c:/program files (x86)/atollic/truestudio for stm32 9.0.1/armtools/bin/../lib/gcc/arm-atollic-eabi/6.3.1/armv7e-m/fpu\libgcc.a(_udivmoddi4.o)
                0x08000be0                __udivmoddi4
 .text          0x08000ebc        0x4 c:/program files (x86)/atollic/truestudio for stm32 9.0.1/armtools/bin/../lib/gcc/arm-atollic-eabi/6.3.1/armv7e-m/fpu\libgcc.a(_dvmd_tls.o)
                0x08000ebc                __aeabi_idiv0
                0x08000ebc                __aeabi_ldiv0
 *(.text*)
 .text.LSM303DLHC_AccDeInit
                0x08000ec0        0x2 Drivers\BSP\Components\lsm303dlhc\lsm303dlhc.o
                0x08000ec0                LSM303DLHC_AccDeInit
 .text.LSM303DLHC_AccInit
                0x08000ec2       0x20 Drivers\BSP\Components\lsm303dlhc\lsm303dlhc.o
                0x08000ec2                LSM303DLHC_AccInit
 .text.LSM303DLHC_AccReadID
                0x08000ee2       0x12 Drivers\BSP\Components\lsm303dlhc\lsm303dlhc.o
                0x08000ee2                LSM303DLHC_AccReadID
 .text.LSM303DLHC_AccRebootCmd
                0x08000ef4       0x1c Drivers\BSP\Components\lsm303dlhc\lsm303dlhc.o
                0x08000ef4                LSM303DLHC_AccRebootCmd
 .text.LSM303DLHC_AccFilterConfig
                0x08000f10       0x1e Drivers\BSP\Components\lsm303dlhc\lsm303dlhc.o
                0x08000f10                LSM303DLHC_AccFilterConfig
 .text.LSM303DLHC_AccFilterCmd
                0x08000f2e       0x1e Drivers\BSP\Components\lsm303dlhc\lsm303dlhc.o
                0x08000f2e                LSM303DLHC_AccFilterCmd
 .text.LSM303DLHC_AccReadXYZ
                0x08000f4c       0xce Drivers\BSP\Components\lsm303dlhc\lsm303dlhc.o
                0x08000f4c                LSM303DLHC_AccReadXYZ
 .text.LSM303DLHC_AccFilterClickCmd
                0x0800101a       0x1e Drivers\BSP\Components\lsm303dlhc\lsm303dlhc.o
                0x0800101a                LSM303DLHC_AccFilterClickCmd
 .text.LSM303DLHC_AccIT1Enable
                0x08001038       0x1e Drivers\BSP\Components\lsm303dlhc\lsm303dlhc.o
                0x08001038                LSM303DLHC_AccIT1Enable
 .text.LSM303DLHC_AccClickITEnable
                0x08001056       0x46 Drivers\BSP\Components\lsm303dlhc\lsm303dlhc.o
                0x08001056                LSM303DLHC_AccClickITEnable
 .text.LSM303DLHC_AccZClickITConfig
                0x0800109c       0x1c Drivers\BSP\Components\lsm303dlhc\lsm303dlhc.o
                0x0800109c                LSM303DLHC_AccZClickITConfig
 .text.I2Cx_Init
                0x080010b8       0xc4 Drivers\BSP\STM32F411E-Discovery\stm32f411e_discovery.o
 .text.I2Cx_ReadData
                0x0800117c       0x40 Drivers\BSP\STM32F411E-Discovery\stm32f411e_discovery.o
 .text.I2Cx_WriteData
                0x080011bc       0x38 Drivers\BSP\STM32F411E-Discovery\stm32f411e_discovery.o
 .text.COMPASSACCELERO_IO_Init
                0x080011f4       0x44 Drivers\BSP\STM32F411E-Discovery\stm32f411e_discovery.o
                0x080011f4                COMPASSACCELERO_IO_Init
 .text.COMPASSACCELERO_IO_ITConfig
                0x08001238       0x54 Drivers\BSP\STM32F411E-Discovery\stm32f411e_discovery.o
                0x08001238                COMPASSACCELERO_IO_ITConfig
 .text.COMPASSACCELERO_IO_Write
                0x0800128c        0x4 Drivers\BSP\STM32F411E-Discovery\stm32f411e_discovery.o
                0x0800128c                COMPASSACCELERO_IO_Write
 .text.COMPASSACCELERO_IO_Read
                0x08001290        0x4 Drivers\BSP\STM32F411E-Discovery\stm32f411e_discovery.o
                0x08001290                COMPASSACCELERO_IO_Read
 .text.BSP_ACCELERO_Init
                0x08001294       0x30 Drivers\BSP\STM32F411E-Discovery\stm32f411e_discovery_accelerometer.o
                0x08001294                BSP_ACCELERO_Init
 .text.BSP_ACCELERO_GetXYZ
                0x080012c4       0x2c Drivers\BSP\STM32F411E-Discovery\stm32f411e_discovery_accelerometer.o
                0x080012c4                BSP_ACCELERO_GetXYZ
 .text.BSP_AUDIO_OUT_TransferComplete_CallBack
                0x080012f0        0x2 Drivers\BSP\STM32F411E-Discovery\stm32f411e_discovery_audio.o
                0x080012f0                BSP_AUDIO_OUT_TransferComplete_CallBack
 *fill*         0x080012f2        0x2 
 .text.HAL_I2S_TxCpltCallback
                0x080012f4       0x14 Drivers\BSP\STM32F411E-Discovery\stm32f411e_discovery_audio.o
                0x080012f4                HAL_I2S_TxCpltCallback
 .text.BSP_AUDIO_OUT_Error_CallBack
                0x08001308        0x2 Drivers\BSP\STM32F411E-Discovery\stm32f411e_discovery_audio.o
                0x08001308                BSP_AUDIO_OUT_Error_CallBack
 .text.BSP_AUDIO_IN_TransferComplete_CallBack
                0x0800130a        0x2 Drivers\BSP\STM32F411E-Discovery\stm32f411e_discovery_audio.o
                0x0800130a                BSP_AUDIO_IN_TransferComplete_CallBack
 .text.HAL_I2S_RxCpltCallback
                0x0800130c        0x8 Drivers\BSP\STM32F411E-Discovery\stm32f411e_discovery_audio.o
                0x0800130c                HAL_I2S_RxCpltCallback
 .text.BSP_AUDIO_IN_Error_Callback
                0x08001314        0x2 Drivers\BSP\STM32F411E-Discovery\stm32f411e_discovery_audio.o
                0x08001314                BSP_AUDIO_IN_Error_Callback
 *fill*         0x08001316        0x2 
 .text.HAL_I2S_ErrorCallback
                0x08001318       0x28 Drivers\BSP\STM32F411E-Discovery\stm32f411e_discovery_audio.o
                0x08001318                HAL_I2S_ErrorCallback
 .text.HAL_Init
                0x08001340       0x34 Drivers\STM32F4xx_HAL_Driver\Src\stm32f4xx_hal.o
                0x08001340                HAL_Init
 .text.HAL_IncTick
                0x08001374       0x18 Drivers\STM32F4xx_HAL_Driver\Src\stm32f4xx_hal.o
                0x08001374                HAL_IncTick
 .text.HAL_GetTick
                0x0800138c        0xc Drivers\STM32F4xx_HAL_Driver\Src\stm32f4xx_hal.o
                0x0800138c                HAL_GetTick
 .text.HAL_Delay
                0x08001398       0x28 Drivers\STM32F4xx_HAL_Driver\Src\stm32f4xx_hal.o
                0x08001398                HAL_Delay
 .text.HAL_ADC_Init
                0x080013c0      0x148 Drivers\STM32F4xx_HAL_Driver\Src\stm32f4xx_hal_adc.o
                0x080013c0                HAL_ADC_Init
 .text.HAL_ADC_Start
                0x08001508       0xc0 Drivers\STM32F4xx_HAL_Driver\Src\stm32f4xx_hal_adc.o
                0x08001508                HAL_ADC_Start
 .text.HAL_ADC_Stop
                0x080015c8       0x3c Drivers\STM32F4xx_HAL_Driver\Src\stm32f4xx_hal_adc.o
                0x080015c8                HAL_ADC_Stop
 .text.HAL_ADC_PollForConversion
                0x08001604       0xa0 Drivers\STM32F4xx_HAL_Driver\Src\stm32f4xx_hal_adc.o
                0x08001604                HAL_ADC_PollForConversion
 .text.HAL_ADC_GetValue
                0x080016a4        0x6 Drivers\STM32F4xx_HAL_Driver\Src\stm32f4xx_hal_adc.o
                0x080016a4                HAL_ADC_GetValue
 *fill*         0x080016aa        0x2 
 .text.HAL_ADC_ConfigChannel
                0x080016ac      0x130 Drivers\STM32F4xx_HAL_Driver\Src\stm32f4xx_hal_adc.o
                0x080016ac                HAL_ADC_ConfigChannel
 .text.HAL_NVIC_SetPriorityGrouping
                0x080017dc       0x24 Drivers\STM32F4xx_HAL_Driver\Src\stm32f4xx_hal_cortex.o
                0x080017dc                HAL_NVIC_SetPriorityGrouping
 .text.HAL_NVIC_SetPriority
                0x08001800       0x68 Drivers\STM32F4xx_HAL_Driver\Src\stm32f4xx_hal_cortex.o
                0x08001800                HAL_NVIC_SetPriority
 .text.HAL_NVIC_EnableIRQ
                0x08001868       0x18 Drivers\STM32F4xx_HAL_Driver\Src\stm32f4xx_hal_cortex.o
                0x08001868                HAL_NVIC_EnableIRQ
 .text.HAL_SYSTICK_Config
                0x08001880       0x2c Drivers\STM32F4xx_HAL_Driver\Src\stm32f4xx_hal_cortex.o
                0x08001880                HAL_SYSTICK_Config
 .text.HAL_SYSTICK_CLKSourceConfig
                0x080018ac       0x18 Drivers\STM32F4xx_HAL_Driver\Src\stm32f4xx_hal_cortex.o
                0x080018ac                HAL_SYSTICK_CLKSourceConfig
 .text.HAL_GPIO_Init
                0x080018c4      0x1ac Drivers\STM32F4xx_HAL_Driver\Src\stm32f4xx_hal_gpio.o
                0x080018c4                HAL_GPIO_Init
 .text.HAL_GPIO_DeInit
                0x08001a70       0xec Drivers\STM32F4xx_HAL_Driver\Src\stm32f4xx_hal_gpio.o
                0x08001a70                HAL_GPIO_DeInit
 .text.HAL_GPIO_WritePin
                0x08001b5c        0xa Drivers\STM32F4xx_HAL_Driver\Src\stm32f4xx_hal_gpio.o
                0x08001b5c                HAL_GPIO_WritePin
 .text.I2C_IsAcknowledgeFailed
                0x08001b66       0x2a Drivers\STM32F4xx_HAL_Driver\Src\stm32f4xx_hal_i2c.o
 .text.I2C_WaitOnMasterAddressFlagUntilTimeout
                0x08001b90       0x80 Drivers\STM32F4xx_HAL_Driver\Src\stm32f4xx_hal_i2c.o
 .text.I2C_WaitOnFlagUntilTimeout
                0x08001c10       0x5c Drivers\STM32F4xx_HAL_Driver\Src\stm32f4xx_hal_i2c.o
 .text.I2C_WaitOnTXEFlagUntilTimeout
                0x08001c6c       0x4c Drivers\STM32F4xx_HAL_Driver\Src\stm32f4xx_hal_i2c.o
 .text.I2C_RequestMemoryWrite
                0x08001cb8       0xa4 Drivers\STM32F4xx_HAL_Driver\Src\stm32f4xx_hal_i2c.o
 .text.I2C_RequestMemoryRead
                0x08001d5c       0xf4 Drivers\STM32F4xx_HAL_Driver\Src\stm32f4xx_hal_i2c.o
 .text.I2C_WaitOnRXNEFlagUntilTimeout
                0x08001e50       0x5a Drivers\STM32F4xx_HAL_Driver\Src\stm32f4xx_hal_i2c.o
 .text.I2C_WaitOnBTFFlagUntilTimeout
                0x08001eaa       0x4c Drivers\STM32F4xx_HAL_Driver\Src\stm32f4xx_hal_i2c.o
 *fill*         0x08001ef6        0x2 
 .text.HAL_I2C_Init
                0x08001ef8       0xdc Drivers\STM32F4xx_HAL_Driver\Src\stm32f4xx_hal_i2c.o
                0x08001ef8                HAL_I2C_Init
 .text.HAL_I2C_DeInit
                0x08001fd4       0x32 Drivers\STM32F4xx_HAL_Driver\Src\stm32f4xx_hal_i2c.o
                0x08001fd4                HAL_I2C_DeInit
 *fill*         0x08002006        0x2 
 .text.HAL_I2C_Mem_Write
                0x08002008      0x12c Drivers\STM32F4xx_HAL_Driver\Src\stm32f4xx_hal_i2c.o
                0x08002008                HAL_I2C_Mem_Write
 .text.HAL_I2C_Mem_Read
                0x08002134      0x220 Drivers\STM32F4xx_HAL_Driver\Src\stm32f4xx_hal_i2c.o
                0x08002134                HAL_I2C_Mem_Read
 .text.HAL_I2C_GetState
                0x08002354        0x6 Drivers\STM32F4xx_HAL_Driver\Src\stm32f4xx_hal_i2c.o
                0x08002354                HAL_I2C_GetState
 *fill*         0x0800235a        0x2 
 .text.HAL_I2S_Init
                0x0800235c      0x120 Drivers\STM32F4xx_HAL_Driver\Src\stm32f4xx_hal_i2s.o
                0x0800235c                HAL_I2S_Init
 .text.I2S_IRQHandler
                0x0800247c      0x10a Drivers\STM32F4xx_HAL_Driver\Src\stm32f4xx_hal_i2s.o
 .text.HAL_I2SEx_TxRxCpltCallback
                0x08002586        0x2 Drivers\STM32F4xx_HAL_Driver\Src\stm32f4xx_hal_i2s_ex.o
                0x08002586                HAL_I2SEx_TxRxCpltCallback
 .text.HAL_I2SEx_FullDuplex_IRQHandler
                0x08002588      0x258 Drivers\STM32F4xx_HAL_Driver\Src\stm32f4xx_hal_i2s_ex.o
                0x08002588                HAL_I2SEx_FullDuplex_IRQHandler
 .text.HAL_PCD_Init
                0x080027e0       0xd8 Drivers\STM32F4xx_HAL_Driver\Src\stm32f4xx_hal_pcd.o
                0x080027e0                HAL_PCD_Init
 .text.HAL_PCD_Start
                0x080028b8       0x2a Drivers\STM32F4xx_HAL_Driver\Src\stm32f4xx_hal_pcd.o
                0x080028b8                HAL_PCD_Start
 *fill*         0x080028e2        0x2 
 .text.HAL_PCD_IRQHandler
                0x080028e4      0x558 Drivers\STM32F4xx_HAL_Driver\Src\stm32f4xx_hal_pcd.o
                0x080028e4                HAL_PCD_IRQHandler
 .text.HAL_PCD_SetAddress
                0x08002e3c       0x24 Drivers\STM32F4xx_HAL_Driver\Src\stm32f4xx_hal_pcd.o
                0x08002e3c                HAL_PCD_SetAddress
 .text.HAL_PCD_EP_Open
                0x08002e60       0x5c Drivers\STM32F4xx_HAL_Driver\Src\stm32f4xx_hal_pcd.o
                0x08002e60                HAL_PCD_EP_Open
 .text.HAL_PCD_EP_Close
                0x08002ebc       0x46 Drivers\STM32F4xx_HAL_Driver\Src\stm32f4xx_hal_pcd.o
                0x08002ebc                HAL_PCD_EP_Close
 .text.HAL_PCD_EP_Receive
                0x08002f02       0x48 Drivers\STM32F4xx_HAL_Driver\Src\stm32f4xx_hal_pcd.o
                0x08002f02                HAL_PCD_EP_Receive
 .text.HAL_PCD_EP_GetRxCount
                0x08002f4a       0x10 Drivers\STM32F4xx_HAL_Driver\Src\stm32f4xx_hal_pcd.o
                0x08002f4a                HAL_PCD_EP_GetRxCount
 .text.HAL_PCD_EP_Transmit
                0x08002f5a       0x40 Drivers\STM32F4xx_HAL_Driver\Src\stm32f4xx_hal_pcd.o
                0x08002f5a                HAL_PCD_EP_Transmit
 .text.HAL_PCD_EP_SetStall
                0x08002f9a       0x58 Drivers\STM32F4xx_HAL_Driver\Src\stm32f4xx_hal_pcd.o
                0x08002f9a                HAL_PCD_EP_SetStall
 .text.HAL_PCD_EP_ClrStall
                0x08002ff2       0x4a Drivers\STM32F4xx_HAL_Driver\Src\stm32f4xx_hal_pcd.o
                0x08002ff2                HAL_PCD_EP_ClrStall
 .text.HAL_PCDEx_SetTxFiFo
                0x0800303c       0x42 Drivers\STM32F4xx_HAL_Driver\Src\stm32f4xx_hal_pcd_ex.o
                0x0800303c                HAL_PCDEx_SetTxFiFo
 .text.HAL_PCDEx_SetRxFiFo
                0x0800307e        0x8 Drivers\STM32F4xx_HAL_Driver\Src\stm32f4xx_hal_pcd_ex.o
                0x0800307e                HAL_PCDEx_SetRxFiFo
 *fill*         0x08003086        0x2 
 .text.HAL_RCC_OscConfig
                0x08003088      0x304 Drivers\STM32F4xx_HAL_Driver\Src\stm32f4xx_hal_rcc.o
                0x08003088                HAL_RCC_OscConfig
 .text.HAL_RCC_GetSysClockFreq
                0x0800338c       0x5c Drivers\STM32F4xx_HAL_Driver\Src\stm32f4xx_hal_rcc.o
                0x0800338c                HAL_RCC_GetSysClockFreq
 .text.HAL_RCC_ClockConfig
                0x080033e8      0x134 Drivers\STM32F4xx_HAL_Driver\Src\stm32f4xx_hal_rcc.o
                0x080033e8                HAL_RCC_ClockConfig
 .text.HAL_RCC_GetHCLKFreq
                0x0800351c        0xc Drivers\STM32F4xx_HAL_Driver\Src\stm32f4xx_hal_rcc.o
                0x0800351c                HAL_RCC_GetHCLKFreq
 .text.HAL_RCC_GetPCLK1Freq
                0x08003528       0x20 Drivers\STM32F4xx_HAL_Driver\Src\stm32f4xx_hal_rcc.o
                0x08003528                HAL_RCC_GetPCLK1Freq
 .text.HAL_RCC_GetPCLK2Freq
                0x08003548       0x20 Drivers\STM32F4xx_HAL_Driver\Src\stm32f4xx_hal_rcc.o
                0x08003548                HAL_RCC_GetPCLK2Freq
 .text.HAL_RCC_GetClockConfig
                0x08003568       0x3c Drivers\STM32F4xx_HAL_Driver\Src\stm32f4xx_hal_rcc.o
                0x08003568                HAL_RCC_GetClockConfig
 .text.HAL_RCCEx_PeriphCLKConfig
                0x080035a4      0x140 Drivers\STM32F4xx_HAL_Driver\Src\stm32f4xx_hal_rcc_ex.o
                0x080035a4                HAL_RCCEx_PeriphCLKConfig
 .text.HAL_RCCEx_GetPeriphCLKFreq
                0x080036e4       0x5c Drivers\STM32F4xx_HAL_Driver\Src\stm32f4xx_hal_rcc_ex.o
                0x080036e4                HAL_RCCEx_GetPeriphCLKFreq
 .text.HAL_SPI_Init
                0x08003740       0x7a Drivers\STM32F4xx_HAL_Driver\Src\stm32f4xx_hal_spi.o
                0x08003740                HAL_SPI_Init
 *fill*         0x080037ba        0x2 
 .text.TIM_OC1_SetConfig
                0x080037bc       0x50 Drivers\STM32F4xx_HAL_Driver\Src\stm32f4xx_hal_tim.o
 .text.TIM_OC3_SetConfig
                0x0800380c       0x54 Drivers\STM32F4xx_HAL_Driver\Src\stm32f4xx_hal_tim.o
 .text.TIM_OC4_SetConfig
                0x08003860       0x44 Drivers\STM32F4xx_HAL_Driver\Src\stm32f4xx_hal_tim.o
 .text.HAL_TIM_Base_MspInit
                0x080038a4        0x2 Drivers\STM32F4xx_HAL_Driver\Src\stm32f4xx_hal_tim.o
                0x080038a4                HAL_TIM_Base_MspInit
 .text.HAL_TIM_Base_Start_IT
                0x080038a6       0x16 Drivers\STM32F4xx_HAL_Driver\Src\stm32f4xx_hal_tim.o
                0x080038a6                HAL_TIM_Base_Start_IT
 .text.HAL_TIM_OC_DelayElapsedCallback
                0x080038bc        0x2 Drivers\STM32F4xx_HAL_Driver\Src\stm32f4xx_hal_tim.o
                0x080038bc                HAL_TIM_OC_DelayElapsedCallback
 .text.HAL_TIM_IC_CaptureCallback
                0x080038be        0x2 Drivers\STM32F4xx_HAL_Driver\Src\stm32f4xx_hal_tim.o
                0x080038be                HAL_TIM_IC_CaptureCallback
 .text.HAL_TIM_PWM_PulseFinishedCallback
                0x080038c0        0x2 Drivers\STM32F4xx_HAL_Driver\Src\stm32f4xx_hal_tim.o
                0x080038c0                HAL_TIM_PWM_PulseFinishedCallback
 .text.HAL_TIM_TriggerCallback
                0x080038c2        0x2 Drivers\STM32F4xx_HAL_Driver\Src\stm32f4xx_hal_tim.o
                0x080038c2                HAL_TIM_TriggerCallback
 .text.HAL_TIM_IRQHandler
                0x080038c4      0x144 Drivers\STM32F4xx_HAL_Driver\Src\stm32f4xx_hal_tim.o
                0x080038c4                HAL_TIM_IRQHandler
 .text.TIM_Base_SetConfig
                0x08003a08       0x98 Drivers\STM32F4xx_HAL_Driver\Src\stm32f4xx_hal_tim.o
                0x08003a08                TIM_Base_SetConfig
 .text.HAL_TIM_Base_Init
                0x08003aa0       0x34 Drivers\STM32F4xx_HAL_Driver\Src\stm32f4xx_hal_tim.o
                0x08003aa0                HAL_TIM_Base_Init
 .text.HAL_TIM_PWM_Init
                0x08003ad4       0x34 Drivers\STM32F4xx_HAL_Driver\Src\stm32f4xx_hal_tim.o
                0x08003ad4                HAL_TIM_PWM_Init
 .text.TIM_OC2_SetConfig
                0x08003b08       0x58 Drivers\STM32F4xx_HAL_Driver\Src\stm32f4xx_hal_tim.o
                0x08003b08                TIM_OC2_SetConfig
 .text.HAL_TIM_PWM_ConfigChannel
                0x08003b60       0xc4 Drivers\STM32F4xx_HAL_Driver\Src\stm32f4xx_hal_tim.o
                0x08003b60                HAL_TIM_PWM_ConfigChannel
 .text.TIM_CCxChannelCmd
                0x08003c24       0x18 Drivers\STM32F4xx_HAL_Driver\Src\stm32f4xx_hal_tim.o
                0x08003c24                TIM_CCxChannelCmd
 .text.HAL_TIM_PWM_Start
                0x08003c3c       0x2c Drivers\STM32F4xx_HAL_Driver\Src\stm32f4xx_hal_tim.o
                0x08003c3c                HAL_TIM_PWM_Start
 .text.HAL_TIMEx_MasterConfigSynchronization
                0x08003c68       0x44 Drivers\STM32F4xx_HAL_Driver\Src\stm32f4xx_hal_tim_ex.o
                0x08003c68                HAL_TIMEx_MasterConfigSynchronization
 .text.HAL_TIMEx_CommutationCallback
                0x08003cac        0x2 Drivers\STM32F4xx_HAL_Driver\Src\stm32f4xx_hal_tim_ex.o
                0x08003cac                HAL_TIMEx_CommutationCallback
 .text.HAL_TIMEx_BreakCallback
                0x08003cae        0x2 Drivers\STM32F4xx_HAL_Driver\Src\stm32f4xx_hal_tim_ex.o
                0x08003cae                HAL_TIMEx_BreakCallback
 .text.USB_CoreInit
                0x08003cb0       0x74 Drivers\STM32F4xx_HAL_Driver\Src\stm32f4xx_ll_usb.o
                0x08003cb0                USB_CoreInit
 .text.USB_EnableGlobalInt
                0x08003d24        0xc Drivers\STM32F4xx_HAL_Driver\Src\stm32f4xx_ll_usb.o
                0x08003d24                USB_EnableGlobalInt
 .text.USB_DisableGlobalInt
                0x08003d30        0xc Drivers\STM32F4xx_HAL_Driver\Src\stm32f4xx_ll_usb.o
                0x08003d30                USB_DisableGlobalInt
 .text.USB_SetCurrentMode
                0x08003d3c       0x2e Drivers\STM32F4xx_HAL_Driver\Src\stm32f4xx_ll_usb.o
                0x08003d3c                USB_SetCurrentMode
 *fill*         0x08003d6a        0x2 
 .text.USB_DevInit
                0x08003d6c      0x138 Drivers\STM32F4xx_HAL_Driver\Src\stm32f4xx_ll_usb.o
                0x08003d6c                USB_DevInit
 .text.USB_FlushTxFifo
                0x08003ea4       0x24 Drivers\STM32F4xx_HAL_Driver\Src\stm32f4xx_ll_usb.o
                0x08003ea4                USB_FlushTxFifo
 .text.USB_FlushRxFifo
                0x08003ec8       0x20 Drivers\STM32F4xx_HAL_Driver\Src\stm32f4xx_ll_usb.o
                0x08003ec8                USB_FlushRxFifo
 .text.USB_SetDevSpeed
                0x08003ee8        0xe Drivers\STM32F4xx_HAL_Driver\Src\stm32f4xx_ll_usb.o
                0x08003ee8                USB_SetDevSpeed
 .text.USB_GetDevSpeed
                0x08003ef6       0x36 Drivers\STM32F4xx_HAL_Driver\Src\stm32f4xx_ll_usb.o
                0x08003ef6                USB_GetDevSpeed
 .text.USB_ActivateEndpoint
                0x08003f2c       0x7e Drivers\STM32F4xx_HAL_Driver\Src\stm32f4xx_ll_usb.o
                0x08003f2c                USB_ActivateEndpoint
 .text.USB_DeactivateEndpoint
                0x08003faa        0x4 Drivers\STM32F4xx_HAL_Driver\Src\stm32f4xx_ll_usb.o
                0x08003faa                USB_DeactivateEndpoint
 *fill*         0x08003fae        0x2 
 .text.USB_DeactivateDedicatedEndpoint
                0x08003fb0       0xb0 Drivers\STM32F4xx_HAL_Driver\Src\stm32f4xx_ll_usb.o
                0x08003fb0                USB_DeactivateDedicatedEndpoint
 .text.USB_EPStartXfer
                0x08004060      0x18c Drivers\STM32F4xx_HAL_Driver\Src\stm32f4xx_ll_usb.o
                0x08004060                USB_EPStartXfer
 .text.USB_EP0StartXfer
                0x080041ec       0xda Drivers\STM32F4xx_HAL_Driver\Src\stm32f4xx_ll_usb.o
                0x080041ec                USB_EP0StartXfer
 .text.USB_WritePacket
                0x080042c6       0x28 Drivers\STM32F4xx_HAL_Driver\Src\stm32f4xx_ll_usb.o
                0x080042c6                USB_WritePacket
 .text.USB_ReadPacket
                0x080042ee       0x1c Drivers\STM32F4xx_HAL_Driver\Src\stm32f4xx_ll_usb.o
                0x080042ee                USB_ReadPacket
 .text.USB_EPSetStall
                0x0800430a       0x3e Drivers\STM32F4xx_HAL_Driver\Src\stm32f4xx_ll_usb.o
                0x0800430a                USB_EPSetStall
 .text.USB_EPClearStall
                0x08004348       0x32 Drivers\STM32F4xx_HAL_Driver\Src\stm32f4xx_ll_usb.o
                0x08004348                USB_EPClearStall
 .text.USB_SetDevAddress
                0x0800437a       0x20 Drivers\STM32F4xx_HAL_Driver\Src\stm32f4xx_ll_usb.o
                0x0800437a                USB_SetDevAddress
 .text.USB_DevConnect
                0x0800439a       0x18 Drivers\STM32F4xx_HAL_Driver\Src\stm32f4xx_ll_usb.o
                0x0800439a                USB_DevConnect
 .text.USB_DevDisconnect
                0x080043b2       0x18 Drivers\STM32F4xx_HAL_Driver\Src\stm32f4xx_ll_usb.o
                0x080043b2                USB_DevDisconnect
 .text.USB_ReadInterrupts
                0x080043ca        0x8 Drivers\STM32F4xx_HAL_Driver\Src\stm32f4xx_ll_usb.o
                0x080043ca                USB_ReadInterrupts
 .text.USB_ReadDevAllOutEpInterrupt
                0x080043d2       0x10 Drivers\STM32F4xx_HAL_Driver\Src\stm32f4xx_ll_usb.o
                0x080043d2                USB_ReadDevAllOutEpInterrupt
 .text.USB_ReadDevAllInEpInterrupt
                0x080043e2       0x10 Drivers\STM32F4xx_HAL_Driver\Src\stm32f4xx_ll_usb.o
                0x080043e2                USB_ReadDevAllInEpInterrupt
 .text.USB_ReadDevOutEPInterrupt
                0x080043f2       0x14 Drivers\STM32F4xx_HAL_Driver\Src\stm32f4xx_ll_usb.o
                0x080043f2                USB_ReadDevOutEPInterrupt
 .text.USB_ReadDevInEPInterrupt
                0x08004406       0x20 Drivers\STM32F4xx_HAL_Driver\Src\stm32f4xx_ll_usb.o
                0x08004406                USB_ReadDevInEPInterrupt
 .text.USB_GetMode
                0x08004426        0x8 Drivers\STM32F4xx_HAL_Driver\Src\stm32f4xx_ll_usb.o
                0x08004426                USB_GetMode
 .text.USB_ActivateSetup
                0x0800442e       0x36 Drivers\STM32F4xx_HAL_Driver\Src\stm32f4xx_ll_usb.o
                0x0800442e                USB_ActivateSetup
 .text.USB_EP0_OutStart
                0x08004464       0x46 Drivers\STM32F4xx_HAL_Driver\Src\stm32f4xx_ll_usb.o
                0x08004464                USB_EP0_OutStart
 *fill*         0x080044aa        0x2 
 .text.USB_CoreReset
                0x080044ac       0x30 Drivers\STM32F4xx_HAL_Driver\Src\stm32f4xx_ll_usb.o
 .text.USBD_CDC_DataIn
                0x080044dc       0x12 Middlewares\ST\STM32_USB_Device_Library\Class\CDC\Src\usbd_cdc.o
 .text.USBD_CDC_EP0_RxReady
                0x080044ee       0x28 Middlewares\ST\STM32_USB_Device_Library\Class\CDC\Src\usbd_cdc.o
 *fill*         0x08004516        0x2 
 .text.USBD_CDC_GetFSCfgDesc
                0x08004518        0xc Middlewares\ST\STM32_USB_Device_Library\Class\CDC\Src\usbd_cdc.o
 .text.USBD_CDC_GetHSCfgDesc
                0x08004524        0xc Middlewares\ST\STM32_USB_Device_Library\Class\CDC\Src\usbd_cdc.o
 .text.USBD_CDC_GetOtherSpeedCfgDesc
                0x08004530        0xc Middlewares\ST\STM32_USB_Device_Library\Class\CDC\Src\usbd_cdc.o
 .text.USBD_CDC_GetDeviceQualifierDescriptor
                0x0800453c        0xc Middlewares\ST\STM32_USB_Device_Library\Class\CDC\Src\usbd_cdc.o
                0x0800453c                USBD_CDC_GetDeviceQualifierDescriptor
 .text.USBD_CDC_DataOut
                0x08004548       0x2e Middlewares\ST\STM32_USB_Device_Library\Class\CDC\Src\usbd_cdc.o
 *fill*         0x08004576        0x2 
 .text.USBD_CDC_Setup
                0x08004578       0x68 Middlewares\ST\STM32_USB_Device_Library\Class\CDC\Src\usbd_cdc.o
 .text.USBD_CDC_DeInit
                0x080045e0       0x3a Middlewares\ST\STM32_USB_Device_Library\Class\CDC\Src\usbd_cdc.o
 .text.USBD_CDC_Init
                0x0800461a       0x8c Middlewares\ST\STM32_USB_Device_Library\Class\CDC\Src\usbd_cdc.o
 .text.USBD_CDC_RegisterInterface
                0x080046a6        0xe Middlewares\ST\STM32_USB_Device_Library\Class\CDC\Src\usbd_cdc.o
                0x080046a6                USBD_CDC_RegisterInterface
 .text.USBD_CDC_SetTxBuffer
                0x080046b4       0x10 Middlewares\ST\STM32_USB_Device_Library\Class\CDC\Src\usbd_cdc.o
                0x080046b4                USBD_CDC_SetTxBuffer
 .text.USBD_CDC_SetRxBuffer
                0x080046c4        0xc Middlewares\ST\STM32_USB_Device_Library\Class\CDC\Src\usbd_cdc.o
                0x080046c4                USBD_CDC_SetRxBuffer
 .text.USBD_CDC_TransmitPacket
                0x080046d0       0x2e Middlewares\ST\STM32_USB_Device_Library\Class\CDC\Src\usbd_cdc.o
                0x080046d0                USBD_CDC_TransmitPacket
 .text.USBD_CDC_ReceivePacket
                0x080046fe       0x26 Middlewares\ST\STM32_USB_Device_Library\Class\CDC\Src\usbd_cdc.o
                0x080046fe                USBD_CDC_ReceivePacket
 .text.USBD_Init
                0x08004724       0x2a Middlewares\ST\STM32_USB_Device_Library\Core\Src\usbd_core.o
                0x08004724                USBD_Init
 .text.USBD_RegisterClass
                0x0800474e        0xe Middlewares\ST\STM32_USB_Device_Library\Core\Src\usbd_core.o
                0x0800474e                USBD_RegisterClass
 .text.USBD_Start
                0x0800475c        0xa Middlewares\ST\STM32_USB_Device_Library\Core\Src\usbd_core.o
                0x0800475c                USBD_Start
 .text.USBD_SetClassConfig
                0x08004766       0x16 Middlewares\ST\STM32_USB_Device_Library\Core\Src\usbd_core.o
                0x08004766                USBD_SetClassConfig
 .text.USBD_ClrClassConfig
                0x0800477c        0xe Middlewares\ST\STM32_USB_Device_Library\Core\Src\usbd_core.o
                0x0800477c                USBD_ClrClassConfig
 .text.USBD_LL_SetupStage
                0x0800478a       0x5a Middlewares\ST\STM32_USB_Device_Library\Core\Src\usbd_core.o
                0x0800478a                USBD_LL_SetupStage
 .text.USBD_LL_DataOutStage
                0x080047e4       0x64 Middlewares\ST\STM32_USB_Device_Library\Core\Src\usbd_core.o
                0x080047e4                USBD_LL_DataOutStage
 .text.USBD_LL_DataInStage
                0x08004848       0x9e Middlewares\ST\STM32_USB_Device_Library\Core\Src\usbd_core.o
                0x08004848                USBD_LL_DataInStage
 .text.USBD_LL_Reset
                0x080048e6       0x3e Middlewares\ST\STM32_USB_Device_Library\Core\Src\usbd_core.o
                0x080048e6                USBD_LL_Reset
 .text.USBD_LL_SetSpeed
                0x08004924        0x6 Middlewares\ST\STM32_USB_Device_Library\Core\Src\usbd_core.o
                0x08004924                USBD_LL_SetSpeed
 .text.USBD_LL_Suspend
                0x0800492a       0x12 Middlewares\ST\STM32_USB_Device_Library\Core\Src\usbd_core.o
                0x0800492a                USBD_LL_Suspend
 .text.USBD_LL_Resume
                0x0800493c        0xc Middlewares\ST\STM32_USB_Device_Library\Core\Src\usbd_core.o
                0x0800493c                USBD_LL_Resume
 .text.USBD_LL_SOF
                0x08004948       0x18 Middlewares\ST\STM32_USB_Device_Library\Core\Src\usbd_core.o
                0x08004948                USBD_LL_SOF
 .text.USBD_LL_IsoINIncomplete
                0x08004960        0x4 Middlewares\ST\STM32_USB_Device_Library\Core\Src\usbd_core.o
                0x08004960                USBD_LL_IsoINIncomplete
 .text.USBD_LL_IsoOUTIncomplete
                0x08004964        0x4 Middlewares\ST\STM32_USB_Device_Library\Core\Src\usbd_core.o
                0x08004964                USBD_LL_IsoOUTIncomplete
 .text.USBD_LL_DevConnected
                0x08004968        0x4 Middlewares\ST\STM32_USB_Device_Library\Core\Src\usbd_core.o
                0x08004968                USBD_LL_DevConnected
 .text.USBD_LL_DevDisconnected
                0x0800496c       0x16 Middlewares\ST\STM32_USB_Device_Library\Core\Src\usbd_core.o
                0x0800496c                USBD_LL_DevDisconnected
 .text.USBD_CtlError.constprop.0
                0x08004982       0x16 Middlewares\ST\STM32_USB_Device_Library\Core\Src\usbd_ctlreq.o
 .text.USBD_StdDevReq
                0x08004998      0x1f4 Middlewares\ST\STM32_USB_Device_Library\Core\Src\usbd_ctlreq.o
                0x08004998                USBD_StdDevReq
 .text.USBD_StdItfReq
                0x08004b8c       0x30 Middlewares\ST\STM32_USB_Device_Library\Core\Src\usbd_ctlreq.o
                0x08004b8c                USBD_StdItfReq
 .text.USBD_StdEPReq
                0x08004bbc       0xc6 Middlewares\ST\STM32_USB_Device_Library\Core\Src\usbd_ctlreq.o
                0x08004bbc                USBD_StdEPReq
 .text.USBD_ParseSetupRequest
                0x08004c82       0x28 Middlewares\ST\STM32_USB_Device_Library\Core\Src\usbd_ctlreq.o
                0x08004c82                USBD_ParseSetupRequest
 .text.USBD_GetString
                0x08004caa       0x38 Middlewares\ST\STM32_USB_Device_Library\Core\Src\usbd_ctlreq.o
                0x08004caa                USBD_GetString
 .text.USBD_CtlSendData
                0x08004ce2       0x1a Middlewares\ST\STM32_USB_Device_Library\Core\Src\usbd_ioreq.o
                0x08004ce2                USBD_CtlSendData
 .text.USBD_CtlContinueSendData
                0x08004cfc       0x10 Middlewares\ST\STM32_USB_Device_Library\Core\Src\usbd_ioreq.o
                0x08004cfc                USBD_CtlContinueSendData
 .text.USBD_CtlPrepareRx
                0x08004d0c       0x1e Middlewares\ST\STM32_USB_Device_Library\Core\Src\usbd_ioreq.o
                0x08004d0c                USBD_CtlPrepareRx
 .text.USBD_CtlContinueRx
                0x08004d2a       0x10 Middlewares\ST\STM32_USB_Device_Library\Core\Src\usbd_ioreq.o
                0x08004d2a                USBD_CtlContinueRx
 .text.USBD_CtlSendStatus
                0x08004d3a       0x16 Middlewares\ST\STM32_USB_Device_Library\Core\Src\usbd_ioreq.o
                0x08004d3a                USBD_CtlSendStatus
 .text.USBD_CtlReceiveStatus
                0x08004d50       0x16 Middlewares\ST\STM32_USB_Device_Library\Core\Src\usbd_ioreq.o
                0x08004d50                USBD_CtlReceiveStatus
 .text.osKernelStart
                0x08004d66        0xa Middlewares\Third_Party\FreeRTOS\Source\CMSIS_RTOS\cmsis_os.o
                0x08004d66                osKernelStart
 .text.osThreadCreate
                0x08004d70       0x30 Middlewares\Third_Party\FreeRTOS\Source\CMSIS_RTOS\cmsis_os.o
                0x08004d70                osThreadCreate
 .text.osDelay  0x08004da0       0x10 Middlewares\Third_Party\FreeRTOS\Source\CMSIS_RTOS\cmsis_os.o
                0x08004da0                osDelay
 .text.osMessageCreate
                0x08004db0        0x8 Middlewares\Third_Party\FreeRTOS\Source\CMSIS_RTOS\cmsis_os.o
                0x08004db0                osMessageCreate
 .text.osMessagePut
                0x08004db8       0x50 Middlewares\Third_Party\FreeRTOS\Source\CMSIS_RTOS\cmsis_os.o
                0x08004db8                osMessagePut
 .text.osMessageGet
                0x08004e08       0x74 Middlewares\Third_Party\FreeRTOS\Source\CMSIS_RTOS\cmsis_os.o
                0x08004e08                osMessageGet
 .text.osSystickHandler
                0x08004e7c       0x14 Middlewares\Third_Party\FreeRTOS\Source\CMSIS_RTOS\cmsis_os.o
                0x08004e7c                osSystickHandler
 .text.vListInitialise
                0x08004e90       0x16 Middlewares\Third_Party\FreeRTOS\Source\list.o
                0x08004e90                vListInitialise
 .text.vListInitialiseItem
                0x08004ea6        0x6 Middlewares\Third_Party\FreeRTOS\Source\list.o
                0x08004ea6                vListInitialiseItem
 .text.vListInsertEnd
                0x08004eac       0x18 Middlewares\Third_Party\FreeRTOS\Source\list.o
                0x08004eac                vListInsertEnd
 .text.vListInsert
                0x08004ec4       0x2e Middlewares\Third_Party\FreeRTOS\Source\list.o
                0x08004ec4                vListInsert
 .text.uxListRemove
                0x08004ef2       0x20 Middlewares\Third_Party\FreeRTOS\Source\list.o
                0x08004ef2                uxListRemove
 *fill*         0x08004f12        0x2 
 .text.prvTaskExitError
                0x08004f14       0x30 Middlewares\Third_Party\FreeRTOS\Source\portable\GCC\ARM_CM4F\port.o
 .text.prvPortStartFirstTask
                0x08004f44       0x20 Middlewares\Third_Party\FreeRTOS\Source\portable\GCC\ARM_CM4F\port.o
 .text.vPortEnableVFP
                0x08004f64       0x14 Middlewares\Third_Party\FreeRTOS\Source\portable\GCC\ARM_CM4F\port.o
 .text.pxPortInitialiseStack
                0x08004f78       0x2c Middlewares\Third_Party\FreeRTOS\Source\portable\GCC\ARM_CM4F\port.o
                0x08004f78                pxPortInitialiseStack
 *fill*         0x08004fa4        0xc 
 .text.SVC_Handler
                0x08004fb0       0x24 Middlewares\Third_Party\FreeRTOS\Source\portable\GCC\ARM_CM4F\port.o
                0x08004fb0                SVC_Handler
 .text.vPortEnterCritical
                0x08004fd4       0x44 Middlewares\Third_Party\FreeRTOS\Source\portable\GCC\ARM_CM4F\port.o
                0x08004fd4                vPortEnterCritical
 .text.vPortExitCritical
                0x08005018       0x28 Middlewares\Third_Party\FreeRTOS\Source\portable\GCC\ARM_CM4F\port.o
                0x08005018                vPortExitCritical
 .text.PendSV_Handler
                0x08005040       0x64 Middlewares\Third_Party\FreeRTOS\Source\portable\GCC\ARM_CM4F\port.o
                0x08005040                PendSV_Handler
 .text.xPortSysTickHandler
                0x080050a4       0x2c Middlewares\Third_Party\FreeRTOS\Source\portable\GCC\ARM_CM4F\port.o
                0x080050a4                xPortSysTickHandler
 .text.vPortSetupTimerInterrupt
                0x080050d0       0x28 Middlewares\Third_Party\FreeRTOS\Source\portable\GCC\ARM_CM4F\port.o
                0x080050d0                vPortSetupTimerInterrupt
 .text.xPortStartScheduler
                0x080050f8       0xec Middlewares\Third_Party\FreeRTOS\Source\portable\GCC\ARM_CM4F\port.o
                0x080050f8                xPortStartScheduler
 .text.vPortValidateInterruptPriority
                0x080051e4       0x5c Middlewares\Third_Party\FreeRTOS\Source\portable\GCC\ARM_CM4F\port.o
                0x080051e4                vPortValidateInterruptPriority
 .text.unlikely.prvInsertBlockIntoFreeList
                0x08005240       0x48 Middlewares\Third_Party\FreeRTOS\Source\portable\MemMang\heap_4.o
 .text.pvPortMalloc
                0x08005288      0x11c Middlewares\Third_Party\FreeRTOS\Source\portable\MemMang\heap_4.o
                0x08005288                pvPortMalloc
 .text.vPortFree
                0x080053a4       0x70 Middlewares\Third_Party\FreeRTOS\Source\portable\MemMang\heap_4.o
                0x080053a4                vPortFree
 .text.unlikely.prvCopyDataToQueue
                0x08005414       0x66 Middlewares\Third_Party\FreeRTOS\Source\queue.o
 .text.unlikely.prvCopyDataFromQueue
                0x0800547a       0x2a Middlewares\Third_Party\FreeRTOS\Source\queue.o
 .text.prvUnlockQueue
                0x080054a4       0x70 Middlewares\Third_Party\FreeRTOS\Source\queue.o
 .text.xQueueGenericReset
                0x08005514       0x80 Middlewares\Third_Party\FreeRTOS\Source\queue.o
                0x08005514                xQueueGenericReset
 .text.xQueueGenericCreate
                0x08005594       0x42 Middlewares\Third_Party\FreeRTOS\Source\queue.o
                0x08005594                xQueueGenericCreate
 *fill*         0x080055d6        0x2 
 .text.xQueueGenericSend
                0x080055d8      0x16c Middlewares\Third_Party\FreeRTOS\Source\queue.o
                0x080055d8                xQueueGenericSend
 .text.xQueueGenericSendFromISR
                0x08005744       0xc4 Middlewares\Third_Party\FreeRTOS\Source\queue.o
                0x08005744                xQueueGenericSendFromISR
 .text.xQueueGenericReceive
                0x08005808      0x188 Middlewares\Third_Party\FreeRTOS\Source\queue.o
                0x08005808                xQueueGenericReceive
 .text.xQueueReceiveFromISR
                0x08005990       0xa0 Middlewares\Third_Party\FreeRTOS\Source\queue.o
                0x08005990                xQueueReceiveFromISR
 .text.prvResetNextTaskUnblockTime
                0x08005a30       0x24 Middlewares\Third_Party\FreeRTOS\Source\tasks.o
 .text.prvAddCurrentTaskToDelayedList
                0x08005a54       0x8c Middlewares\Third_Party\FreeRTOS\Source\tasks.o
 .text.vTaskSetTimeOutState.part.5
                0x08005ae0       0x12 Middlewares\Third_Party\FreeRTOS\Source\tasks.o
 *fill*         0x08005af2        0x2 
 .text.xTaskCreate
                0x08005af4      0x1a0 Middlewares\Third_Party\FreeRTOS\Source\tasks.o
                0x08005af4                xTaskCreate
 .text.vTaskStartScheduler
                0x08005c94       0x78 Middlewares\Third_Party\FreeRTOS\Source\tasks.o
                0x08005c94                vTaskStartScheduler
 .text.vTaskSuspendAll
                0x08005d0c       0x10 Middlewares\Third_Party\FreeRTOS\Source\tasks.o
                0x08005d0c                vTaskSuspendAll
 .text.xTaskIncrementTick
                0x08005d1c      0x124 Middlewares\Third_Party\FreeRTOS\Source\tasks.o
                0x08005d1c                xTaskIncrementTick
 .text.xTaskResumeAll
                0x08005e40       0xf0 Middlewares\Third_Party\FreeRTOS\Source\tasks.o
                0x08005e40                xTaskResumeAll
 .text.vTaskDelay
                0x08005f30       0x48 Middlewares\Third_Party\FreeRTOS\Source\tasks.o
                0x08005f30                vTaskDelay
 .text.prvIdleTask
                0x08005f78       0x74 Middlewares\Third_Party\FreeRTOS\Source\tasks.o
 .text.vTaskSwitchContext
                0x08005fec       0x74 Middlewares\Third_Party\FreeRTOS\Source\tasks.o
                0x08005fec                vTaskSwitchContext
 .text.vTaskPlaceOnEventList
                0x08006060       0x34 Middlewares\Third_Party\FreeRTOS\Source\tasks.o
                0x08006060                vTaskPlaceOnEventList
 .text.xTaskRemoveFromEventList
                0x08006094       0x84 Middlewares\Third_Party\FreeRTOS\Source\tasks.o
                0x08006094                xTaskRemoveFromEventList
 .text.vTaskSetTimeOutState
                0x08006118       0x20 Middlewares\Third_Party\FreeRTOS\Source\tasks.o
                0x08006118                vTaskSetTimeOutState
 .text.xTaskCheckForTimeOut
                0x08006138       0x74 Middlewares\Third_Party\FreeRTOS\Source\tasks.o
                0x08006138                xTaskCheckForTimeOut
 .text.vTaskMissedYield
                0x080061ac        0xc Middlewares\Third_Party\FreeRTOS\Source\tasks.o
                0x080061ac                vTaskMissedYield
 .text.xTaskGetSchedulerState
                0x080061b8       0x20 Middlewares\Third_Party\FreeRTOS\Source\tasks.o
                0x080061b8                xTaskGetSchedulerState
 .text.vTaskPriorityInherit
                0x080061d8       0x8c Middlewares\Third_Party\FreeRTOS\Source\tasks.o
                0x080061d8                vTaskPriorityInherit
 .text.xTaskPriorityDisinherit
                0x08006264       0xa0 Middlewares\Third_Party\FreeRTOS\Source\tasks.o
                0x08006264                xTaskPriorityDisinherit
 .text.pvTaskIncrementMutexHeldCount
                0x08006304       0x18 Middlewares\Third_Party\FreeRTOS\Source\tasks.o
                0x08006304                pvTaskIncrementMutexHeldCount
 .text.PID_SetTunings
                0x0800631c       0x7c Src\PID_v1.o
                0x0800631c                PID_SetTunings
 .text.PID_Initialize
                0x08006398       0x30 Src\PID_v1.o
                0x08006398                PID_Initialize
 .text.PID_SetMode
                0x080063c8       0x20 Src\PID_v1.o
                0x080063c8                PID_SetMode
 .text.PID_SetControllerDirection
                0x080063e8       0x3c Src\PID_v1.o
                0x080063e8                PID_SetControllerDirection
 .text.PID_init
                0x08006424       0x30 Src\PID_v1.o
                0x08006424                PID_init
 .text.MX_ADC1_Init
                0x08006454       0x68 Src\adc.o
                0x08006454                MX_ADC1_Init
 .text.HAL_ADC_MspInit
                0x080064bc       0x44 Src\adc.o
                0x080064bc                HAL_ADC_MspInit
 .text.StartDefaultTask
                0x08006500        0x8 Src\freertos.o
                0x08006500                StartDefaultTask
 .text.SetPoint
                0x08006508       0x40 Src\freertos.o
                0x08006508                SetPoint
 .text.peripheralPrintf
                0x08006548       0x32 Src\freertos.o
                0x08006548                peripheralPrintf
 *fill*         0x0800657a        0x2 
 .text.StartAccRead
                0x0800657c       0xb4 Src\freertos.o
                0x0800657c                StartAccRead
 .text.StartTempRead
                0x08006630       0x98 Src\freertos.o
                0x08006630                StartTempRead
 .text.MX_FREERTOS_Init
                0x080066c8      0x148 Src\freertos.o
                0x080066c8                MX_FREERTOS_Init
 .text.PID      0x08006810       0xd0 Src\freertos.o
                0x08006810                PID
 .text.StartPID
                0x080068e0       0x48 Src\freertos.o
                0x080068e0                StartPID
 .text.STD      0x08006928      0x124 Src\freertos.o
                0x08006928                STD
 .text.CalcSTD  0x08006a4c       0x34 Src\freertos.o
                0x08006a4c                CalcSTD
 .text.MX_GPIO_Init
                0x08006a80      0x148 Src\gpio.o
                0x08006a80                MX_GPIO_Init
 .text.MX_I2C1_Init
                0x08006bc8       0x48 Src\i2c.o
                0x08006bc8                MX_I2C1_Init
 .text.HAL_I2C_MspInit
                0x08006c10       0x54 Src\i2c.o
                0x08006c10                HAL_I2C_MspInit
 .text.HAL_I2C_MspDeInit
                0x08006c64       0x2c Src\i2c.o
                0x08006c64                HAL_I2C_MspDeInit
 .text.MX_I2S2_Init
                0x08006c90       0x48 Src\i2s.o
                0x08006c90                MX_I2S2_Init
 .text.MX_I2S3_Init
                0x08006cd8       0x44 Src\i2s.o
                0x08006cd8                MX_I2S3_Init
 .text.HAL_I2S_MspInit
                0x08006d1c       0xd0 Src\i2s.o
                0x08006d1c                HAL_I2S_MspInit
 .text.SystemClock_Config
                0x08006dec       0xc0 Src\main.o
                0x08006dec                SystemClock_Config
 .text.startup.main
                0x08006eac       0x30 Src\main.o
                0x08006eac                main
 .text.HAL_TIM_PeriodElapsedCallback
                0x08006edc       0x14 Src\main.o
                0x08006edc                HAL_TIM_PeriodElapsedCallback
 .text._Error_Handler
                0x08006ef0        0x2 Src\main.o
                0x08006ef0                _Error_Handler
 *fill*         0x08006ef2        0x2 
 .text.MX_SPI1_Init
                0x08006ef4       0x4c Src\spi.o
                0x08006ef4                MX_SPI1_Init
 .text.HAL_SPI_MspInit
                0x08006f40       0x4c Src\spi.o
                0x08006f40                HAL_SPI_MspInit
 .text.HAL_MspInit
                0x08006f8c       0x90 Src\stm32f4xx_hal_msp.o
                0x08006f8c                HAL_MspInit
 .text.HAL_InitTick
                0x0800701c       0x78 Src\stm32f4xx_hal_timebase_TIM.o
                0x0800701c                HAL_InitTick
 .text.NMI_Handler
                0x08007094        0x2 Src\stm32f4xx_it.o
                0x08007094                NMI_Handler
 .text.HardFault_Handler
                0x08007096        0x2 Src\stm32f4xx_it.o
                0x08007096                HardFault_Handler
 .text.MemManage_Handler
                0x08007098        0x2 Src\stm32f4xx_it.o
                0x08007098                MemManage_Handler
 .text.BusFault_Handler
                0x0800709a        0x2 Src\stm32f4xx_it.o
                0x0800709a                BusFault_Handler
 .text.UsageFault_Handler
                0x0800709c        0x2 Src\stm32f4xx_it.o
                0x0800709c                UsageFault_Handler
 .text.DebugMon_Handler
                0x0800709e        0x2 Src\stm32f4xx_it.o
                0x0800709e                DebugMon_Handler
 .text.SysTick_Handler
                0x080070a0        0x4 Src\stm32f4xx_it.o
                0x080070a0                SysTick_Handler
 .text.TIM1_UP_TIM10_IRQHandler
                0x080070a4        0xc Src\stm32f4xx_it.o
                0x080070a4                TIM1_UP_TIM10_IRQHandler
 .text.OTG_FS_IRQHandler
                0x080070b0        0xc Src\stm32f4xx_it.o
                0x080070b0                OTG_FS_IRQHandler
 .text.SystemInit
                0x080070bc       0x4c Src\system_stm32f4xx.o
                0x080070bc                SystemInit
 .text.HAL_TIM_PWM_MspInit
                0x08007108       0x30 Src\tim.o
                0x08007108                HAL_TIM_PWM_MspInit
 .text.HAL_TIM_MspPostInit
                0x08007138       0x30 Src\tim.o
                0x08007138                HAL_TIM_MspPostInit
 .text.MX_TIM3_Init
                0x08007168       0x6c Src\tim.o
                0x08007168                MX_TIM3_Init
 .text.MX_USB_DEVICE_Init
                0x080071d4       0x38 Src\usb_device.o
                0x080071d4                MX_USB_DEVICE_Init
 .text.CDC_DeInit_FS
                0x0800720c        0x4 Src\usbd_cdc_if.o
 .text.CDC_Receive_FS
                0x08007210       0xdc Src\usbd_cdc_if.o
 .text.CDC_Init_FS
                0x080072ec       0x28 Src\usbd_cdc_if.o
 .text.CDC_Control_FS
                0x08007314       0x48 Src\usbd_cdc_if.o
 .text.USB_Transmit
                0x0800735c       0x5c Src\usbd_cdc_if.o
                0x0800735c                USB_Transmit
 .text.USB_TransmitBuffer
                0x080073b8       0x70 Src\usbd_cdc_if.o
                0x080073b8                USB_TransmitBuffer
 .text.HAL_PCD_MspInit
                0x08007428       0x78 Src\usbd_conf.o
                0x08007428                HAL_PCD_MspInit
 .text.HAL_PCD_SetupStageCallback
                0x080074a0        0xc Src\usbd_conf.o
                0x080074a0                HAL_PCD_SetupStageCallback
 .text.HAL_PCD_DataOutStageCallback
                0x080074ac       0x12 Src\usbd_conf.o
                0x080074ac                HAL_PCD_DataOutStageCallback
 .text.HAL_PCD_DataInStageCallback
                0x080074be       0x10 Src\usbd_conf.o
                0x080074be                HAL_PCD_DataInStageCallback
 .text.HAL_PCD_SOFCallback
                0x080074ce        0x8 Src\usbd_conf.o
                0x080074ce                HAL_PCD_SOFCallback
 .text.HAL_PCD_ResetCallback
                0x080074d6       0x20 Src\usbd_conf.o
                0x080074d6                HAL_PCD_ResetCallback
 *fill*         0x080074f6        0x2 
 .text.HAL_PCD_SuspendCallback
                0x080074f8       0x30 Src\usbd_conf.o
                0x080074f8                HAL_PCD_SuspendCallback
 .text.HAL_PCD_ResumeCallback
                0x08007528        0x8 Src\usbd_conf.o
                0x08007528                HAL_PCD_ResumeCallback
 .text.HAL_PCD_ISOOUTIncompleteCallback
                0x08007530        0x8 Src\usbd_conf.o
                0x08007530                HAL_PCD_ISOOUTIncompleteCallback
 .text.HAL_PCD_ISOINIncompleteCallback
                0x08007538        0x8 Src\usbd_conf.o
                0x08007538                HAL_PCD_ISOINIncompleteCallback
 .text.HAL_PCD_ConnectCallback
                0x08007540        0x8 Src\usbd_conf.o
                0x08007540                HAL_PCD_ConnectCallback
 .text.HAL_PCD_DisconnectCallback
                0x08007548        0x8 Src\usbd_conf.o
                0x08007548                HAL_PCD_DisconnectCallback
 .text.USBD_LL_Init
                0x08007550       0x6c Src\usbd_conf.o
                0x08007550                USBD_LL_Init
 .text.USBD_LL_Start
                0x080075bc       0x1c Src\usbd_conf.o
                0x080075bc                USBD_LL_Start
 .text.USBD_LL_OpenEP
                0x080075d8       0x20 Src\usbd_conf.o
                0x080075d8                USBD_LL_OpenEP
 .text.USBD_LL_CloseEP
                0x080075f8       0x1c Src\usbd_conf.o
                0x080075f8                USBD_LL_CloseEP
 .text.USBD_LL_StallEP
                0x08007614       0x1c Src\usbd_conf.o
                0x08007614                USBD_LL_StallEP
 .text.USBD_LL_ClearStallEP
                0x08007630       0x1c Src\usbd_conf.o
                0x08007630                USBD_LL_ClearStallEP
 .text.USBD_LL_IsStallEP
                0x0800764c       0x26 Src\usbd_conf.o
                0x0800764c                USBD_LL_IsStallEP
 *fill*         0x08007672        0x2 
 .text.USBD_LL_SetUSBAddress
                0x08007674       0x1c Src\usbd_conf.o
                0x08007674                USBD_LL_SetUSBAddress
 .text.USBD_LL_Transmit
                0x08007690       0x1c Src\usbd_conf.o
                0x08007690                USBD_LL_Transmit
 .text.USBD_LL_PrepareReceive
                0x080076ac       0x1c Src\usbd_conf.o
                0x080076ac                USBD_LL_PrepareReceive
 .text.USBD_LL_GetRxDataSize
                0x080076c8        0xc Src\usbd_conf.o
                0x080076c8                USBD_LL_GetRxDataSize
 .text.USBD_FS_DeviceDescriptor
                0x080076d4        0xc Src\usbd_desc.o
                0x080076d4                USBD_FS_DeviceDescriptor
 .text.USBD_FS_LangIDStrDescriptor
                0x080076e0        0xc Src\usbd_desc.o
                0x080076e0                USBD_FS_LangIDStrDescriptor
 .text.USBD_FS_ManufacturerStrDescriptor
                0x080076ec       0x1c Src\usbd_desc.o
                0x080076ec                USBD_FS_ManufacturerStrDescriptor
 .text.USBD_FS_ProductStrDescriptor
                0x08007708       0x1c Src\usbd_desc.o
                0x08007708                USBD_FS_ProductStrDescriptor
 .text.USBD_FS_SerialStrDescriptor
                0x08007724       0x1c Src\usbd_desc.o
                0x08007724                USBD_FS_SerialStrDescriptor
 .text.USBD_FS_ConfigStrDescriptor
                0x08007740       0x1c Src\usbd_desc.o
                0x08007740                USBD_FS_ConfigStrDescriptor
 .text.USBD_FS_InterfaceStrDescriptor
                0x0800775c       0x1c Src\usbd_desc.o
                0x0800775c                USBD_FS_InterfaceStrDescriptor
 .text.Reset_Handler
                0x08007778       0x50 startup\startup_stm32f411xe.o
                0x08007778                Reset_Handler
 .text.Default_Handler
                0x080077c8        0x2 startup\startup_stm32f411xe.o
                0x080077c8                RTC_Alarm_IRQHandler
                0x080077c8                EXTI2_IRQHandler
                0x080077c8                SPI4_IRQHandler
                0x080077c8                TIM1_CC_IRQHandler
                0x080077c8                DMA2_Stream5_IRQHandler
                0x080077c8                DMA1_Stream5_IRQHandler
                0x080077c8                PVD_IRQHandler
                0x080077c8                SDIO_IRQHandler
                0x080077c8                TAMP_STAMP_IRQHandler
                0x080077c8                EXTI3_IRQHandler
                0x080077c8                I2C3_ER_IRQHandler
                0x080077c8                EXTI0_IRQHandler
                0x080077c8                I2C2_EV_IRQHandler
                0x080077c8                DMA1_Stream2_IRQHandler
                0x080077c8                FPU_IRQHandler
                0x080077c8                DMA2_Stream2_IRQHandler
                0x080077c8                SPI1_IRQHandler
                0x080077c8                TIM1_BRK_TIM9_IRQHandler
                0x080077c8                DMA2_Stream3_IRQHandler
                0x080077c8                USART6_IRQHandler
                0x080077c8                DMA2_Stream0_IRQHandler
                0x080077c8                TIM4_IRQHandler
                0x080077c8                I2C1_EV_IRQHandler
                0x080077c8                DMA1_Stream6_IRQHandler
                0x080077c8                DMA1_Stream1_IRQHandler
                0x080077c8                TIM3_IRQHandler
                0x080077c8                RCC_IRQHandler
                0x080077c8                Default_Handler
                0x080077c8                EXTI15_10_IRQHandler
                0x080077c8                ADC_IRQHandler
                0x080077c8                DMA1_Stream7_IRQHandler
                0x080077c8                SPI5_IRQHandler
                0x080077c8                TIM5_IRQHandler
                0x080077c8                DMA2_Stream7_IRQHandler
                0x080077c8                I2C3_EV_IRQHandler
                0x080077c8                EXTI9_5_IRQHandler
                0x080077c8                RTC_WKUP_IRQHandler
                0x080077c8                SPI2_IRQHandler
                0x080077c8                DMA1_Stream0_IRQHandler
                0x080077c8                EXTI4_IRQHandler
                0x080077c8                WWDG_IRQHandler
                0x080077c8                TIM2_IRQHandler
                0x080077c8                OTG_FS_WKUP_IRQHandler
                0x080077c8                TIM1_TRG_COM_TIM11_IRQHandler
                0x080077c8                EXTI1_IRQHandler
                0x080077c8                USART2_IRQHandler
                0x080077c8                I2C2_ER_IRQHandler
                0x080077c8                DMA2_Stream1_IRQHandler
                0x080077c8                FLASH_IRQHandler
                0x080077c8                DMA2_Stream4_IRQHandler
                0x080077c8                USART1_IRQHandler
                0x080077c8                SPI3_IRQHandler
                0x080077c8                DMA1_Stream4_IRQHandler
                0x080077c8                I2C1_ER_IRQHandler
                0x080077c8                DMA2_Stream6_IRQHandler
                0x080077c8                DMA1_Stream3_IRQHandler
 .text.atoi     0x080077ca        0x8 c:/program files (x86)/atollic/truestudio for stm32 9.0.1/armtools/bin/../lib/gcc/arm-atollic-eabi/6.3.1/../../../../arm-atollic-eabi/lib/armv7e-m/fpu\libc_nano.a(lib_a-atoi.o)
                0x080077ca                atoi
 *fill*         0x080077d2        0x2 
 .text.__libc_init_array
                0x080077d4       0x48 c:/program files (x86)/atollic/truestudio for stm32 9.0.1/armtools/bin/../lib/gcc/arm-atollic-eabi/6.3.1/../../../../arm-atollic-eabi/lib/armv7e-m/fpu\libc_nano.a(lib_a-init.o)
                0x080077d4                __libc_init_array
 .text.malloc   0x0800781c       0x10 c:/program files (x86)/atollic/truestudio for stm32 9.0.1/armtools/bin/../lib/gcc/arm-atollic-eabi/6.3.1/../../../../arm-atollic-eabi/lib/armv7e-m/fpu\libc_nano.a(lib_a-malloc.o)
                0x0800781c                malloc
 .text.free     0x0800782c       0x10 c:/program files (x86)/atollic/truestudio for stm32 9.0.1/armtools/bin/../lib/gcc/arm-atollic-eabi/6.3.1/../../../../arm-atollic-eabi/lib/armv7e-m/fpu\libc_nano.a(lib_a-malloc.o)
                0x0800782c                free
 .text.memcpy   0x0800783c       0x16 c:/program files (x86)/atollic/truestudio for stm32 9.0.1/armtools/bin/../lib/gcc/arm-atollic-eabi/6.3.1/../../../../arm-atollic-eabi/lib/armv7e-m/fpu\libc_nano.a(lib_a-memcpy-stub.o)
                0x0800783c                memcpy
 *fill*         0x08007852        0x2 
 .text._free_r  0x08007854       0x9c c:/program files (x86)/atollic/truestudio for stm32 9.0.1/armtools/bin/../lib/gcc/arm-atollic-eabi/6.3.1/../../../../arm-atollic-eabi/lib/armv7e-m/fpu\libc_nano.a(lib_a-nano-freer.o)
                0x08007854                _free_r
 .text._malloc_r
                0x080078f0       0xbc c:/program files (x86)/atollic/truestudio for stm32 9.0.1/armtools/bin/../lib/gcc/arm-atollic-eabi/6.3.1/../../../../arm-atollic-eabi/lib/armv7e-m/fpu\libc_nano.a(lib_a-nano-mallocr.o)
                0x080078f0                _malloc_r
 .text._sbrk_r  0x080079ac       0x20 c:/program files (x86)/atollic/truestudio for stm32 9.0.1/armtools/bin/../lib/gcc/arm-atollic-eabi/6.3.1/../../../../arm-atollic-eabi/lib/armv7e-m/fpu\libc_nano.a(lib_a-sbrkr.o)
                0x080079ac                _sbrk_r
 .text._strtol_l.isra.0
                0x080079cc      0x100 c:/program files (x86)/atollic/truestudio for stm32 9.0.1/armtools/bin/../lib/gcc/arm-atollic-eabi/6.3.1/../../../../arm-atollic-eabi/lib/armv7e-m/fpu\libc_nano.a(lib_a-strtol.o)
 .text.strtol   0x08007acc       0x2c c:/program files (x86)/atollic/truestudio for stm32 9.0.1/armtools/bin/../lib/gcc/arm-atollic-eabi/6.3.1/../../../../arm-atollic-eabi/lib/armv7e-m/fpu\libc_nano.a(lib_a-strtol.o)
                0x08007acc                strtol
 .text._vsprintf_r
                0x08007af8       0x30 c:/program files (x86)/atollic/truestudio for stm32 9.0.1/armtools/bin/../lib/gcc/arm-atollic-eabi/6.3.1/../../../../arm-atollic-eabi/lib/armv7e-m/fpu\libc_nano.a(lib_a-vsprintf.o)
                0x08007af8                _vsprintf_r
                0x08007af8                _vsiprintf_r
 .text.vsprintf
                0x08007b28       0x14 c:/program files (x86)/atollic/truestudio for stm32 9.0.1/armtools/bin/../lib/gcc/arm-atollic-eabi/6.3.1/../../../../arm-atollic-eabi/lib/armv7e-m/fpu\libc_nano.a(lib_a-vsprintf.o)
                0x08007b28                vsiprintf
                0x08007b28                vsprintf
 .text.__locale_ctype_ptr_l
                0x08007b3c        0x6 c:/program files (x86)/atollic/truestudio for stm32 9.0.1/armtools/bin/../lib/gcc/arm-atollic-eabi/6.3.1/../../../../arm-atollic-eabi/lib/armv7e-m/fpu\libc_nano.a(lib_a-locale.o)
                0x08007b3c                __locale_ctype_ptr_l
 .text.__ascii_mbtowc
                0x08007b42       0x24 c:/program files (x86)/atollic/truestudio for stm32 9.0.1/armtools/bin/../lib/gcc/arm-atollic-eabi/6.3.1/../../../../arm-atollic-eabi/lib/armv7e-m/fpu\libc_nano.a(lib_a-mbtowc_r.o)
                0x08007b42                __ascii_mbtowc
 .text.__malloc_lock
                0x08007b66        0x2 c:/program files (x86)/atollic/truestudio for stm32 9.0.1/armtools/bin/../lib/gcc/arm-atollic-eabi/6.3.1/../../../../arm-atollic-eabi/lib/armv7e-m/fpu\libc_nano.a(lib_a-mlock.o)
                0x08007b66                __malloc_lock
 .text.__malloc_unlock
                0x08007b68        0x2 c:/program files (x86)/atollic/truestudio for stm32 9.0.1/armtools/bin/../lib/gcc/arm-atollic-eabi/6.3.1/../../../../arm-atollic-eabi/lib/armv7e-m/fpu\libc_nano.a(lib_a-mlock.o)
                0x08007b68                __malloc_unlock
 .text.__ssputs_r
                0x08007b6a       0xb6 c:/program files (x86)/atollic/truestudio for stm32 9.0.1/armtools/bin/../lib/gcc/arm-atollic-eabi/6.3.1/../../../../arm-atollic-eabi/lib/armv7e-m/fpu\libc_nano.a(lib_a-nano-svfprintf.o)
                0x08007b6a                __ssputs_r
 .text._svfprintf_r
                0x08007c20      0x1e8 c:/program files (x86)/atollic/truestudio for stm32 9.0.1/armtools/bin/../lib/gcc/arm-atollic-eabi/6.3.1/../../../../arm-atollic-eabi/lib/armv7e-m/fpu\libc_nano.a(lib_a-nano-svfprintf.o)
                0x08007c20                _svfiprintf_r
                0x08007c20                _svfprintf_r
 .text._printf_common
                0x08007e08       0xec c:/program files (x86)/atollic/truestudio for stm32 9.0.1/armtools/bin/../lib/gcc/arm-atollic-eabi/6.3.1/../../../../arm-atollic-eabi/lib/armv7e-m/fpu\libc_nano.a(lib_a-nano-vfprintf_i.o)
                0x08007e08                _printf_common
 .text._printf_i
                0x08007ef4      0x240 c:/program files (x86)/atollic/truestudio for stm32 9.0.1/armtools/bin/../lib/gcc/arm-atollic-eabi/6.3.1/../../../../arm-atollic-eabi/lib/armv7e-m/fpu\libc_nano.a(lib_a-nano-vfprintf_i.o)
                0x08007ef4                _printf_i
 .text.__ascii_wctomb
                0x08008134       0x1a c:/program files (x86)/atollic/truestudio for stm32 9.0.1/armtools/bin/../lib/gcc/arm-atollic-eabi/6.3.1/../../../../arm-atollic-eabi/lib/armv7e-m/fpu\libc_nano.a(lib_a-wctomb_r.o)
                0x08008134                __ascii_wctomb
 .text.memmove  0x0800814e       0x34 c:/program files (x86)/atollic/truestudio for stm32 9.0.1/armtools/bin/../lib/gcc/arm-atollic-eabi/6.3.1/../../../../arm-atollic-eabi/lib/armv7e-m/fpu\libc_nano.a(lib_a-memmove.o)
                0x0800814e                memmove
 .text._realloc_r
                0x08008182       0x4c c:/program files (x86)/atollic/truestudio for stm32 9.0.1/armtools/bin/../lib/gcc/arm-atollic-eabi/6.3.1/../../../../arm-atollic-eabi/lib/armv7e-m/fpu\libc_nano.a(lib_a-nano-reallocr.o)
                0x08008182                _realloc_r
 .text._malloc_usable_size_r
                0x080081ce       0x12 c:/program files (x86)/atollic/truestudio for stm32 9.0.1/armtools/bin/../lib/gcc/arm-atollic-eabi/6.3.1/../../../../arm-atollic-eabi/lib/armv7e-m/fpu\libc_nano.a(lib_a-nano-msizer.o)
                0x080081ce                _malloc_usable_size_r
 .text.sqrt     0x080081e0       0xb4 c:/program files (x86)/atollic/truestudio for stm32 9.0.1/armtools/bin/../lib/gcc/arm-atollic-eabi/6.3.1/../../../../arm-atollic-eabi/lib/armv7e-m/fpu\libm.a(lib_a-w_sqrt.o)
                0x080081e0                sqrt
 .text.__ieee754_sqrt
                0x08008294      0x160 c:/program files (x86)/atollic/truestudio for stm32 9.0.1/armtools/bin/../lib/gcc/arm-atollic-eabi/6.3.1/../../../../arm-atollic-eabi/lib/armv7e-m/fpu\libm.a(lib_a-e_sqrt.o)
                0x08008294                __ieee754_sqrt
 .text.matherr  0x080083f4        0x4 c:/program files (x86)/atollic/truestudio for stm32 9.0.1/armtools/bin/../lib/gcc/arm-atollic-eabi/6.3.1/../../../../arm-atollic-eabi/lib/armv7e-m/fpu\libm.a(lib_a-s_matherr.o)
                0x080083f4                matherr
 .text.__errno  0x080083f8        0xc c:/program files (x86)/atollic/truestudio for stm32 9.0.1/armtools/bin/../lib/gcc/arm-atollic-eabi/6.3.1/../../../../arm-atollic-eabi/lib/armv7e-m/fpu\libc_nano.a(lib_a-errno.o)
                0x080083f8                __errno
 .text._sbrk    0x08008404       0x1c c:/program files (x86)/atollic/truestudio for stm32 9.0.1/armtools/bin/../lib/gcc/arm-atollic-eabi/6.3.1/../../../../arm-atollic-eabi/lib/armv7e-m/fpu\libnosys.a(sbrk.o)
                0x08008404                _sbrk
 *(.glue_7)
 .glue_7        0x08008420        0x0 linker stubs
 *(.glue_7t)
 .glue_7t       0x08008420        0x0 linker stubs
 *(.eh_frame)
 .eh_frame      0x08008420        0x0 c:/program files (x86)/atollic/truestudio for stm32 9.0.1/armtools/bin/../lib/gcc/arm-atollic-eabi/6.3.1/armv7e-m/fpu/crtbegin.o
 *(.init)
 .init          0x08008420        0x4 c:/program files (x86)/atollic/truestudio for stm32 9.0.1/armtools/bin/../lib/gcc/arm-atollic-eabi/6.3.1/armv7e-m/fpu/crti.o
                0x08008420                _init
 .init          0x08008424        0x8 c:/program files (x86)/atollic/truestudio for stm32 9.0.1/armtools/bin/../lib/gcc/arm-atollic-eabi/6.3.1/armv7e-m/fpu/crtn.o
 *(.fini)
 .fini          0x0800842c        0x4 c:/program files (x86)/atollic/truestudio for stm32 9.0.1/armtools/bin/../lib/gcc/arm-atollic-eabi/6.3.1/armv7e-m/fpu/crti.o
                0x0800842c                _fini
 .fini          0x08008430        0x8 c:/program files (x86)/atollic/truestudio for stm32 9.0.1/armtools/bin/../lib/gcc/arm-atollic-eabi/6.3.1/armv7e-m/fpu/crtn.o
                0x08008438                . = ALIGN (0x4)
                0x08008438                _etext = .

.vfp11_veneer   0x08008438        0x0
 .vfp11_veneer  0x08008438        0x0 linker stubs

.v4_bx          0x08008438        0x0
 .v4_bx         0x08008438        0x0 linker stubs

.iplt           0x08008438        0x0
 .iplt          0x08008438        0x0 c:/program files (x86)/atollic/truestudio for stm32 9.0.1/armtools/bin/../lib/gcc/arm-atollic-eabi/6.3.1/armv7e-m/fpu/crtbegin.o

.rodata         0x08008438      0x2e8
                0x08008438                . = ALIGN (0x4)
 *(.rodata)
 .rodata        0x08008438       0x80 Src\freertos.o
 *(.rodata*)
 .rodata.vTaskStartScheduler.str1.1
                0x080084b8        0x5 Middlewares\Third_Party\FreeRTOS\Source\tasks.o
 .rodata.MX_ADC1_Init.str1.1
                0x080084bd        0xd Src\adc.o
 .rodata.STD.str1.1
                0x080084ca        0xe Src\freertos.o
 .rodata.StartAccRead.str1.1
                0x080084d8       0x11 Src\freertos.o
 .rodata.StartTempRead.str1.1
                0x080084e9        0x9 Src\freertos.o
 .rodata.str1.1
                0x080084f2       0x39 Src\freertos.o
 .rodata.MX_I2C1_Init.str1.1
                0x0800852b        0xd Src\i2c.o
 .rodata.MX_I2S2_Init.str1.1
                0x08008538        0xd Src\i2s.o
 .rodata.MX_SPI1_Init.str1.1
                0x08008545        0xd Src\spi.o
 .rodata.AHBPrescTable
                0x08008552       0x10 Src\system_stm32f4xx.o
                0x08008552                AHBPrescTable
 .rodata.APBPrescTable
                0x08008562        0x8 Src\system_stm32f4xx.o
                0x08008562                APBPrescTable
 .rodata.MX_TIM3_Init.str1.1
                0x0800856a        0xd Src\tim.o
 .rodata.CSWTCH.39
                0x08008577        0x4 Src\usbd_conf.o
 .rodata.USBD_LL_Init.str1.1
                0x0800857b       0x13 Src\usbd_conf.o
 .rodata.USBD_FS_ConfigStrDescriptor.str1.1
                0x0800858e        0xb Src\usbd_desc.o
 .rodata.USBD_FS_InterfaceStrDescriptor.str1.1
                0x08008599        0xe Src\usbd_desc.o
 .rodata.USBD_FS_ManufacturerStrDescriptor.str1.1
                0x080085a7       0x13 Src\usbd_desc.o
 .rodata.USBD_FS_ProductStrDescriptor.str1.1
                0x080085ba       0x16 Src\usbd_desc.o
 .rodata.USBD_FS_SerialStrDescriptor.str1.1
                0x080085d0        0xd Src\usbd_desc.o
 .rodata._setlocale_r.str1.1
                0x080085dd        0x8 c:/program files (x86)/atollic/truestudio for stm32 9.0.1/armtools/bin/../lib/gcc/arm-atollic-eabi/6.3.1/../../../../arm-atollic-eabi/lib/armv7e-m/fpu\libc_nano.a(lib_a-locale.o)
                                  0x9 (size before relaxing)
 .rodata.str1.1
                0x080085e5        0x2 c:/program files (x86)/atollic/truestudio for stm32 9.0.1/armtools/bin/../lib/gcc/arm-atollic-eabi/6.3.1/../../../../arm-atollic-eabi/lib/armv7e-m/fpu\libc_nano.a(lib_a-locale.o)
 .rodata._svfprintf_r.str1.1
                0x080085e7       0x11 c:/program files (x86)/atollic/truestudio for stm32 9.0.1/armtools/bin/../lib/gcc/arm-atollic-eabi/6.3.1/../../../../arm-atollic-eabi/lib/armv7e-m/fpu\libc_nano.a(lib_a-nano-svfprintf.o)
 .rodata._printf_i.str1.1
                0x080085f8       0x22 c:/program files (x86)/atollic/truestudio for stm32 9.0.1/armtools/bin/../lib/gcc/arm-atollic-eabi/6.3.1/../../../../arm-atollic-eabi/lib/armv7e-m/fpu\libc_nano.a(lib_a-nano-vfprintf_i.o)
 .rodata._ctype_
                0x0800861a      0x101 c:/program files (x86)/atollic/truestudio for stm32 9.0.1/armtools/bin/../lib/gcc/arm-atollic-eabi/6.3.1/../../../../arm-atollic-eabi/lib/armv7e-m/fpu\libc_nano.a(lib_a-ctype_.o)
                0x0800861a                _ctype_
 .rodata.sqrt.str1.1
                0x0800871b        0x5 c:/program files (x86)/atollic/truestudio for stm32 9.0.1/armtools/bin/../lib/gcc/arm-atollic-eabi/6.3.1/../../../../arm-atollic-eabi/lib/armv7e-m/fpu\libm.a(lib_a-w_sqrt.o)
                0x08008720                . = ALIGN (0x4)

.ARM.extab
 *(.ARM.extab* .gnu.linkonce.armextab.*)

.ARM            0x08008720        0x8
                0x08008720                __exidx_start = .
 *(.ARM.exidx*)
 .ARM.exidx     0x08008720        0x8 c:/program files (x86)/atollic/truestudio for stm32 9.0.1/armtools/bin/../lib/gcc/arm-atollic-eabi/6.3.1/armv7e-m/fpu\libgcc.a(_udivmoddi4.o)
                0x08008728                __exidx_end = .

.rel.dyn        0x08008728        0x0
 .rel.iplt      0x08008728        0x0 c:/program files (x86)/atollic/truestudio for stm32 9.0.1/armtools/bin/../lib/gcc/arm-atollic-eabi/6.3.1/armv7e-m/fpu/crtbegin.o

.preinit_array  0x08008728        0x0
                0x08008728                PROVIDE (__preinit_array_start, .)
 *(.preinit_array*)
                0x08008728                PROVIDE (__preinit_array_end, .)

.init_array     0x08008728        0x4
                0x08008728                PROVIDE (__init_array_start, .)
 *(SORT(.init_array.*))
 *(.init_array*)
 .init_array    0x08008728        0x4 c:/program files (x86)/atollic/truestudio for stm32 9.0.1/armtools/bin/../lib/gcc/arm-atollic-eabi/6.3.1/armv7e-m/fpu/crtbegin.o
                0x0800872c                PROVIDE (__init_array_end, .)

.fini_array     0x0800872c        0x4
                [!provide]                PROVIDE (__fini_array_start, .)
 *(SORT(.fini_array.*))
 *(.fini_array*)
 .fini_array    0x0800872c        0x4 c:/program files (x86)/atollic/truestudio for stm32 9.0.1/armtools/bin/../lib/gcc/arm-atollic-eabi/6.3.1/armv7e-m/fpu/crtbegin.o
                [!provide]                PROVIDE (__fini_array_end, .)
                0x08008730                _sidata = LOADADDR (.data)

.data           0x20000000      0x380 load address 0x08008730
                0x20000000                . = ALIGN (0x4)
                0x20000000                _sdata = .
 *(.data)
 *(.data*)
 .data.Lsm303dlhcDrv
                0x20000000       0x34 Drivers\BSP\Components\lsm303dlhc\lsm303dlhc.o
                0x20000000                Lsm303dlhcDrv
 .data.I2cxTimeout
                0x20000034        0x4 Drivers\BSP\STM32F411E-Discovery\stm32f411e_discovery.o
                0x20000034                I2cxTimeout
 .data.uwTickFreq
                0x20000038        0x1 Drivers\STM32F4xx_HAL_Driver\Src\stm32f4xx_hal.o
                0x20000038                uwTickFreq
 *fill*         0x20000039        0x3 
 .data.USBD_CDC
                0x2000003c       0x38 Middlewares\ST\STM32_USB_Device_Library\Class\CDC\Src\usbd_cdc.o
                0x2000003c                USBD_CDC
 .data.USBD_CDC_CfgFSDesc
                0x20000074       0x43 Middlewares\ST\STM32_USB_Device_Library\Class\CDC\Src\usbd_cdc.o
                0x20000074                USBD_CDC_CfgFSDesc
 *fill*         0x200000b7        0x1 
 .data.USBD_CDC_CfgHSDesc
                0x200000b8       0x43 Middlewares\ST\STM32_USB_Device_Library\Class\CDC\Src\usbd_cdc.o
                0x200000b8                USBD_CDC_CfgHSDesc
 *fill*         0x200000fb        0x1 
 .data.USBD_CDC_DeviceQualifierDesc
                0x200000fc        0xa Middlewares\ST\STM32_USB_Device_Library\Class\CDC\Src\usbd_cdc.o
 *fill*         0x20000106        0x2 
 .data.USBD_CDC_OtherSpeedCfgDesc
                0x20000108       0x43 Middlewares\ST\STM32_USB_Device_Library\Class\CDC\Src\usbd_cdc.o
                0x20000108                USBD_CDC_OtherSpeedCfgDesc
 *fill*         0x2000014b        0x1 
 .data.uxCriticalNesting
                0x2000014c        0x4 Middlewares\Third_Party\FreeRTOS\Source\portable\GCC\ARM_CM4F\port.o
 .data.Kd       0x20000150        0x4 Src\freertos.o
                0x20000150                Kd
 .data.Ki       0x20000154        0x4 Src\freertos.o
                0x20000154                Ki
 .data.Kp       0x20000158        0x4 Src\freertos.o
                0x20000158                Kp
 .data.SystemCoreClock
                0x2000015c        0x4 Src\system_stm32f4xx.o
                0x2000015c                SystemCoreClock
 .data.LineCoding
                0x20000160        0x8 Src\usbd_cdc_if.o
                0x20000160                LineCoding
 .data.USBD_Interface_fops_FS
                0x20000168       0x10 Src\usbd_cdc_if.o
                0x20000168                USBD_Interface_fops_FS
 .data.FS_Desc  0x20000178       0x1c Src\usbd_desc.o
                0x20000178                FS_Desc
 .data.USBD_FS_DeviceDesc
                0x20000194       0x12 Src\usbd_desc.o
                0x20000194                USBD_FS_DeviceDesc
 *fill*         0x200001a6        0x2 
 .data.USBD_LangIDDesc
                0x200001a8        0x4 Src\usbd_desc.o
                0x200001a8                USBD_LangIDDesc
 .data._impure_ptr
                0x200001ac        0x4 c:/program files (x86)/atollic/truestudio for stm32 9.0.1/armtools/bin/../lib/gcc/arm-atollic-eabi/6.3.1/../../../../arm-atollic-eabi/lib/armv7e-m/fpu\libc_nano.a(lib_a-impure.o)
                0x200001ac                _impure_ptr
 .data.impure_data
                0x200001b0       0x60 c:/program files (x86)/atollic/truestudio for stm32 9.0.1/armtools/bin/../lib/gcc/arm-atollic-eabi/6.3.1/../../../../arm-atollic-eabi/lib/armv7e-m/fpu\libc_nano.a(lib_a-impure.o)
 .data.__global_locale
                0x20000210      0x16c c:/program files (x86)/atollic/truestudio for stm32 9.0.1/armtools/bin/../lib/gcc/arm-atollic-eabi/6.3.1/../../../../arm-atollic-eabi/lib/armv7e-m/fpu\libc_nano.a(lib_a-locale.o)
                0x20000210                __global_locale
 .data.__fdlib_version
                0x2000037c        0x1 c:/program files (x86)/atollic/truestudio for stm32 9.0.1/armtools/bin/../lib/gcc/arm-atollic-eabi/6.3.1/../../../../arm-atollic-eabi/lib/armv7e-m/fpu\libm.a(lib_a-s_lib_ver.o)
                0x2000037c                __fdlib_version
                0x20000380                . = ALIGN (0x4)
 *fill*         0x2000037d        0x3 
                0x20000380                _edata = .

.igot.plt       0x20000380        0x0 load address 0x08008ab0
 .igot.plt      0x20000380        0x0 c:/program files (x86)/atollic/truestudio for stm32 9.0.1/armtools/bin/../lib/gcc/arm-atollic-eabi/6.3.1/armv7e-m/fpu/crtbegin.o
                0x20000380                . = ALIGN (0x4)

.bss            0x20000380     0x49e0 load address 0x08008ab0
                0x20000380                _sbss = .
                0x20000380                __bss_start__ = _sbss
 *(.bss)
 .bss           0x20000380       0x1c c:/program files (x86)/atollic/truestudio for stm32 9.0.1/armtools/bin/../lib/gcc/arm-atollic-eabi/6.3.1/armv7e-m/fpu/crtbegin.o
 *(.bss*)
 .bss.I2cHandle
                0x2000039c       0x54 Drivers\BSP\STM32F411E-Discovery\stm32f411e_discovery.o
 .bss.AccelerometerDrv
                0x200003f0        0x4 Drivers\BSP\STM32F411E-Discovery\stm32f411e_discovery_accelerometer.o
 .bss.ifalt.10262
                0x200003f4        0x1 Middlewares\ST\STM32_USB_Device_Library\Class\CDC\Src\usbd_cdc.o
 .bss.cfgidx.10267
                0x200003f5        0x1 Middlewares\ST\STM32_USB_Device_Library\Core\Src\usbd_ctlreq.o
 .bss.ucMaxSysCallPriority
                0x200003f6        0x1 Middlewares\Third_Party\FreeRTOS\Source\portable\GCC\ARM_CM4F\port.o
 *fill*         0x200003f7        0x1 
 .bss.ulMaxPRIGROUPValue
                0x200003f8        0x4 Middlewares\Third_Party\FreeRTOS\Source\portable\GCC\ARM_CM4F\port.o
 .bss.pxEnd     0x200003fc        0x4 Middlewares\Third_Party\FreeRTOS\Source\portable\MemMang\heap_4.o
 .bss.ucHeap    0x20000400     0x3c00 Middlewares\Third_Party\FreeRTOS\Source\portable\MemMang\heap_4.o
 .bss.xBlockAllocatedBit
                0x20004000        0x4 Middlewares\Third_Party\FreeRTOS\Source\portable\MemMang\heap_4.o
 .bss.xFreeBytesRemaining
                0x20004004        0x4 Middlewares\Third_Party\FreeRTOS\Source\portable\MemMang\heap_4.o
 .bss.xMinimumEverFreeBytesRemaining
                0x20004008        0x4 Middlewares\Third_Party\FreeRTOS\Source\portable\MemMang\heap_4.o
 .bss.xStart    0x2000400c        0x8 Middlewares\Third_Party\FreeRTOS\Source\portable\MemMang\heap_4.o
 .bss.pxCurrentTCB
                0x20004014        0x4 Middlewares\Third_Party\FreeRTOS\Source\tasks.o
                0x20004014                pxCurrentTCB
 .bss.pxDelayedTaskList
                0x20004018        0x4 Middlewares\Third_Party\FreeRTOS\Source\tasks.o
 .bss.pxOverflowDelayedTaskList
                0x2000401c        0x4 Middlewares\Third_Party\FreeRTOS\Source\tasks.o
 .bss.pxReadyTasksLists
                0x20004020       0x8c Middlewares\Third_Party\FreeRTOS\Source\tasks.o
 .bss.uxCurrentNumberOfTasks
                0x200040ac        0x4 Middlewares\Third_Party\FreeRTOS\Source\tasks.o
 .bss.uxDeletedTasksWaitingCleanUp
                0x200040b0        0x4 Middlewares\Third_Party\FreeRTOS\Source\tasks.o
 .bss.uxPendedTicks
                0x200040b4        0x4 Middlewares\Third_Party\FreeRTOS\Source\tasks.o
 .bss.uxSchedulerSuspended
                0x200040b8        0x4 Middlewares\Third_Party\FreeRTOS\Source\tasks.o
 .bss.uxTaskNumber
                0x200040bc        0x4 Middlewares\Third_Party\FreeRTOS\Source\tasks.o
 .bss.uxTopReadyPriority
                0x200040c0        0x4 Middlewares\Third_Party\FreeRTOS\Source\tasks.o
 .bss.xDelayedTaskList1
                0x200040c4       0x14 Middlewares\Third_Party\FreeRTOS\Source\tasks.o
 .bss.xDelayedTaskList2
                0x200040d8       0x14 Middlewares\Third_Party\FreeRTOS\Source\tasks.o
 .bss.xIdleTaskHandle
                0x200040ec        0x4 Middlewares\Third_Party\FreeRTOS\Source\tasks.o
 .bss.xNextTaskUnblockTime
                0x200040f0        0x4 Middlewares\Third_Party\FreeRTOS\Source\tasks.o
 .bss.xNumOfOverflows
                0x200040f4        0x4 Middlewares\Third_Party\FreeRTOS\Source\tasks.o
 .bss.xPendingReadyList
                0x200040f8       0x14 Middlewares\Third_Party\FreeRTOS\Source\tasks.o
 .bss.xSchedulerRunning
                0x2000410c        0x4 Middlewares\Third_Party\FreeRTOS\Source\tasks.o
 .bss.xSuspendedTaskList
                0x20004110       0x14 Middlewares\Third_Party\FreeRTOS\Source\tasks.o
 .bss.xTasksWaitingTermination
                0x20004124       0x14 Middlewares\Third_Party\FreeRTOS\Source\tasks.o
 .bss.xTickCount
                0x20004138        0x4 Middlewares\Third_Party\FreeRTOS\Source\tasks.o
 .bss.xYieldPending
                0x2000413c        0x4 Middlewares\Third_Party\FreeRTOS\Source\tasks.o
 .bss.ValueLM35
                0x20004140        0x1 Src\freertos.o
                0x20004140                ValueLM35
 .bss.derivativo
                0x20004141        0x1 Src\freertos.o
                0x20004141                derivativo
 .bss.getValueADC
                0x20004142        0x1 Src\freertos.o
                0x20004142                getValueADC
 .bss.integral  0x20004143        0x1 Src\freertos.o
                0x20004143                integral
 .bss.last_erro
                0x20004144        0x1 Src\freertos.o
                0x20004144                last_erro
 .bss.proporcional
                0x20004145        0x1 Src\freertos.o
                0x20004145                proporcional
 .bss.setpoint  0x20004146        0x1 Src\freertos.o
                0x20004146                setpoint
 *fill*         0x20004147        0x1 
 .bss.sumX      0x20004148        0x4 Src\freertos.o
                0x20004148                sumX
 .bss.sumY      0x2000414c        0x4 Src\freertos.o
                0x2000414c                sumY
 .bss.sumZ      0x20004150        0x4 Src\freertos.o
                0x20004150                sumZ
 .bss.LenData   0x20004154        0x1 Src\usbd_cdc_if.o
                0x20004154                LenData
 *fill*         0x20004155        0x3 
 .bss.bytes_sent
                0x20004158        0x4 Src\usbd_cdc_if.o
                0x20004158                bytes_sent
 .bss.bytes_written
                0x2000415c        0x4 Src\usbd_cdc_if.o
                0x2000415c                bytes_written
 .bss.last_string_start_pos
                0x20004160        0x4 Src\usbd_cdc_if.o
                0x20004160                last_string_start_pos
 .bss.receive_total
                0x20004164        0x4 Src\usbd_cdc_if.o
                0x20004164                receive_total
 .bss.usb_bytes_received
                0x20004168        0x4 Src\usbd_cdc_if.o
                0x20004168                usb_bytes_received
 .bss.usb_rxbuffer_overflow
                0x2000416c        0x1 Src\usbd_cdc_if.o
                0x2000416c                usb_rxbuffer_overflow
 *fill*         0x2000416d        0x3 
 .bss.__malloc_free_list
                0x20004170        0x4 c:/program files (x86)/atollic/truestudio for stm32 9.0.1/armtools/bin/../lib/gcc/arm-atollic-eabi/6.3.1/../../../../arm-atollic-eabi/lib/armv7e-m/fpu\libc_nano.a(lib_a-nano-mallocr.o)
                0x20004170                __malloc_free_list
 .bss.__malloc_sbrk_start
                0x20004174        0x4 c:/program files (x86)/atollic/truestudio for stm32 9.0.1/armtools/bin/../lib/gcc/arm-atollic-eabi/6.3.1/../../../../arm-atollic-eabi/lib/armv7e-m/fpu\libc_nano.a(lib_a-nano-mallocr.o)
                0x20004174                __malloc_sbrk_start
 .bss.heap_end.5239
                0x20004178        0x4 c:/program files (x86)/atollic/truestudio for stm32 9.0.1/armtools/bin/../lib/gcc/arm-atollic-eabi/6.3.1/../../../../arm-atollic-eabi/lib/armv7e-m/fpu\libnosys.a(sbrk.o)
 *(COMMON)
 COMMON         0x2000417c        0x4 Drivers\STM32F4xx_HAL_Driver\Src\stm32f4xx_hal.o
                0x2000417c                uwTick
 COMMON         0x20004180       0x48 Src\adc.o